
 Start         Length     Name                   Class
 0001:00000000 0004CBC4H .text                   CODE
 0002:00000000 0000112CH .data                   DATA
 0002:0000112C 00000BD9H .bss                    BSS


Detailed map of segments

 0001:00000000 00004B03 C=CODE     S=.text    G=(none)   M=System   ACBP=A9
 0001:00004B04 00000140 C=CODE     S=.text    G=(none)   M=SysInit  ACBP=A9
 0001:00004C44 00000078 C=CODE     S=.text    G=(none)   M=Types    ACBP=A9
 0001:00004CBC 00000BF4 C=CODE     S=.text    G=(none)   M=Windows  ACBP=A9
 0001:000058B0 00000038 C=CODE     S=.text    G=(none)   M=Messages ACBP=A9
 0001:000058E8 00000310 C=CODE     S=.text    G=(none)   M=SysConst ACBP=A9
 0001:00005BF8 00006378 C=CODE     S=.text    G=(none)   M=SysUtils ACBP=A9
 0001:0000BF70 000007FB C=CODE     S=.text    G=(none)   M=VarUtils ACBP=A9
 0001:0000C76C 00002A42 C=CODE     S=.text    G=(none)   M=Variants ACBP=A9
 0001:0000F1B0 00000120 C=CODE     S=.text    G=(none)   M=RTLConsts ACBP=A9
 0001:0000F2D0 000007E8 C=CODE     S=.text    G=(none)   M=TypInfo  ACBP=A9
 0001:0000FAB8 00000038 C=CODE     S=.text    G=(none)   M=ActiveX  ACBP=A9
 0001:0000FAF0 0000973E C=CODE     S=.text    G=(none)   M=Classes  ACBP=A9
 0001:00019230 00000290 C=CODE     S=.text    G=(none)   M=Consts   ACBP=A9
 0001:000194C0 00007283 C=CODE     S=.text    G=(none)   M=Graphics ACBP=A9
 0001:00020744 00000048 C=CODE     S=.text    G=(none)   M=Math     ACBP=A9
 0001:0002078C 000002B8 C=CODE     S=.text    G=(none)   M=Contnrs  ACBP=A9
 0001:00020A44 000000F4 C=CODE     S=.text    G=(none)   M=CommCtrl ACBP=A9
 0001:00020B38 00000787 C=CODE     S=.text    G=(none)   M=MultiMon ACBP=A9
 0001:000212C0 00000038 C=CODE     S=.text    G=(none)   M=Imm      ACBP=A9
 0001:000212F8 00000FF8 C=CODE     S=.text    G=(none)   M=HelpIntfs ACBP=A9
 0001:000222F0 00000038 C=CODE     S=.text    G=(none)   M=WinSpool ACBP=A9
 0001:00022328 00000044 C=CODE     S=.text    G=(none)   M=Printers ACBP=A9
 0001:0002236C 0000031F C=CODE     S=.text    G=(none)   M=FlatSB   ACBP=A9
 0001:0002268C 000001A4 C=CODE     S=.text    G=(none)   M=SyncObjs ACBP=A9
 0001:00022830 000009BB C=CODE     S=.text    G=(none)   M=UxTheme  ACBP=A9
 0001:000231EC 00000038 C=CODE     S=.text    G=(none)   M=RichEdit ACBP=A9
 0001:00023224 00000038 C=CODE     S=.text    G=(none)   M=ToolWin  ACBP=A9
 0001:0002325C 00000038 C=CODE     S=.text    G=(none)   M=ShellAPI ACBP=A9
 0001:00023294 00000038 C=CODE     S=.text    G=(none)   M=RegStr   ACBP=A9
 0001:000232CC 00000038 C=CODE     S=.text    G=(none)   M=WinInet  ACBP=A9
 0001:00023304 00000038 C=CODE     S=.text    G=(none)   M=UrlMon   ACBP=A9
 0001:0002333C 00000038 C=CODE     S=.text    G=(none)   M=ShlObj   ACBP=A9
 0001:00023374 00000038 C=CODE     S=.text    G=(none)   M=CommDlg  ACBP=A9
 0001:000233AC 00000038 C=CODE     S=.text    G=(none)   M=Dlgs     ACBP=A9
 0001:000233E4 0000066D C=CODE     S=.text    G=(none)   M=Dialogs  ACBP=A9
 0001:00023A54 00000652 C=CODE     S=.text    G=(none)   M=ExtCtrls ACBP=A9
 0001:000240A8 00000038 C=CODE     S=.text    G=(none)   M=ComStrs  ACBP=A9
 0001:000240E0 00000094 C=CODE     S=.text    G=(none)   M=Clipbrd  ACBP=A9
 0001:00024174 00000038 C=CODE     S=.text    G=(none)   M=StrUtils ACBP=A9
 0001:000241AC 000000F5 C=CODE     S=.text    G=(none)   M=Buttons  ACBP=A9
 0001:000242A4 00000038 C=CODE     S=.text    G=(none)   M=ExtDlgs  ACBP=A9
 0001:000242DC 00000068 C=CODE     S=.text    G=(none)   M=IniFiles ACBP=A9
 0001:00024344 00000068 C=CODE     S=.text    G=(none)   M=Registry ACBP=A9
 0001:000243AC 0000006C C=CODE     S=.text    G=(none)   M=Mapi     ACBP=A9
 0001:00024418 00000058 C=CODE     S=.text    G=(none)   M=ExtActns ACBP=A9
 0001:00024470 00000038 C=CODE     S=.text    G=(none)   M=ListActns ACBP=A9
 0001:000244A8 00000180 C=CODE     S=.text    G=(none)   M=ComCtrls ACBP=A9
 0001:00024628 00000A0C C=CODE     S=.text    G=(none)   M=Themes   ACBP=A9
 0001:00025034 00000F28 C=CODE     S=.text    G=(none)   M=StdCtrls ACBP=A9
 0001:00025F5C 00000168 C=CODE     S=.text    G=(none)   M=StdActns ACBP=A9
 0001:000260C4 00000D1F C=CODE     S=.text    G=(none)   M=WinHelpViewer ACBP=A9
 0001:00026DE4 00010633 C=CODE     S=.text    G=(none)   M=Controls ACBP=A9
 0001:00037418 00001292 C=CODE     S=.text    G=(none)   M=ActnList ACBP=A9
 0001:000386AC 000016E4 C=CODE     S=.text    G=(none)   M=ImgList  ACBP=A9
 0001:00039D90 00006639 C=CODE     S=.text    G=(none)   M=Menus    ACBP=A9
 0001:000403CC 0000C3E0 C=CODE     S=.text    G=(none)   M=Forms    ACBP=A9
 0001:0004C7AC 000001C8 C=CODE     S=.text    G=(none)   M=DeskHelpApp_Unit1 ACBP=A9
 0001:0004C974 0000024D C=CODE     S=.text    G=(none)   M=DeskHelp ACBP=A9
 0002:00000000 0000009C C=DATA     S=.data    G=DGROUP   M=System   ACBP=A9
 0002:0000009C 00000020 C=DATA     S=.data    G=DGROUP   M=SysInit  ACBP=A9
 0002:000000BC 00000254 C=DATA     S=.data    G=DGROUP   M=SysUtils ACBP=A9
 0002:00000310 00000008 C=DATA     S=.data    G=DGROUP   M=VarUtils ACBP=A9
 0002:00000318 0000008E C=DATA     S=.data    G=DGROUP   M=Variants ACBP=A9
 0002:000003A8 0000000C C=DATA     S=.data    G=DGROUP   M=TypInfo  ACBP=A9
 0002:000003B4 00000064 C=DATA     S=.data    G=DGROUP   M=Classes  ACBP=A9
 0002:00000418 00000304 C=DATA     S=.data    G=DGROUP   M=Graphics ACBP=A9
 0002:0000071C 00000004 C=DATA     S=.data    G=DGROUP   M=Printers ACBP=A9
 0002:00000720 00000074 C=DATA     S=.data    G=DGROUP   M=Dialogs  ACBP=A9
 0002:00000794 00000178 C=DATA     S=.data    G=DGROUP   M=ExtCtrls ACBP=A9
 0002:0000090C 0000002C C=DATA     S=.data    G=DGROUP   M=Buttons  ACBP=A9
 0002:00000938 00000008 C=DATA     S=.data    G=DGROUP   M=IniFiles ACBP=A9
 0002:00000940 00000008 C=DATA     S=.data    G=DGROUP   M=Registry ACBP=A9
 0002:00000948 00000008 C=DATA     S=.data    G=DGROUP   M=Mapi     ACBP=A9
 0002:00000950 00000018 C=DATA     S=.data    G=DGROUP   M=ComCtrls ACBP=A9
 0002:00000968 00000068 C=DATA     S=.data    G=DGROUP   M=Themes   ACBP=A9
 0002:000009D0 00000008 C=DATA     S=.data    G=DGROUP   M=StdCtrls ACBP=A9
 0002:000009D8 0000013C C=DATA     S=.data    G=DGROUP   M=Controls ACBP=A9
 0002:00000B14 00000020 C=DATA     S=.data    G=DGROUP   M=ImgList  ACBP=A9
 0002:00000B34 000000EC C=DATA     S=.data    G=DGROUP   M=Menus    ACBP=A9
 0002:00000C20 0000011C C=DATA     S=.data    G=DGROUP   M=Forms    ACBP=A9
 0002:00002000 00000660 C=BSS      S=.bss     G=DGROUP   M=System   ACBP=A9
 0002:00002660 00000010 C=BSS      S=.bss     G=DGROUP   M=SysInit  ACBP=A9
 0002:00002670 00000004 C=BSS      S=.bss     G=DGROUP   M=Types    ACBP=A9
 0002:00002674 00000004 C=BSS      S=.bss     G=DGROUP   M=Windows  ACBP=A9
 0002:00002678 00000004 C=BSS      S=.bss     G=DGROUP   M=Messages ACBP=A9
 0002:0000267C 00000004 C=BSS      S=.bss     G=DGROUP   M=SysConst ACBP=A9
 0002:00002680 00000120 C=BSS      S=.bss     G=DGROUP   M=SysUtils ACBP=A9
 0002:000027A0 0000005C C=BSS      S=.bss     G=DGROUP   M=VarUtils ACBP=A9
 0002:000027FC 00000040 C=BSS      S=.bss     G=DGROUP   M=Variants ACBP=A9
 0002:0000283C 00000004 C=BSS      S=.bss     G=DGROUP   M=RTLConsts ACBP=A9
 0002:00002840 00000004 C=BSS      S=.bss     G=DGROUP   M=TypInfo  ACBP=A9
 0002:00002844 00000004 C=BSS      S=.bss     G=DGROUP   M=ActiveX  ACBP=A9
 0002:00002848 00000040 C=BSS      S=.bss     G=DGROUP   M=Classes  ACBP=A9
 0002:00002888 00000004 C=BSS      S=.bss     G=DGROUP   M=Consts   ACBP=A9
 0002:0000288C 00000060 C=BSS      S=.bss     G=DGROUP   M=Graphics ACBP=A9
 0002:000028EC 00000004 C=BSS      S=.bss     G=DGROUP   M=Math     ACBP=A9
 0002:000028F0 00000004 C=BSS      S=.bss     G=DGROUP   M=Contnrs  ACBP=A9
 0002:000028F4 00000004 C=BSS      S=.bss     G=DGROUP   M=CommCtrl ACBP=A9
 0002:000028F8 00000031 C=BSS      S=.bss     G=DGROUP   M=MultiMon ACBP=A9
 0002:0000292C 00000004 C=BSS      S=.bss     G=DGROUP   M=Imm      ACBP=A9
 0002:00002930 00000008 C=BSS      S=.bss     G=DGROUP   M=HelpIntfs ACBP=A9
 0002:00002938 00000004 C=BSS      S=.bss     G=DGROUP   M=WinSpool ACBP=A9
 0002:0000293C 00000004 C=BSS      S=.bss     G=DGROUP   M=Printers ACBP=A9
 0002:00002940 00000034 C=BSS      S=.bss     G=DGROUP   M=FlatSB   ACBP=A9
 0002:00002974 00000004 C=BSS      S=.bss     G=DGROUP   M=SyncObjs ACBP=A9
 0002:00002978 000000CC C=BSS      S=.bss     G=DGROUP   M=UxTheme  ACBP=A9
 0002:00002A44 00000004 C=BSS      S=.bss     G=DGROUP   M=RichEdit ACBP=A9
 0002:00002A48 00000004 C=BSS      S=.bss     G=DGROUP   M=ToolWin  ACBP=A9
 0002:00002A4C 00000004 C=BSS      S=.bss     G=DGROUP   M=ShellAPI ACBP=A9
 0002:00002A50 00000004 C=BSS      S=.bss     G=DGROUP   M=RegStr   ACBP=A9
 0002:00002A54 00000004 C=BSS      S=.bss     G=DGROUP   M=WinInet  ACBP=A9
 0002:00002A58 00000004 C=BSS      S=.bss     G=DGROUP   M=UrlMon   ACBP=A9
 0002:00002A5C 00000004 C=BSS      S=.bss     G=DGROUP   M=ShlObj   ACBP=A9
 0002:00002A60 00000004 C=BSS      S=.bss     G=DGROUP   M=CommDlg  ACBP=A9
 0002:00002A64 00000004 C=BSS      S=.bss     G=DGROUP   M=Dlgs     ACBP=A9
 0002:00002A68 0000000C C=BSS      S=.bss     G=DGROUP   M=Dialogs  ACBP=A9
 0002:00002A74 00000004 C=BSS      S=.bss     G=DGROUP   M=ExtCtrls ACBP=A9
 0002:00002A78 00000004 C=BSS      S=.bss     G=DGROUP   M=ComStrs  ACBP=A9
 0002:00002A7C 0000000C C=BSS      S=.bss     G=DGROUP   M=Clipbrd  ACBP=A9
 0002:00002A88 00000004 C=BSS      S=.bss     G=DGROUP   M=StrUtils ACBP=A9
 0002:00002A8C 00000030 C=BSS      S=.bss     G=DGROUP   M=Buttons  ACBP=A9
 0002:00002ABC 00000004 C=BSS      S=.bss     G=DGROUP   M=ExtDlgs  ACBP=A9
 0002:00002AC0 00000004 C=BSS      S=.bss     G=DGROUP   M=IniFiles ACBP=A9
 0002:00002AC4 00000004 C=BSS      S=.bss     G=DGROUP   M=Registry ACBP=A9
 0002:00002AC8 00000004 C=BSS      S=.bss     G=DGROUP   M=Mapi     ACBP=A9
 0002:00002ACC 00000009 C=BSS      S=.bss     G=DGROUP   M=ExtActns ACBP=A9
 0002:00002AD8 00000004 C=BSS      S=.bss     G=DGROUP   M=ListActns ACBP=A9
 0002:00002ADC 00000010 C=BSS      S=.bss     G=DGROUP   M=ComCtrls ACBP=A9
 0002:00002AEC 00000008 C=BSS      S=.bss     G=DGROUP   M=Themes   ACBP=A9
 0002:00002AF4 00000004 C=BSS      S=.bss     G=DGROUP   M=StdCtrls ACBP=A9
 0002:00002AF8 00000004 C=BSS      S=.bss     G=DGROUP   M=StdActns ACBP=A9
 0002:00002AFC 00000014 C=BSS      S=.bss     G=DGROUP   M=WinHelpViewer ACBP=A9
 0002:00002B10 00000080 C=BSS      S=.bss     G=DGROUP   M=Controls ACBP=A9
 0002:00002B90 00000004 C=BSS      S=.bss     G=DGROUP   M=ActnList ACBP=A9
 0002:00002B94 0000000C C=BSS      S=.bss     G=DGROUP   M=ImgList  ACBP=A9
 0002:00002BA0 00000010 C=BSS      S=.bss     G=DGROUP   M=Menus    ACBP=A9
 0002:00002BB0 00000020 C=BSS      S=.bss     G=DGROUP   M=Forms    ACBP=A9
 0002:00002BD0 00000008 C=BSS      S=.bss     G=DGROUP   M=DeskHelpApp_Unit1 ACBP=A9


  Address         Publics by Name

 0002:0000283C       .1
 0002:00002B04       .1
 0002:00002888       .1
 0002:00002AC8       .1
 0002:00002A88       .1
 0002:00002678       .1
 0002:000028F4       .1
 0002:00002918       .1
 0002:0000292C       .1
 0002:00002670       .1
 0002:0000267C       .1
 0002:00002960       .1
 0002:00002A34       .1
 0002:00002A44       .1
 0002:00002668       .1
 0002:00002A4C       .1
 0002:00002A50       .1
 0002:00002A54       .1
 0002:00002A58       .1
 0002:00002A5C       .1
 0002:00002A60       .1
 0002:00002A64       .1
 0002:00002A78       .1
 0002:00002A68       .11
 0002:00002A74       .12
 0002:00002890       .12
 0002:00002AEC       .2
 0002:00002930       .2
 0002:000028EC       .2
 0002:00002BD4       .2
 0002:00002A80       .2
 0002:000028F0       .21
 0002:00002ABC       .3
 0002:00002844       .3
 0002:00002B94       .3
 0002:00002674       .3
 0002:0000293C       .3
 0002:00002938       .3
 0002:00002790       .35
 0002:00002ADC       .36
 0002:00002A48       .4
 0002:00002A8C       .4
 0002:00002BB8       .41
 0002:00002AF4       .42
 0002:00002854       .45
 0002:00002AC4       .5
 0002:000027F8       .5
 0002:000025B8       .5
 0002:00002974       .6
 0002:00002840       .6
 0002:00002B18       .72
 0002:00002ACC       .72
 0002:00002AF8       .73
 0002:00002AC0       .8
 0002:00002AD8       .8
 0002:00002B90       .8
 0002:0000281C       .81
 0002:00002BA8       .9
 0001:0000191C       @AbstractError
 0001:0000243C       @AfterConstruction
 0001:00002288       @AsClass
 0001:00001A84       @AStrCmp
 0001:0000244C       @BeforeDestruction
 0001:000022D4       @CallDynaInst
 0001:000023E4       @ClassCreate
 0001:00002434       @ClassDestroy
 0001:0000198C       @Close
 0001:00001854       @Copy
 0001:00003AB8       @CopyArray
 0001:0000399C       @CopyRecord
 0001:00003BAC       @DispCallByIDError
 0001:0000D20C       @DispInvokeError
 0001:000028C8       @DoneExcept
 0001:00003DDC       @DynArrayAsg
 0001:00003DA0       @DynArrayClear
 0001:00003BE0       @DynArrayHigh
 0001:00003BD8       @DynArrayLength
 0001:00003D94       @DynArraySetLength
 0001:000029B0       @ExceptionHandler
 0001:00001AF4       @FillChar
 0001:00003978       @Finalize
 0001:0000388C       @FinalizeArray
 0001:00003840       @FinalizeRecord
 0001:00002014       @FpuInit
 0001:00001F50       @FpuMaskInit
 0001:000016DC       @FreeMem
 0001:000016BC       @GetMem
 0001:00004B7C       @GetTls
 0001:00002DF8       @Halt
 0001:00002D20       @Halt0
 0001:00002560       @HandleAnyException
 0001:00002814       @HandleFinally
 0001:0000268C       @HandleOnException
 0001:00004BC8       @InitExe
 0001:000037AC       @InitializeArray
 0001:0000377C       @InitializeRecord
 0001:00002BE4       @InitImports
 0001:00002BBC       @InitResStringImports
 0001:00002B98       @InitResStrings
 0001:000044C0       @IntfAddRef
 0001:00004490       @IntfCast
 0001:0000444C       @IntfClear
 0001:00004464       @IntfCopy
 0001:00002264       @IsClass
 0001:00001F20       @isNECWindows
 0001:000032C0       @LStrAddRef
 0001:00002E34       @LStrArrayClr
 0001:00002E64       @LStrAsg
 0001:000030D8       @LStrCat
 0001:0000311C       @LStrCat3
 0001:00003190       @LStrCatN
 0001:00002E10       @LStrClr
 0001:0000321C       @LStrCmp
 0001:00003330       @LStrCopy
 0001:00003370       @LStrDelete
 0001:00003080       @LStrFromArray
 0001:00002FF8       @LStrFromChar
 0001:00003008       @LStrFromPChar
 0001:00002F00       @LStrFromPCharLen
 0001:00003038       @LStrFromPWChar
 0001:00002F6C       @LStrFromPWCharLen
 0001:00003074       @LStrFromString
 0001:00003098       @LStrFromWStr
 0001:000033B8       @LStrInsert
 0001:00002EA8       @LStrLAsg
 0001:000030D0       @LStrLen
 0001:00003414       @LStrPos
 0001:0000345C       @LStrSetLength
 0001:000032D0       @LStrToPChar
 0001:000030AC       @LStrToString
 0001:00002ED4       @NewAnsiString
 0001:000034C8       @NewWideString
 0001:00001C34       @Pow10
 0001:00001A00       @PStrCmp
 0001:000019E4       @PStrNCpy
 0001:00002874       @RaiseAgain
 0001:0000284C       @RaiseExcept
 0001:000016FC       @ReallocMem
 0001:00001910       @ROUND
 0001:00002E04       @RunError
 0001:00001C18       @SetEq
 0001:00002B58       @StartExe
 0001:0000029C       @strlen
 0001:000028F8       @TryFinallyExit
 0001:00003328       @UniqueStringA
 0001:00001B14       @ValLong
 0001:0000E904       @VarAddRef
 0001:0000D4F8       @VarClear
 0001:00003874       @VarClr
 0001:0000D50C       @VarClr
 0001:00003984       @VarCopy
 0001:0000D820       @VarCopy
 0001:0000E83C       @VarFromBool
 0001:0000E88C       @VarFromCurr
 0001:0000E7D4       @VarFromInt
 0001:0000E810       @VarFromInt64
 0001:0000E8A0       @VarFromLStr
 0001:0000E864       @VarFromReal
 0001:0000E878       @VarFromTDateTime
 0001:0000E8CC       @VarFromWStr
 0001:0000D260       @VarNull
 0001:0000DB4C       @VarToLStr
 0001:0000E274       @VarToWStr
 0001:00003508       @WStrArrayClr
 0001:0000352C       @WStrAsg
 0001:000034F0       @WStrClr
 0001:00003668       @WStrCmp
 0001:000036EC       @WStrCopy
 0001:0000363C       @WStrFromLStr
 0001:00003550       @WStrFromPCharLen
 0001:00003600       @WStrFromPWChar
 0001:000035DC       @WStrFromPWCharLen
 0001:0000365C       @WStrLen
 0001:00003738       @WStrSetLength
 0001:0000364C       @WStrToPWChar
 0001:00001BF4       @_CLenToPasStr
 0001:00001BE8       @_CToPasStr
 0001:00001824       @_IOTest
 0001:00003BB4       @_llmul
 0001:00029684       AbsMin
 0001:0000A3D4       AbstractErrorHandler
 0002:00002028       AbstractErrorProc
 0002:00000140       AccessMode
 0001:0000178C       AcquireExceptionObject
 0001:00011E00       ActivateClassGroup
 0001:00005158       ActivateKeyboardLayout
 0002:00002B4C       ActiveDrag
 0001:0000FAE8       ActiveX
 0001:00038680       ActnList
 0001:000003C8       AddBlockAfter
 0002:000003B4       AddDataModule
 0001:00006820       AddExitProc
 0001:00014EC0       AddFinished
 0001:0003B9C4       AddIn
 0001:000042E0       AddModuleUnloadProc
 0001:000042F0       AddModuleUnloadProc
 0001:00014EF8       AddNotFinished
 0001:0001591C       AddSubComponentsToLoaded
 0001:0001CAE8       AdjustColor
 0001:000429AC       Adjustment
 0001:00005160       AdjustWindowRectEx
 0002:00000C08       Alignments
 0002:00000BF8       Alignments
 0001:0002EC94       AlignWork
 0001:000498A4       AlignWork
 0001:00019010       AllocateHWnd
 0001:000067D4       AllocMem
 0002:000025B0       AllocMemCount
 0002:000025B4       AllocMemSize
 0001:0002053C       AllocPatternBitmap
 0001:00004B24       AllocTlsBuffer
 0002:000009E4       AnchorAlign
 0002:000009D8       AnimateWindowProc
 0002:00000AE0       AnimationStyle
 0001:00006998       AnsiCompareStr
 0001:000069D0       AnsiCompareText
 0001:00006FC0       AnsiLastChar
 0001:00005168       AnsiLower
 0001:0000ACD4       AnsiPos
 0001:000401D8       AnsiSameCaption
 0001:00006A08       AnsiSameText
 0001:00006A20       AnsiStrLIComp
 0001:0000AD0C       AnsiStrPos
 0001:0000ADAC       AnsiStrRScan
 0001:0000ADD4       AnsiStrScan
 0001:000048C0       AnsiToUtf8
 0001:000083C8       AppendChars
 0001:0000878C       AppendFormat
 0001:0000842C       AppendNumber
 0001:0000840C       AppendString
 0002:00002BB0       Application
 0002:000003C4       ApplicationHandleException
 0002:000003CC       ApplicationShowException
 0002:00000D34       AppVisible
 0001:0000A3B8       AssertErrorHandler
 0002:00002020       AssertErrorProc
 0001:0000F580       AssignLongStr
 0001:0000F924       AssignVariant
 0002:00002608       avail
 0001:000070B4       BackfillGetDiskFreeSpaceEx
 0001:0002C208       BackgroundClipped
 0001:0000C200       BackupVarBoolFromStr
 0001:0000C360       BackupVarBStrFromBool
 0001:0000C280       BackupVarBStrFromCy
 0001:0000C2F0       BackupVarBStrFromDate
 0001:0000C194       BackupVarCyFromStr
 0001:0000C128       BackupVarDateFromStr
 0001:0000BFE4       BackupVarI4FromStr
 0001:0000BF90       BackupVariantChangeTypeEx
 0001:0000C050       BackupVarR4FromStr
 0001:0000C0BC       BackupVarR8FromStr
 0001:00012158       BeginGlobalLoading
 0001:00005170       BeginPaint
 0001:0001CAF4       BetterSize
 0001:0003C838       BiDiDraw
 0001:00004FA8       BitBlt
 0002:0000090C       BitBtnCaptions
 0002:00002A90       BitBtnGlyphs
 0002:000006D0       BitmapCanvasList
 0002:000028A8       BitmapImageLock
 0001:0000BFCC       BiUnimplemented
 0002:000003EC       BlockCode
 0002:000025E0       blockDescBlockList
 0002:000025E4       blockDescFreeList
 0002:000003A8       BooleanIdents
 0002:00000324       BooleanToStringRule
 0001:00006E58       BoolToStr
 0001:0000D8D4       BoolToWStrViaOS
 0001:00011118       Bounds
 0001:00004C68       Bounds
 0002:00000BA0       Breaks
 0002:000028E0       BrushManager
 0001:0003EFEC       BuildImage
 0002:00000768       ButtonCaptions
 0002:0000073C       ButtonNames
 0001:0002427C       Buttons
 0002:00000C1C       Buttons
 0002:000009D0       ButtonStyles
 0001:0001C2D4       BytesPerScanline
 0001:0001C62C       ByteSwapColors
 0001:0000AA88       ByteToCharIndex
 0001:0000AA60       ByteToCharLen
 0001:0000AA24       ByteType
 0001:0000A9AC       ByteTypeTest
 0002:00002B98       CachedComCtrlVer
 0001:00018F4C       CalcJmpOffset
 0001:00036708       CalcSplitterPos
 0001:00005178       CallNextHookEx
 0001:0000B4A0       CallTerminateProcs
 0001:00005180       CallWindowProc
 0001:0002A6BC       CancelDrag
 0002:00002B60       CanvasList
 0002:000028E4       CanvasList
 0002:00000728       Captions
 0002:00000A9C       CaptureControl
 0002:00000B40       cBooleanToItemAutoFlag
 0002:00002A7E       CF_COMPONENT
 0002:00002A7C       CF_PICTURE
 0002:00002814       ChangeAnyProc
 0001:00002F30       CharFromWChar
 0001:0000AC5C       CharLength
 0001:0000021C       CharNext
 0001:00005188       CharNext
 0001:0001AC58       CharsetToIdent
 0001:0000AB70       CharToByteIndex
 0001:0000ABD4       CharToByteLen
 0001:00005190       CharToOemA
 0001:0001D0A4       CheckBool
 0001:000024DC       CheckJmp
 0001:00005198       CheckMenuItem
 0002:00000B90       Checks
 0001:00015958       CheckSubComponents
 0001:00017D24       CheckSynchronize
 0001:000423E8       CheckTaskWindow
 0001:0002A370       CheckUndock
 0001:0000A8A0       CheckWin32Version
 0002:00000328       CInvalidCustomVariantType
 0002:00000B44       cItemAutoFlagToBoolean
 0002:00000B3C       cItemAutoFlagToMenu
 0001:0001919C       Classes
 0001:00011BC4       ClassNotFound
 0002:00002810       ClearAnyProc
 0001:0001A4E8       ClearColor
 0001:0000EC40       ClearVariantTypeList
 0001:000051A0       ClientToScreen
 0001:00033CF0       ClientToWindow
 0002:000006C8       ClipboardFormats
 0001:0002411C       Clipbrd
 0001:00004DA0       CloseHandle
 0002:0000297C       CloseThemeData
 0002:0000203C       CmdLine
 0002:00002038       CmdShow
 0002:00000B38       cMenuAutoFlagToItem
 0001:0000BFD8       CmpUnimplemented
 0002:00000448       Colors
 0001:0001AA50       ColorToIdent
 0002:00000794       ColorToPretyName
 0001:0001AA40       ColorToRGB
 0002:00002AE8       ComCtlVersion
 0001:00024620       ComCtrls
 0002:00002BAC       CommandPool
 0001:00020B30       CommCtrl
 0001:000233A4       CommDlg
 0001:000006A8       Commit
 0002:00002624       committedRoot
 0001:0003AFA8       CompareFront
 0001:00006900       CompareMem
 0001:000068D0       CompareStr
 0001:00004DA8       CompareString
 0001:00006920       CompareText
 0001:00006D80       CompareWith
 0001:00015A38       ComponentCreated
 0001:000240D8       ComStrs
 0001:000194B8       Consts
 0001:00020A3C       Contnrs
 0002:00002B1E       ControlAtom
 0002:00002B24       ControlAtomString
 0001:00047174       ControlHasHelp
 0001:00037388       Controls
 0001:00009E14       ConvertAddr
 0001:0000851C       ConvertEraString
 0001:000067B0       ConvertErrorFmt
 0001:00008684       ConvertYearString
 0001:00003BE8       CopyArray
 0001:0001DB7C       CopyBitmap
 0001:0001E244       CopyBitmapAsMask
 0001:0001E1E0       CopyPalette
 0002:0000096C       Copyright
 0001:0003E098       CopyToBest
 0001:0000AAE0       CountChars
 0002:000028C0       CounterLock
 0002:0000032C       CRangeToType
 0001:0000A2FC       CreateAssertException
 0001:0000A484       CreateAVObject
 0001:00004FB0       CreateBitmap
 0001:00004FB8       CreateBrushIndirect
 0001:00004FC0       CreateCompatibleBitmap
 0001:00004FC8       CreateCompatibleDC
 0001:00015AB8       CreateComponent
 0001:00004FD8       CreateDIBitmap
 0001:00004FD0       CreateDIBSection
 0001:00004DB0       CreateEvent
 0001:00004DB8       CreateFile
 0001:00004FE0       CreateFontIndirect
 0001:00004FE8       CreateHalftonePalette
 0001:000051A8       CreateIcon
 0001:0000A228       CreateInOutError
 0001:000051B0       CreateMenu
 0001:00004FF0       CreatePalette
 0001:00004FF8       CreatePenIndirect
 0001:000051B8       CreatePopupMenu
 0001:00005000       CreateSolidBrush
 0001:0001C684       CreateSystemPalette
 0001:00004DC0       CreateThread
 0001:00005728       CreateWindow
 0001:000056D0       CreateWindowEx
 0002:000009DC       CreationControl
 0002:00000720       CreationControl
 0002:00000394       CRelationshipToBoolean
 0002:00000310       CResult
 0002:00000138       cSimpleBoolStrs
 0002:00000340       CText
 0002:00000AD8       Ctl3DStyles
 0002:0000261C       curAlloc
 0002:00002688       CurrencyDecimals
 0002:00002684       CurrencyFormat
 0002:00002680       CurrencyString
 0001:000083B4       CurrentYear
 0001:00007F4C       CurrToStr
 0001:0000D864       CurrToWStrViaOS
 0002:00000CB8       CursorMap
 0002:000009EC       Cursors
 0001:00028F5C       CursorToIdent
 0002:00000CA8       cUseAlpha
 0002:00000CB0       cUseColorKey
 0001:00006AF4       CvtInt
 0001:00006B60       CvtInt64
 0002:00000178       CWNear
 0002:00002689       DateSeparator
 0001:00008F9C       DateTimeToStr
 0001:00008F40       DateTimeToString
 0001:0000800C       DateTimeToTimeStamp
 0001:0000D89C       DateToWStrViaOS
 0001:0000838C       DayOfWeek
 0002:00000174       DCon10
 0002:00000444       DDBsOnly
 0001:000190C4       DeallocateHWnd
 0002:00000028       DebugHook
 0002:00002687       DecimalSeparator
 0001:0000836C       DecodeDate
 0001:00008220       DecodeDateFully
 0001:000080C0       DecodeTime
 0001:0000073C       Decommit
 0001:00000D58       DecommitFree
 0002:000025F8       decommittedRoot
 0001:00044DFC       Default
 0001:0004A4CC       Default
 0002:00000020       Default8087CW
 0002:000009E0       DefaultDockTreeClass
 0002:000025BC       DefaultUserCodePage
 0002:00000698       DefBrushData
 0002:00000418       DefFontData
 0001:000051C0       DefFrameProc
 0002:00000204       DefLongDayNames
 0002:000001B8       DefLongMonthNames
 0001:000051C8       DefMDIChildProc
 0002:00000678       DefPenData
 0002:000001E8       DefShortDayNames
 0002:00000188       DefShortMonthNames
 0001:000051D0       DefWindowProc
 0001:00003E34       DelayLoadResourceModule
 0001:000003F8       DeleteBlock
 0001:00000368       DeleteCriticalSection
 0001:00004DC8       DeleteCriticalSection
 0001:00005008       DeleteDC
 0001:00000BA0       DeleteFree
 0001:000051D8       DeleteMenu
 0001:00005010       DeleteObject
 0001:0001D738       DeselectBitmap
 0001:0004CB7C       DeskHelp
 0001:0004C96C       DeskHelpApp_Unit1
 0001:000051E0       DestroyCursor
 0001:000051E8       DestroyIcon
 0001:000241AC       DestroyLocals
 0001:000051F0       DestroyMenu
 0001:000051F8       DestroyWindow
 0001:00026A98       DialogEnumerationTester
 0001:00023A14       Dialogs
 0002:000006D4       DIBPalSizes
 0002:0000008C       dig
 0001:0004223C       DisableTaskWindows
 0001:00005200       DispatchMessage
 0001:00048454       DispatchShortCut
 0002:00002000       DispCallByIDProc
 0001:00006794       DivMod
 0001:000233DC       Dlgs
 0001:00049758       DoAlign
 0001:0002EB24       DoAlign
 0001:00032BAC       DoCalcConstraints
 0002:00002B54       DockSiteList
 0001:0003ECB8       DoClick
 0001:00030268       DoControlMsg
 0001:000421EC       DoDisableWindow
 0001:00029C9C       DoDragOver
 0001:000067F4       DoExitProc
 0001:000349DC       DoFindControlZone
 0001:00042328       DoFindWindow
 0001:00034F68       DoFindZone
 0001:00034A60       DoForEach
 0001:0003636C       DoGetNextLimit
 0001:000421B4       DoneApplication
 0001:000370CC       DoneControls
 0001:0000A7B0       DoneExceptions
 0001:000467D0       DoNestedActivation
 0001:00017CE4       DoneThreadSynchronization
 0001:000495A8       DoPosition
 0001:0002E6E4       DoPosition
 0001:00035994       DoPrune
 0001:00035E6C       DoSaveZone
 0001:00036070       DoSetNewBounds
 0002:000003B0       DotSep
 0001:00012F8C       DoWrite
 0001:00039608       DoWrite
 0001:0001D2FC       DoWrite
 0001:0002F850       DoWriteDesignSize
 0001:0002D2FC       DoWriteIsControl
 0002:00002B38       DragCapture
 0002:00002B2C       DragControl
 0001:0002A3E4       DragDone
 0001:00029C4C       DragFindTarget
 0001:00029C20       DragFindWindow
 0002:00002B50       DragImageList
 0001:0002A03C       DragInit
 0001:0002A1AC       DragInitControl
 0002:00002B34       DragInternalObject
 0001:00029B68       DragMessage
 0002:00002B30       DragObject
 0002:00002B5C       DragSave
 0002:00002B44       DragSaveCursor
 0002:00002B3C       DragStartPos
 0002:00002B48       DragThreshold
 0001:00029D6C       DragTo
 0001:0004A508       DrawAppIcon
 0001:00035500       DrawCloseButton
 0001:00005208       DrawEdge
 0001:00005210       DrawFrameControl
 0001:00035558       DrawGrabberLine
 0001:00005218       DrawIcon
 0001:00005220       DrawIconEx
 0002:00000B14       DrawingStyles
 0001:00005228       DrawMenuBar
 0001:0003FFF8       DrawMenuItem
 0001:00005230       DrawText
 0002:00002980       DrawThemeBackground
 0002:000029A4       DrawThemeEdge
 0002:000029A8       DrawThemeIcon
 0002:00002A2C       DrawThemeParentBackground
 0002:00002984       DrawThemeText
 0001:0001C154       DupBits
 0001:00003C00       DynArrayClear
 0001:00003C08       DynArraySetLength
 0002:00000C00       EdgeStyle
 0002:00000AC8       EdgeStyles
 0001:0000A1FC       EHeapException.FreeInstance
 0002:000027FC       EmptyParam
 0002:000000BC       EmptyStr
 0002:000000C0       EmptyWideStr
 0001:00005238       EnableMenuItem
 0002:00000B98       Enables
 0001:00005240       EnableScrollBar
 0001:000422F0       EnableTaskWindows
 0002:00002A14       EnableThemeDialogTexture
 0002:00002A30       EnableTheming
 0001:00005248       EnableWindow
 0001:000121E0       EndGlobalLoading
 0001:00005250       EndPaint
 0001:00000358       EnterCriticalSection
 0001:00004DD0       EnterCriticalSection
 0001:00004DD8       EnumCalendarInfoA
 0002:00002914       EnumDisplayMonitors
 0001:00009A88       EnumEraNames
 0001:00009AC4       EnumEraYearOffsets
 0001:000453C0       EnumMonitorsProc
 0001:00005258       EnumThreadWindows
 0001:00015268       EnumValue
 0001:00005260       EnumWindows
 0001:00005268       EqualRect
 0002:00002750       EraNames
 0001:00009214       EraToYear
 0002:0000276C       EraYearOffsets
 0002:00000064       errCaption
 0001:00014A4C       Error
 0001:0003ACF8       Error
 0001:00001818       Error
 0001:00011768       Error
 0002:00000004       ErrorAddr
 0001:000017CC       ErrorAt
 0001:0000A2A8       ErrorHandler
 0002:00000220       ErrorMap
 0002:00002008       ErrorProc
 0002:000023E4       ErrOutput
 0001:0000176C       ExceptAddr
 0002:0000200C       ExceptClsProc
 0001:0000A71C       ExceptHandler
 0001:0000A070       Exception.Create
 0001:0000A0AC       Exception.CreateFmt
 0001:0000A12C       Exception.CreateRes
 0001:0000A168       Exception.CreateResFmt
 0002:0000201C       ExceptionClass
 0001:00009E20       ExceptionErrorMessage
 0002:00000258       ExceptMap
 0001:0000174C       ExceptObject
 0002:00002010       ExceptObjProc
 0002:00002004       ExceptProc
 0001:00005018       ExcludeClipRect
 0002:00000000       ExitCode
 0001:00002C64       ExitDll
 0002:00002044       ExitProc
 0001:00000224       ExitProcess
 0002:00002024       ExitProcessProc
 0002:00000134       ExitProcList
 0001:00007078       ExpandFileName
 0001:00024468       ExtActns
 0001:00024078       ExtCtrls
 0001:000242D4       ExtDlgs
 0001:00007040       ExtractFileName
 0002:0000278C       FalseBoolStrs
 0002:00002A84       FClipboard
 0002:00000168       FCon1E18
 0001:00006FB8       FileClose
 0001:00006EFC       FileCreate
 0001:00006F20       FileCreate
 0002:000006CC       FileFormats
 0002:00000008       FileMode
 0001:00006EA4       FileOpen
 0001:00006F28       FileRead
 0002:000003DC       FilerSignature
 0001:00006F80       FileSeek
 0001:00006F54       FileWrite
 0001:00000C88       FillAfterGap
 0001:00000C34       FillBeforeGap
 0001:00000D20       FillerSizeAfterGap
 0001:00000CB0       FillerSizeBeforeGap
 0001:00005270       FillRect
 0001:00020B00       Finalization
 0001:0000FAB8       Finalization
 0001:00005BC0       Finalization
 0001:00039D58       Finalization
 0001:000058B0       Finalization
 0001:00005878       Finalization
 0001:00038650       Finalization
 0001:00037320       Finalization
 0001:000227F8       Finalization
 0001:00004C84       Finalization
 0001:0004C974       Finalization
 0001:0002264C       Finalization
 0001:0002317C       Finalization
 0001:0000BD70       Finalization
 0001:00020A0C       Finalization
 0001:00020754       Finalization
 0001:000231EC       Finalization
 0001:000402D4       Finalization
 0001:00023224       Finalization
 0001:0002325C       Finalization
 0001:00023294       Finalization
 0001:000232CC       Finalization
 0001:00004C0C       Finalization
 0001:00023304       Finalization
 0001:0002333C       Finalization
 0001:00023374       Finalization
 0001:0000C72C       Finalization
 0001:00021280       Finalization
 0001:000212C0       Finalization
 0001:000233AC       Finalization
 0001:000049DC       Finalization
 0001:000239B8       Finalization
 0001:00024030       Finalization
 0001:000240A8       Finalization
 0001:00026D10       Finalization
 0001:0002608C       Finalization
 0001:00025F24       Finalization
 0001:000240E0       Finalization
 0001:00024FE8       Finalization
 0001:00024174       Finalization
 0001:000245A8       Finalization
 0001:000222A8       Finalization
 0001:00024244       Finalization
 0001:0000F08C       Finalization
 0001:0000F298       Finalization
 0001:00024470       Finalization
 0001:00024418       Finalization
 0001:000222F0       Finalization
 0001:000242A4       Finalization
 0001:00019488       Finalization
 0001:000190EC       Finalization
 0001:000243C0       Finalization
 0001:00022328       Finalization
 0001:0004C70C       Finalization
 0001:0002435C       Finalization
 0001:0000FA60       Finalization
 0001:0004C93C       Finalization
 0001:000242F4       Finalization
 0001:00020574       Finalization
 0001:00003BF8       FinalizeArray
 0001:00002A98       FinalizeUnits
 0001:0003EA78       Find
 0001:00003EA4       FindBS
 0001:00011C84       FindClass
 0001:00003E2C       FindClassHInstance
 0001:00000234       FindClose
 0001:00000C04       FindCommitted
 0001:00028D3C       FindControl
 0001:00035194       FindControlAtPos
 0001:0000EF9C       FindCustomVariantType
 0001:0000EEE4       FindCustomVariantType
 0001:0002A708       FindDragTarget
 0001:00015C68       FindExistingComponent
 0001:0000023C       FindFirstFile
 0001:00042434       FindGlobalComponent
 0001:00012070       FindGlobalComponent
 0002:00002860       FindGlobalComponentProcs
 0001:00003E04       FindHInstance
 0001:00011F18       FindIdentToInt
 0002:00002A70       FindMsg
 0001:00014DF8       FindNestedComponent
 0001:0003ACC0       FindPopupControl
 0001:0000C3F4       FindProc
 0001:00004DE0       FindResource
 0001:00003E7C       FindResourceHInstance
 0001:0004BF60       FindScanline
 0001:0004238C       FindTopMostWindow
 0001:00016B4C       FindUniqueName
 0001:0002A6D4       FindVCLWindow
 0001:00005278       FindWindow
 0001:00026AF0       FindWinHelp
 0001:0001DB30       FixupBitFields
 0002:00000C10       Flags
 0002:0000279C       FLanguages
 0001:0002267C       FlatSB
 0002:00002940       FlatSB_EnableScrollBar
 0002:0000294C       FlatSB_GetScrollInfo
 0002:00002950       FlatSB_GetScrollPos
 0002:00002948       FlatSB_GetScrollRange
 0002:00002958       FlatSB_SetScrollInfo
 0002:00002954       FlatSB_SetScrollPos
 0001:0002236C       FlatSB_SetScrollProp
 0002:0000295C       FlatSB_SetScrollRange
 0002:00002944       FlatSB_ShowScrollBar
 0001:00007BDC       FloatToDecimal
 0001:00007F1C       FloatToStr
 0001:00007908       FloatToText
 0001:00001980       Flush
 0002:0000017C       FMSecsPerDay
 0001:00007804       FmtStr
 0002:00000C2C       FocusCount
 0002:00000C28       FocusMessages
 0002:000005E8       FontCharsets
 0002:000028D8       FontManager
 0001:00042408       ForegroundTask
 0002:00002BD0       Form1
 0001:000077F0       Format
 0002:00000184       Format
 0001:000073F8       FormatBuf
 0001:000073EC       FormatClearStr
 0001:00007370       FormatError
 0002:00000160       FormatErrorStrs
 0001:00004DE8       FormatMessage
 0001:000073C8       FormatVarToStr
 0001:0004C768       Forms
 0001:00001C2C       FPower10
 0002:0000071C       FPrinter
 0001:00005280       FrameRect
 0001:0000B950       FreeAndNil
 0001:00000970       FreeCommitted
 0001:00000E90       FreeCurAlloc
 0001:0002A7C8       FreeDeviceContext
 0001:0002A884       FreeDeviceContexts
 0001:00018EB8       FreeIntConstList
 0001:00000244       FreeLibrary
 0001:00004DF0       FreeLibrary
 0001:0001D68C       FreeMemoryContexts
 0001:00018FEC       FreeObjectInstance
 0001:00004E00       FreeResource
 0001:000005F0       FreeSpace
 0001:0000B4BC       FreeTerminateProcs
 0001:00022830       FreeThemeLibrary
 0002:00002AE4       FRichEditModule
 0001:0001C144       GDICheck
 0001:0001C09C       GDIError
 0001:00001908       Get8087CW
 0001:00004E08       GetACP
 0001:00005288       GetActiveWindow
 0001:00049C34       GetAnimation
 0001:00005020       GetBitmapBits
 0001:00000370       GetBlockDesc
 0001:00005028       GetBrushOrgEx
 0001:00005290       GetCapture
 0001:00029004       GetCaptureControl
 0001:00011C30       GetClass
 0001:00005298       GetClassInfo
 0001:000052A0       GetClassName
 0001:000052A8       GetClientRect
 0001:00005030       GetClipBox
 0001:0000030C       GetCmdShow
 0001:00038820       GetColor
 0001:00024548       GetComCtlVersion
 0001:0000024C       GetCommandLine
 0001:000007BC       GetCommitted
 0001:0000084C       GetCommittedAt
 0001:0002FE1C       GetControlAtPos
 0001:00008478       GetCount
 0001:00004E10       GetCPInfo
 0001:00005038       GetCurrentPositionEx
 0001:00004E18       GetCurrentProcessId
 0002:00002A24       GetCurrentThemeName
 0001:00004E20       GetCurrentThreadId
 0001:000002FC       GetCurrentThreadId
 0001:0000563C       GetCurrentTime
 0001:000052B0       GetCursor
 0001:0004BF70       GetCursorHeightMargin
 0001:000052B8       GetCursorPos
 0001:000084A4       GetDate
 0001:00004E28       GetDateFormat
 0001:0000912C       GetDateOrder
 0001:000052C0       GetDC
 0001:000052C8       GetDCEx
 0001:00005040       GetDCOrgEx
 0001:00020184       GetDefFontCharSet
 0001:000052D0       GetDesktopWindow
 0001:00005058       GetDeviceCaps
 0001:0001D08C       GetDIB
 0001:00005048       GetDIBColorTable
 0001:00005050       GetDIBits
 0001:0001CFD4       GetDIBSizes
 0001:0001C2B4       GetDInColors
 0001:00004E30       GetDiskFreeSpaceA
 0002:00000130       GetDiskFreeSpaceEx
 0001:0003644C       GetDockAlign
 0001:000299AC       GetDockSiteAtPos
 0001:00029CD8       GetDropCtl
 0001:000022A4       GetDynaMethod
 0001:0000F308       GetEnumNameValue
 0001:0000F354       GetEnumValue
 0001:00009B3C       GetEraNamesAndYearOffsets
 0001:000091C0       GetEraYearOffset
 0001:0000A46C       GetExceptionClass
 0001:0000A650       GetExceptionObject
 0001:00011BB8       GetFieldClassTable
 0001:0000A8C0       GetFileVersion
 0001:00004F90       GetFileVersionInfo
 0001:00004F98       GetFileVersionInfoSize
 0001:000052D8       GetFocus
 0001:0001AC78       GetFontData
 0001:000052E0       GetForegroundWindow
 0001:0000B074       GetFormatSettings
 0001:00004E38       GetFullPathName
 0001:0001A1E4       GetHashCode
 0001:000471AC       GetHelpInfo
 0001:00021740       GetHelpSystem
 0001:00049A18       GetHint
 0001:00049A50       GetHintControl
 0001:00040174       GetHotkey
 0001:000052E8       GetIconInfo
 0001:00005300       GetKeyboardLayout
 0001:00005308       GetKeyboardLayoutList
 0001:00005310       GetKeyboardState
 0001:00001F18       GetKeyboardType
 0001:000052F0       GetKeyNameText
 0001:000052F8       GetKeyState
 0001:00005318       GetLastActivePopup
 0001:00034714       GetLastChildZone
 0001:00004E40       GetLastError
 0001:00009900       GetLocaleChar
 0001:00004E50       GetLocaleInfo
 0001:00000254       GetLocaleInfo
 0001:000098B4       GetLocaleStr
 0001:00004E48       GetLocalTime
 0001:00028FC0       GetLongHint
 0001:00005320       GetMenu
 0001:00047134       GetMenuHelpContext
 0001:00005328       GetMenuItemCount
 0001:00005330       GetMenuItemID
 0001:00005338       GetMenuItemInfo
 0001:0003D2C4       GetMenuSize
 0001:00005340       GetMenuState
 0001:00005348       GetMenuString
 0001:0000025C       GetModuleFileName
 0001:00004E58       GetModuleFileName
 0001:00004E60       GetModuleHandle
 0001:00004B04       GetModuleHandle
 0001:00000264       GetModuleHandle
 0002:00002908       GetMonitorInfo
 0002:0000290C       GetMonitorInfoA
 0002:00002910       GetMonitorInfoW
 0001:00009964       GetMonthDayNames
 0001:00005350       GetNextWindow
 0001:00005060       GetObject
 0001:0000F428       GetOrdProp
 0001:00005068       GetPaletteEntries
 0001:00005358       GetParent
 0001:00042600       GetParentForm
 0001:00005070       GetPixel
 0001:0000026C       GetProcAddress
 0001:00004E68       GetProcAddress
 0001:00005360       GetProp
 0001:0000F3B8       GetPropInfo
 0001:00042AC0       GetRealScrollPosition
 0001:00038800       GetRGBColor
 0001:00005368       GetScrollInfo
 0001:00005370       GetScrollPos
 0001:00005378       GetScrollRange
 0001:00028F7C       GetShortHint
 0001:00000514       GetSpace
 0001:00000578       GetSpaceAt
 0001:0003AD50       GetSpecialName
 0001:00000274       GetStartupInfo
 0001:000001F4       GetStdHandle
 0001:00004E70       GetStdHandle
 0001:00005078       GetStockObject
 0001:00004E78       GetStringTypeEx
 0001:00005380       GetSubMenu
 0001:00005388       GetSysColor
 0001:00005390       GetSysColorBrush
 0001:00004E80       GetSystemInfo
 0001:00005398       GetSystemMenu
 0001:000053A0       GetSystemMetrics
 0002:000028F8       GetSystemMetrics
 0001:00005080       GetSystemPaletteEntries
 0001:00005088       GetTextExtentPoint32
 0001:00005090       GetTextMetrics
 0002:00002A1C       GetThemeAppProperties
 0002:00002988       GetThemeBackgroundContentRect
 0002:0000298C       GetThemeBackgroundExtent
 0002:0000299C       GetThemeBackgroundRegion
 0002:000029C0       GetThemeBool
 0002:000029B4       GetThemeColor
 0002:00002A28       GetThemeDocumentationProperty
 0002:000029C8       GetThemeEnumValue
 0002:000029E8       GetThemeFilename
 0002:000029D0       GetThemeFont
 0002:000029C4       GetThemeInt
 0002:000029DC       GetThemeIntList
 0002:000029D8       GetThemeMargins
 0002:000029B8       GetThemeMetric
 0002:00002990       GetThemePartSize
 0002:000029CC       GetThemePosition
 0002:000029E0       GetThemePropertyOrigin
 0002:000029D4       GetThemeRect
 0002:000029BC       GetThemeString
 0002:000029F4       GetThemeSysBool
 0002:000029EC       GetThemeSysColor
 0002:000029F0       GetThemeSysColorBrush
 0002:000029FC       GetThemeSysFont
 0002:00002A04       GetThemeSysInt
 0002:000029F8       GetThemeSysSize
 0002:00002A00       GetThemeSysString
 0002:00002994       GetThemeTextExtent
 0002:00002998       GetThemeTextMetrics
 0001:0000027C       GetThreadLocale
 0001:00004E88       GetThreadLocale
 0001:00004E90       GetTickCount
 0001:000084DC       GetTime
 0001:00004B30       GetTlsSize
 0001:0004A1E4       GetTopMostWindows
 0001:0002910C       GetTopParent
 0001:000053A8       GetTopWindow
 0001:0000F2FC       GetTypeData
 0001:00000304       GetVersion
 0001:00004E98       GetVersion
 0001:00004EA0       GetVersionEx
 0001:000053B0       GetWindow
 0001:000053B8       GetWindowDC
 0001:000053C0       GetWindowLong
 0001:00005098       GetWindowOrgEx
 0001:000053C8       GetWindowPlacement
 0001:000053D0       GetWindowRect
 0001:000053D8       GetWindowText
 0002:00002A10       GetWindowTheme
 0001:000053E8       GetWindowThreadProcessId
 0001:000053E0       GetWindowThreadProcessId
 0001:00004EA8       GlobalAddAtom
 0001:00004EB0       GlobalAlloc
 0001:00005648       GlobalAllocPtr
 0001:00004EB8       GlobalDeleteAtom
 0001:00004EC0       GlobalFindAtom
 0002:00002864       GlobalFixupList
 0001:00014F40       GlobalFixupReferences
 0001:00004EC8       GlobalFree
 0001:00005674       GlobalFreePtr
 0001:00004ED8       GlobalHandle
 0001:00004ED0       GlobalLock
 0002:00002848       GlobalNameSpace
 0001:00004EE0       GlobalReAlloc
 0001:00005658       GlobalReAllocPtr
 0001:00004EE8       GlobalUnlock
 0001:00020648       Graphics
 0001:00011DAC       GroupDescendentsWith
 0001:000473B4       HandleEdge
 0001:000163A4       HandleException
 0002:00000024       HeapAllocFlags
 0002:000025C4       heapErrorCode
 0002:000025C8       heapLock
 0001:000222E8       HelpIntfs
 0002:00002934       HelpManager
 0002:00002A6C       HelpMsg
 0002:00002B08       HelpViewer
 0002:00002B0C       HelpViewerIntf
 0002:0000012C       HexDisplayPrefix
 0001:000364C8       HideZone
 0002:00002664       HInstance
 0002:00002BC4       HintDoneEvent
 0001:00049B20       HintGetMsgHook
 0002:00002BC8       HintHook
 0001:00049AC4       HintMouseThread
 0002:00002BCC       HintThread
 0002:00002BC0       HintThreadID
 0001:00049A70       HintTimerProc
 0002:00000C20       HintWindowClass
 0002:000029A0       HitTestThemeBackground
 0001:00049B64       HookHintHooks
 0001:00005780       HwndMSWheel
 0002:00000BB4       IBreaks
 0002:00000BC0       IChecks
 0002:00000BC8       IDefaults
 0001:0001AC68       IdentToCharset
 0001:0001AA60       IdentToColor
 0001:00028F6C       IdentToCursor
 0001:00011F94       IdentToInt
 0002:00000BD0       IEnables
 0001:0003E068       IfHotkeyAvailable
 0002:00002B9C       ImageListWriteExProc
 0001:00020A5C       ImageList_Add
 0001:00020A7C       ImageList_AddIcon
 0001:00020AA0       ImageList_BeginDrag
 0001:00020A44       ImageList_Create
 0001:00020A4C       ImageList_Destroy
 0001:00020AB0       ImageList_DragEnter
 0001:00020AB8       ImageList_DragLeave
 0001:00020AC0       ImageList_DragMove
 0001:00020AD0       ImageList_DragShowNolock
 0001:00020A88       ImageList_Draw
 0001:00020A90       ImageList_DrawEx
 0001:00020AA8       ImageList_EndDrag
 0001:00020A74       ImageList_GetBkColor
 0001:00020AD8       ImageList_GetDragImage
 0001:00020AF0       ImageList_GetIconSize
 0001:00020A54       ImageList_GetImageCount
 0001:00020AE0       ImageList_Read
 0001:00020A98       ImageList_Remove
 0001:00020A64       ImageList_ReplaceIcon
 0001:00020A6C       ImageList_SetBkColor
 0001:00020AC8       ImageList_SetDragCursorImage
 0001:00020AF8       ImageList_SetIconSize
 0001:00020AE8       ImageList_Write
 0002:00000B24       Images
 0001:00039D88       ImgList
 0001:000212F0       Imm
 0002:00000B08       IMM32DLL
 0001:000370B8       Imm32IsIME
 0002:00000180       IMSecsPerDay
 0001:0000D274       InBounds
 0001:0000D514       InBounds
 0001:0000D2A4       Increment
 0001:0000D544       Increment
 0001:000053F0       InflateRect
 0001:0002433C       IniFiles
 0001:000009FC       InitAllocator
 0001:00020B38       InitAnApi
 0002:00002920       InitApis
 0001:0001223C       InitComponent
 0002:00002634       InitContext
 0001:00037154       InitControls
 0001:000201C8       InitDefFontData
 0001:0000B4DC       InitDriveSpacePtr
 0001:0000A72C       InitExceptions
 0001:000223C8       InitFlatSB
 0001:00023864       InitGlobals
 0001:0001CE8C       InitializeBitmapInfoHeader
 0001:00000350       InitializeCriticalSection
 0001:00004EF0       InitializeCriticalSection
 0002:000025C0       initialized
 0001:000223A0       InitializeFlatSB
 0001:00004BBC       InitializeModule
 0001:0000C420       InitializeVarUtils
 0001:00036D58       InitIMM32
 0001:000122E4       InitInheritedComponent
 0001:0000AE88       InitLeadBytes
 0001:00021214       InitMultiMonStubs
 0001:0000A830       InitPlatformId
 0002:00002040       InitProc
 0001:0004C680       InitProcs
 0001:0002014C       InitScreenLogPixels
 0001:0000AF00       InitSysLocale
 0001:000229F0       InitThemeLibrary
 0001:00017CB0       InitThreadSynchronization
 0001:00004B38       InitThreadTLS
 0001:00002AF8       InitUnits
 0001:00028C50       InitWndProc
 0002:00000AA8       InnerStyles
 0002:0000204C       Input
 0001:00049548       InsertBefore
 0001:0002E658       InsertBefore
 0001:00000E08       InsertFree
 0001:0003E11C       InsertHotkeyFarEastFormat
 0001:000053F8       InsertMenu
 0001:00005400       InsertMenuItem
 0002:00002880       InstBlockList
 0002:00002884       InstFreeList
 0002:00002858       IntConstList
 0001:0000B544       InterlockedDecrement
 0001:000002F4       InterlockedDecrement
 0001:00004DF8       InterlockedExchange
 0001:0000B550       InterlockedExchange
 0001:0000B558       InterlockedExchangeAdd
 0001:000002EC       InterlockedIncrement
 0001:0000B538       InterlockedIncrement
 0001:0001A170       InternalDeletePalette
 0001:00001938       InternalFlush
 0001:00000C64       InternalFreeMem
 0001:0001CFDC       InternalGetDIB
 0001:0001CF70       InternalGetDIBSizes
 0001:000120D4       InternalReadComponentRes
 0002:00002AF0       InternalServices
 0001:000032DC       InternalUniqueString
 0001:000050A0       IntersectClipRect
 0001:00005408       IntersectRect
 0001:00006C54       IntToHex
 0001:00011FD4       IntToIdent
 0001:00006B40       IntToStr
 0001:00006C2C       IntToStr
 0001:00005410       InvalidateRect
 0001:0001C030       InvalidBitmap
 0001:0001C018       InvalidGraphic
 0001:0001C03C       InvalidIcon
 0001:0001C000       InvalidOperation
 0001:00011140       InvalidPoint
 0002:00002798       InvalidPointer
 0001:0000215C       InvokeImplGetter
 0001:00001898       IOResult
 0002:00000BF0       IOwnerDraw
 0002:00000BD8       IRadios
 0002:00000BE8       IRTL
 0001:00042590       IsAccel
 0001:0003F2CC       IsAccelChar
 0002:00002A0C       IsAppThemed
 0001:00029764       IsBeforeTargetWindow
 0001:00005418       IsChild
 0002:00002048       IsConsole
 0001:00029BC0       IsDelphiHandle
 0001:00005420       IsDialogMessage
 0002:00000BE0       ISeparators
 0001:00005428       IsIconic
 0001:0003F328       IsInitialChar
 0001:0000811C       IsLeapYear
 0002:00002034       IsLibrary
 0002:00002049       IsMultiThread
 0001:00034178       IsOrientationSet
 0001:00005430       IsRectEmpty
 0001:00029968       IsSiteChildOfClient
 0002:00002A08       IsThemeActive
 0002:000029B0       IsThemeBackgroundPartiallyTransparent
 0002:00002A18       IsThemeDialogTextureEnabled
 0002:000029AC       IsThemePartDefined
 0001:000120B0       IsUniqueGlobalComponentName
 0002:0000284C       IsUniqueGlobalComponentNameProc
 0001:00006A90       IsValidIdent
 0001:0000AEE8       IsWesternGroup
 0001:00005438       IsWindow
 0001:00005440       IsWindowEnabled
 0001:00005448       IsWindowVisible
 0001:00005450       IsZoomed
 0001:0003B11C       Iterate
 0001:0003B17C       IterateMenus
 0002:0000002C       JITEnable
 0001:00042544       KeyboardStateToShiftState
 0001:00042508       KeyDataToShiftState
 0001:000424B4       KeysToShiftState
 0001:00005458       KillTimer
 0001:00006FF0       LastDelimiter
 0001:00004968       LCIDToCodePage
 0001:0000AE14       LCIDToCodePage
 0002:0000010C       LeadBytes
 0001:00000360       LeaveCriticalSection
 0001:00004EF8       LeaveCriticalSection
 0002:00000034       LibModuleList
 0001:000050A8       LineTo
 0001:000244A0       ListActns
 0001:0002A750       ListAdd
 0001:0002A778       ListRemove
 0002:0000274E       ListSeparator
 0001:00005460       LoadBitmap
 0001:00005468       LoadCursor
 0001:00005470       LoadIcon
 0001:00005478       LoadKeyboardLayout
 0001:00004F00       LoadLibrary
 0001:00000284       LoadLibraryEx
 0001:00004F08       LoadResource
 0001:00004070       LoadResourceModule
 0001:00004910       LoadResString
 0001:00005480       LoadString
 0001:0000028C       LoadString
 0001:00000330       LocalAlloc
 0001:00004B0C       LocalAlloc
 0001:00000338       LocalFree
 0001:00009928       LocalGetLocaleStr
 0002:00002A40       Lock
 0001:00004F10       LockResource
 0002:00002690       LongDateFormat
 0002:00002724       LongDayNames
 0002:000026D8       LongMonthNames
 0002:000026A4       LongTimeFormat
 0001:00006894       LowerCase
 0001:00004F88       lstrcpy
 0001:00000294       lstrcpyn
 0002:00002820       LVarTypes
 0002:00002824       LVarTypeSync
 0002:0000202C       MainInstance
 0002:00002030       MainThreadID
 0001:000003C0       MakeEmpty
 0001:00002C08       MakeErrorMessage
 0002:00000AF4       MakeLast
 0001:00005630       MakeLong
 0001:00018F54       MakeObjectInstance
 0001:00005688       MakeROP4
 0001:000056C0       MakeWParam
 0001:0000A3EC       MapException
 0001:00024410       Mapi
 0002:00000948       MAPIDLL
 0002:0000094C       MAPIModule
 0001:00002910       MapToRunError
 0001:00005488       MapVirtualKey
 0001:00005490       MapWindowPoints
 0002:00000B2C       Mask
 0001:000050B0       MaskBlt
 0001:00020784       Math
 0001:0002074C       Max
 0001:00044E48       MaximizedChildren
 0002:0000003C       MemoryManager
 0002:00000B48       MenuKeyCaps
 0001:00040344       Menus
 0001:00000410       MergeBlockAfter
 0001:00000EDC       MergeCommit
 0001:00005498       MessageBox
 0001:0000022C       MessageBox
 0001:000058E0       Messages
 0001:00020744       Min
 0001:00012948       Min
 0001:0002DFE0       MinVar
 0002:00002928       MMAvailable
 0002:00000B0C       ModeMap
 0001:00046B40       ModifySystemMenu
 0002:000000A4       Module
 0002:00002661       ModuleIsCpp
 0002:00002660       ModuleIsLib
 0001:00018F24       ModuleUnload
 0002:00000038       ModuleUnloadList
 0002:00002904       MonitorFromPoint
 0002:00002900       MonitorFromRect
 0002:000028FC       MonitorFromWindow
 0002:000000DC       MonthDays
 0002:00002B10       Mouse
 0001:000018B8       Move
 0001:000050B8       MoveToEx
 0001:0002A798       MoveWindowOrg
 0001:00004F18       MulDiv
 0001:000002A4       MultiByteToWideChar
 0001:0004C124       MultiLineWidth
 0001:000212B0       MultiMon
 0002:00002685       NegCurrFormat
 0001:00000F68       NewCommit
 0001:00000F94       NewCommitAt
 0002:00002B14       NewStyleControls
 0001:0000AC98       NextCharIndex
 0001:0003415C       NextVisibleZone
 0002:000003E0       NilMethod
 0002:00000030       NoErrMsg
 0001:0003BF30       NormalDraw
 0001:000024C8       NotifyAnyExcept
 0001:0000249C       NotifyExcept
 0001:000024FC       NotifyExceptFinally
 0001:000121B0       NotifyGlobalLoading
 0001:00004370       NotifyModuleUnload
 0001:00002478       NotifyNonDelphiException
 0001:000024B4       NotifyOnExcept
 0001:0000245C       NotifyReRaise
 0001:00002524       NotifyTerminate
 0001:00002540       NotifyUnhandled
 0001:0003ECA8       NthParentOf
 0001:0000F084       Null
 0002:0000031C       NullAsStringValue
 0002:00000318       NullStrictConvert
 0001:00028D08       ObjectFromHWnd
 0001:000054A0       OemToAnsi
 0001:000054A8       OffsetRect
 0002:00002978       OpenThemeData
 0002:00000AEC       OrientArray
 0002:00000AB8       OuterStyles
 0002:00002794       OutOfMemory
 0001:0001C048       OutOfResources
 0002:00002218       Output
 0002:00000320       PackVarCreation
 0002:000006DC       Pal16
 0001:0001A554       PaletteChanged
 0001:0001C834       PaletteFromDIBColorTable
 0001:0001C8D8       PaletteToDIBColorTable
 0002:000006D8       PalSize
 0001:00034540       ParentNotLast
 0001:000050C0       PatBlt
 0002:000028E8       PatternManager
 0001:000054B0       PeekMessage
 0002:000028DC       PenManager
 0002:000006A8       PenModes
 0002:00000688       PenStyles
 0001:00004C60       Point
 0001:000110C8       Point
 0001:00011500       PointerInModule
 0001:0002F83C       PointsEqual
 0001:000056A8       PointToSmallPoint
 0002:00002BA0       PopupList
 0001:000054B8       PostMessage
 0001:000054C0       PostQuitMessage
 0001:00022364       Printers
 0001:00048254       ProcessExecute
 0001:000427C0       ProcessHorz
 0001:00048354       ProcessUpdate
 0001:0004282C       ProcessVert
 0001:0001523C       PropertyNotFound
 0001:000164A4       PropPathError
 0002:00000C50       Props
 0001:00015230       PropValueError
 0001:000054C8       PtInRect
 0002:000000A0       PtrToNil
 0001:000078C4       PutExponent
 0002:00002B58       QualifyingSites
 0001:0000A3A8       RaiseAssertException
 0001:00014250       RaiseException
 0001:000001FC       RaiseException
 0002:00002014       RaiseExceptionProc
 0001:0000B3F4       RaiseLastOSError
 0001:000352B0       ReadControlName
 0001:000176E4       ReadCustomVariant
 0001:00015218       ReadError
 0001:00004F20       ReadFile
 0001:0001CB84       ReadIcon
 0001:000050C8       RealizePalette
 0001:00015A58       Recover
 0001:000110F0       Rect
 0001:00004C44       Rect
 0001:000050D0       RectVisible
 0001:000054D0       RedrawWindow
 0002:00002818       RefAnyProc
 0002:00002A3C       ReferenceCount
 0001:000002AC       RegCloseKey
 0001:00004D88       RegCloseKey
 0002:0000285C       RegGroups
 0001:00011CA4       RegisterClass
 0001:000054D8       RegisterClass
 0001:000054E0       RegisterClipboardFormat
 0001:00029B08       RegisterDockSite
 0001:00012018       RegisterFindGlobalComponentProc
 0001:00011EEC       RegisterIntegerConsts
 0001:000043CC       RegisterModule
 0001:000216BC       RegisterViewer
 0001:000054E8       RegisterWindowMessage
 0001:000243A4       Registry
 0001:000002B4       RegOpenKeyEx
 0001:00004D90       RegOpenKeyEx
 0001:00004D98       RegQueryValueEx
 0001:000002BC       RegQueryValueEx
 0001:000232C4       RegStr
 0001:000054F0       ReleaseCapture
 0001:000054F8       ReleaseDC
 0002:00000048       reMap
 0002:00002618       remBytes
 0001:00000480       RemoveBlock
 0002:000003BC       RemoveDataModule
 0001:000150E8       RemoveFixupReferences
 0001:00015194       RemoveFixups
 0001:0001548C       RemoveGlobalFixup
 0001:00005500       RemoveMenu
 0001:000042E8       RemoveModuleUnloadProc
 0001:00004310       RemoveModuleUnloadProc
 0001:00005508       RemoveProp
 0001:00004F28       ResetEvent
 0001:00017CFC       ResetSyncEvent
 0001:0000141C       ResizeInPlace
 0001:000050D8       RestoreDC
 0001:00042160       RestoreFocusState
 0001:000130EC       ReturnAddr
 0001:00012474       ReturnAddr
 0001:0003ACF0       ReturnAddr
 0001:0001C5B4       RGBQuadToTriple
 0001:0001C57C       RGBTripleToQuad
 0001:0002321C       RichEdit
 0002:00002B28       RM_GetObjectInstance
 0002:00002BBC       RM_TaskbarCreated
 0002:00002614       rover
 0002:00000950       RTFConversionFormat
 0001:0000F2C8       RTLConsts
 0001:00000204       RtlUnwind
 0002:00002018       RTLUnwindProc
 0002:0000006C       runErrMsg
 0001:000017C0       RunErrorAt
 0001:0000C3D4       SafeArrayCreate
 0001:0000C3DC       SafeArrayGetLBound
 0001:0000C3E4       SafeArrayGetUBound
 0001:0000C3EC       SafeArrayPtrOfIndex
 0001:0000BA1C       SafeLoadLibrary
 0001:00006974       SameText
 0001:000050E0       SaveDC
 0001:00042158       SaveFocusState
 0001:00008FB0       ScanBlanks
 0001:000090F4       ScanChar
 0001:00009270       ScanDate
 0001:00008FD4       ScanNumber
 0001:00009068       ScanString
 0001:000095B4       ScanTime
 0001:00009178       ScanToNumber
 0002:00002BB4       Screen
 0002:00002894       ScreenLogPixels
 0001:00005510       ScreenToClient
 0001:00042978       ScrollBarVisible
 0001:00005518       ScrollWindow
 0001:00000FC8       SearchSmallBlocks
 0001:000050E8       SelectObject
 0001:000050F0       SelectPalette
 0001:00028D98       SendAppMessage
 0001:000423C8       SendFocusMessage
 0001:00005520       SendMessage
 0002:00000BAC       Separators
 0001:000018F8       Set8087CW
 0001:00005528       SetActiveWindow
 0001:00049C64       SetAnimation
 0001:000050F8       SetBkColor
 0001:00005100       SetBkMode
 0001:00005108       SetBrushOrgEx
 0001:00005530       SetCapture
 0001:0002902C       SetCaptureControl
 0001:00005538       SetClassLong
 0001:0000EC10       SetClearVarToEmptyParam
 0001:00015BC8       SetCompName
 0001:00005540       SetCursor
 0001:00005110       SetDIBColorTable
 0001:00004F30       SetEndOfFile
 0001:00004F38       SetErrorMode
 0001:00004F40       SetEvent
 0001:00002A50       SetExceptionHandler
 0001:00004F48       SetFilePointer
 0001:0000F72C       SetFloatProp
 0001:00005548       SetFocus
 0001:00005550       SetForegroundWindow
 0001:00036FDC       SetImeMode
 0001:00001844       SetInOutRes
 0001:0000F9B0       SetInt64Prop
 0001:0000F9EC       SetInterfaceProp
 0001:00016784       SetInterfaceReference
 0001:000166A0       SetIntIdent
 0002:00000C24       SetLayeredWindowAttributes
 0001:0000F594       SetLongStrProp
 0001:00005558       SetMenu
 0001:00005560       SetMenuItemInfo
 0001:0000F978       SetMethodProp
 0001:000166E8       SetObjectIdent
 0001:0000F49C       SetOrdProp
 0001:00005568       SetParent
 0001:00005118       SetPixel
 0001:00005570       SetProp
 0001:00005578       SetRect
 0001:00005120       SetROP2
 0001:00005580       SetScrollInfo
 0001:00005588       SetScrollPos
 0001:00005590       SetScrollRange
 0001:0000F4F8       SetShortStrProp
 0001:0000F54C       SetShortStrPropAsLongStr
 0001:00005128       SetStretchBltMode
 0001:0000F62C       SetStrProp
 0001:000159D0       SetSubComponentState
 0001:00005130       SetTextColor
 0002:00002A20       SetThemeAppProperties
 0001:00004F50       SetThreadLocale
 0001:00005598       SetTimer
 0001:0000EBF8       SetVarAsError
 0001:0000F938       SetVariantProp
 0001:00016728       SetVariantReference
 0001:00005138       SetViewportOrgEx
 0001:0004BC34       SetVisible
 0001:0000F658       SetWideStrProp
 0001:0000F5D4       SetWideStrPropAsLongStr
 0001:000055A0       SetWindowLong
 0001:00005140       SetWindowOrgEx
 0001:000055A8       SetWindowPlacement
 0001:000055B0       SetWindowPos
 0001:000055B8       SetWindowsHookEx
 0002:000029E4       SetWindowTheme
 0002:0000014C       ShareMode
 0001:0002328C       ShellAPI
 0002:00002AE0       ShellModule
 0001:0002336C       ShlObj
 0001:0003AD18       ShortCut
 0002:00002BA4       ShortCutItems
 0001:0003ADA4       ShortCutToText
 0002:0000268C       ShortDateFormat
 0002:00002708       ShortDayNames
 0002:000026A8       ShortMonthNames
 0002:000026A0       ShortTimeFormat
 0002:00000C9C       ShowCommands
 0002:00000C84       ShowCommands
 0002:00000C90       ShowCommands
 0001:000055C0       ShowCursor
 0001:00009FA8       ShowException
 0002:00000D38       ShowFlags
 0002:00000AA0       ShowFlags
 0001:00042168       ShowMDIClientEdge
 0001:000055C8       ShowOwnedPopups
 0001:000055D0       ShowScrollBar
 0001:000055D8       ShowWindow
 0001:00049C8C       ShowWinNoAnimate
 0001:00036548       ShowZone
 0002:00000B00       SizeCursors
 0001:00004F58       SizeofResource
 0001:00017218       SkipBinary
 0001:00017248       SkipCollection
 0001:000171F0       SkipList
 0001:00004F60       Sleep
 0001:0000B3EC       Sleep
 0001:000110E0       SmallPoint
 0001:00005694       SmallPointToPoint
 0002:00002620       smallTab
 0002:000025E8       spaceRoot
 0001:00011D60       StartClassGroup
 0001:000260BC       StdActns
 0001:00025F54       StdCtrls
 0001:00018F2C       StdWndProc
 0002:0000289C       StockBrush
 0002:000028A0       StockFont
 0002:000028A4       StockIcon
 0002:00002898       StockPen
 0001:00007314       StrAlloc
 0001:00007328       StrBufSize
 0001:0000AA48       StrByteType
 0001:0000AC34       StrCharLength
 0001:00007204       StrComp
 0001:00007164       StrCopy
 0001:00007360       StrDispose
 0001:000394D4       StreamsEqual
 0001:00007140       StrEnd
 0001:00005148       StretchBlt
 0001:00007770       StrFmt
 0001:00007228       StrIComp
 0001:000140EC       StringListCompareStrings
 0001:000400E0       StripHotkey
 0001:0000718C       StrLCopy
 0001:00007128       StrLen
 0001:000077B0       StrLFmt
 0001:00007268       StrLIComp
 0001:00007154       StrMove
 0001:00007334       StrNew
 0001:0000AC54       StrNextChar
 0001:000071C0       StrPCopy
 0001:000071E4       StrPLCopy
 0001:000072C0       StrPos
 0001:000072AC       StrScan
 0001:00006C7C       StrToInt
 0001:00006CB8       StrToIntDef
 0001:000241A4       StrUtils
 0002:00000C78       Styles
 0001:0000B960       Supports
 0001:0000B984       Supports
 0002:00002850       SyncEvent
 0002:000003E8       SyncList
 0001:00022828       SyncObjs
 0001:000002D4       SysAllocStringLen
 0001:00005BF0       SysConst
 0002:00000C40       SysConsts
 0002:00000C48       SysConsts
 0001:00009868       SysErrorMessage
 0001:00001278       SysFreeMem
 0001:000002E4       SysFreeString
 0001:000010E8       SysGetMem
 0001:00004C3C       SysInit
 0002:00002740       SysLocale
 0001:000015F8       SysReallocMem
 0001:000002DC       SysReAllocStringLen
 0001:00004A30       System
 0002:0000288C       SystemPalette16
 0001:0001C79C       SystemPaletteOverride
 0001:000055E0       SystemParametersInfo
 0001:0000BEF0       SysUtils
 0001:00037E70       TActionLink.IsCaptionLinked
 0001:00037E84       TActionLink.IsCheckedLinked
 0001:00037E98       TActionLink.IsEnabledLinked
 0001:00037EAC       TActionLink.IsGroupIndexLinked
 0001:00037EC0       TActionLink.IsHelpContextLinked
 0001:00037ED4       TActionLink.IsHelpLinked
 0001:00037EE8       TActionLink.IsHintLinked
 0001:00037EFC       TActionLink.IsImageIndexLinked
 0001:00037F10       TActionLink.IsShortCutLinked
 0001:00037F24       TActionLink.IsVisibleLinked
 0001:00037F38       TActionLink.SetAutoCheck
 0001:00037F3C       TActionLink.SetCaption
 0001:00037F40       TActionLink.SetChecked
 0001:00037F44       TActionLink.SetEnabled
 0001:00037F48       TActionLink.SetGroupIndex
 0001:00037F4C       TActionLink.SetHelpContext
 0001:00037F50       TActionLink.SetHelpKeyword
 0001:00037F54       TActionLink.SetHelpType
 0001:00037F58       TActionLink.SetHint
 0001:00037F5C       TActionLink.SetImageIndex
 0001:00037F60       TActionLink.SetShortCut
 0001:00037F64       TActionLink.SetVisible
 0001:0004C1D0       TApplication.ActivateHint
 0001:0004AE24       TApplication.BringToFront
 0001:0004BF38       TApplication.CancelHint
 0001:0004A408       TApplication.CheckIniChange
 0001:0004A184       TApplication.ControlDestroyed
 0001:00049CCC       TApplication.Create
 0001:0004B224       TApplication.CreateForm
 0001:00049FD4       TApplication.CreateHandle
 0001:00049EB8       TApplication.Destroy
 0001:0004C5A0       TApplication.DispatchAction
 0001:0004B904       TApplication.DoActionIdle
 0001:0004B968       TApplication.DoMouseIdle
 0001:0004A254       TApplication.DoNormalizeTopMosts
 0001:0004C630       TApplication.ExecuteAction
 0001:0004C564       TApplication.GetCurrentHelpFile
 0001:0004AC58       TApplication.GetIconHandle
 0001:0004AE60       TApplication.GetTitle
 0001:0004B3A4       TApplication.HandleException
 0001:0004B110       TApplication.HandleMessage
 0001:0004B8AC       TApplication.HelpCommand
 0001:0004B844       TApplication.HelpContext
 0001:0004B7DC       TApplication.HelpKeyword
 0001:0004BEF4       TApplication.HideHint
 0001:0004BDAC       TApplication.HintMouseMessage
 0001:0004BEBC       TApplication.HintTimerExpired
 0001:0004B134       TApplication.HookMainWindow
 0001:0004C6DC       TApplication.HookSynchronizeWakeup
 0001:0004BB3C       TApplication.IconChanged
 0001:0004B9E0       TApplication.Idle
 0001:0004B20C       TApplication.Initialize
 0001:0004B674       TApplication.InvokeHelp
 0001:0004AEAC       TApplication.IsDlgMsg
 0001:0004AFD8       TApplication.IsHintMsg
 0001:0004AF20       TApplication.IsKeyMsg
 0001:0004AED0       TApplication.IsMDIMsg
 0001:0004B00C       TApplication.IsShortCut
 0001:0004B434       TApplication.MessageBox
 0001:0004AC74       TApplication.Minimize
 0001:0004A330       TApplication.ModalFinished
 0001:0004A304       TApplication.ModalStarted
 0001:0004A364       TApplication.NormalizeAllTopMosts
 0001:0004A35C       TApplication.NormalizeTopMosts
 0001:0004BB00       TApplication.NotifyForms
 0001:0004B078       TApplication.ProcessMessage
 0001:0004AD24       TApplication.Restore
 0001:0004A36C       TApplication.RestoreTopMosts
 0001:0004B2A4       TApplication.Run
 0001:0004BBA0       TApplication.SetHint
 0001:0004B8B4       TApplication.SetShowHint
 0001:0004A460       TApplication.SettingChange
 0001:0004B59C       TApplication.ShowException
 0001:0004BD40       TApplication.StartHintTimer
 0001:0004BD84       TApplication.StopHintTimer
 0001:0004B390       TApplication.Terminate
 0001:0004B190       TApplication.UnhookMainWindow
 0001:0004C6EC       TApplication.UnhookSynchronizeWakeup
 0001:0004C658       TApplication.UpdateAction
 0001:0004BC90       TApplication.UpdateVisible
 0001:0004A3F0       TApplication.UseRightToLeftAlignment
 0001:0004A3D8       TApplication.UseRightToLeftReading
 0001:0004BD18       TApplication.ValidateHelpSystem
 0001:0004C6CC       TApplication.WakeMainThread
 0001:0004A554       TApplication.WndProc
 0002:00000C30       TaskActiveWindow
 0002:00000C38       TaskFirstTopMost
 0002:00000C34       TaskFirstWindow
 0002:00000C3C       TaskWindowList
 0001:0002947C       TBaseDragControlObject.Assign
 0001:00029458       TBaseDragControlObject.Create
 0001:000294A8       TBaseDragControlObject.EndDrag
 0001:000294D4       TBaseDragControlObject.Finished
 0001:00018930       TBasicAction.Change
 0001:000187CC       TBasicAction.Create
 0001:00018810       TBasicAction.Destroy
 0001:0001889C       TBasicAction.Execute
 0001:0001886C       TBasicAction.ExecuteTarget
 0001:00018868       TBasicAction.HandlesTarget
 0001:00018870       TBasicAction.Notification
 0001:00018944       TBasicAction.RegisterChanges
 0001:00018990       TBasicAction.SetActionComponent
 0001:000188D4       TBasicAction.SetOnExecute
 0001:00018950       TBasicAction.UnRegisterChanges
 0001:000188B8       TBasicAction.Update
 0001:00018898       TBasicAction.UpdateTarget
 0001:0001871C       TBasicActionLink.AssignClient
 0001:00018754       TBasicActionLink.Change
 0001:000186D8       TBasicActionLink.Create
 0001:00018720       TBasicActionLink.Destroy
 0001:0001876C       TBasicActionLink.Execute
 0001:000187B4       TBasicActionLink.IsOnExecuteLinked
 0001:00018788       TBasicActionLink.SetAction
 0001:000187B8       TBasicActionLink.SetOnExecute
 0001:000187C0       TBasicActionLink.Update
 0001:0001E4F4       TBitmap.Assign
 0001:0001E6C8       TBitmap.Changed
 0001:0001E6A4       TBitmap.Changing
 0001:0001E5E4       TBitmap.CopyImage
 0001:0001E450       TBitmap.Create
 0001:0001E4B8       TBitmap.Destroy
 0001:0001EB54       TBitmap.DIBNeeded
 0001:0001E6D4       TBitmap.Dormant
 0001:0001E748       TBitmap.Draw
 0001:0001EBC8       TBitmap.FreeContext
 0001:0001E998       TBitmap.FreeImage
 0001:0001EA18       TBitmap.GetCanvas
 0001:0001E9FC       TBitmap.GetEmpty
 0001:0001EA60       TBitmap.GetHandle
 0001:0001EA84       TBitmap.GetHandleType
 0001:0001EAB0       TBitmap.GetHeight
 0001:0001EAC0       TBitmap.GetMaskHandle
 0001:0001EAD4       TBitmap.GetMonochrome
 0001:0001EAF0       TBitmap.GetPalette
 0001:0001EB04       TBitmap.GetTransparentColor
 0001:0001EB4C       TBitmap.GetWidth
 0001:0001EBD8       TBitmap.HandleNeeded
 0001:0001ED90       TBitmap.LoadFromClipboardFormat
 0001:0001EE14       TBitmap.LoadFromStream
 0001:0001EC78       TBitmap.MaskHandleNeeded
 0001:0001EE38       TBitmap.NewImage
 0001:0001ECD8       TBitmap.PaletteNeeded
 0001:0001EF38       TBitmap.ReadData
 0001:0001EF60       TBitmap.ReadDIB
 0001:0001F4C8       TBitmap.ReadStream
 0001:0001FBF8       TBitmap.SaveToClipboardFormat
 0001:0001FBF0       TBitmap.SaveToStream
 0001:0001F538       TBitmap.SetHandle
 0001:0001F5FC       TBitmap.SetHandleType
 0001:0001F734       TBitmap.SetHeight
 0001:0001F788       TBitmap.SetMonochrome
 0001:0001F808       TBitmap.SetPalette
 0001:0001F8DC       TBitmap.SetWidth
 0001:0001F930       TBitmap.WriteData
 0001:0001F938       TBitmap.WriteStream
 0001:0001D7B4       TBitmapCanvas.Create
 0001:0001D8BC       TBitmapCanvas.CreateHandle
 0001:0001D7F0       TBitmapCanvas.Destroy
 0001:0001D81C       TBitmapCanvas.FreeContext
 0001:0001D9CC       TBitmapImage.Destroy
 0001:0001DA28       TBitmapImage.FreeHandle
 0001:00012900       TBits.Destroy
 0001:00012930       TBits.Error
 0001:00012A24       TBits.OpenBit
 0001:000129F8       TBits.SetBit
 0001:00012954       TBits.SetSize
 0001:0001B58C       TBrush.Assign
 0001:0001B524       TBrush.Create
 0001:0001B564       TBrush.Destroy
 0001:0001B6C4       TBrush.GetColor
 0001:0001B634       TBrush.GetData
 0001:0001B700       TBrush.GetHandle
 0001:0001B7E0       TBrush.GetStyle
 0001:0001B6A0       TBrush.SetBitmap
 0001:0001B6CC       TBrush.SetColor
 0001:0001B650       TBrush.SetData
 0001:0001B7E8       TBrush.SetStyle
 0001:00025C4C       TButton.Click
 0001:00025DD4       TButton.CMDialogChar
 0001:00025D64       TButton.CMDialogKey
 0001:00025E58       TButton.CMFocusChanged
 0001:00025D50       TButton.CNCommand
 0001:00025ED8       TButton.CNCtlColorBtn
 0001:00025BE8       TButton.Create
 0001:00025CFC       TButton.CreateParams
 0001:00025D38       TButton.CreateWnd
 0001:00025C74       TButton.SetButtonStyle
 0001:00025CC8       TButton.SetDefault
 0001:00025C70       TButton.UseRightToLeftAlignment
 0001:00025EAC       TButton.WMEraseBkgnd
 0001:00025954       TButtonActionLink.AssignClient
 0001:00025978       TButtonActionLink.IsCheckedLinked
 0001:000259B0       TButtonActionLink.SetChecked
 0001:00025A68       TButtonControl.ActionChange
 0001:00025B38       TButtonControl.CNCtlColorStatic
 0001:00025A14       TButtonControl.Create
 0001:00025BB0       TButtonControl.CreateParams
 0001:00025AB0       TButtonControl.GetActionLinkClass
 0001:00025AB8       TButtonControl.GetChecked
 0001:00025ABC       TButtonControl.SetChecked
 0001:00025BD4       TButtonControl.SetWordWrap
 0001:00025B84       TButtonControl.WMEraseBkGnd
 0001:00025AC0       TButtonControl.WndProc
 0001:0001BFE0       TCanvas.BrushChanged
 0001:0001BEB4       TCanvas.Changed
 0001:0001BEA0       TCanvas.Changing
 0001:0001B93C       TCanvas.CopyRect
 0001:0001B81C       TCanvas.Create
 0001:0001BF24       TCanvas.CreateBrush
 0001:0001BEC8       TCanvas.CreateFont
 0001:0001BDD4       TCanvas.CreateHandle
 0001:0001BEF4       TCanvas.CreatePen
 0001:0001BD78       TCanvas.DeselectHandles
 0001:0001B8E0       TCanvas.Destroy
 0001:0001B9C4       TCanvas.Draw
 0001:0001BA70       TCanvas.FillRect
 0001:0001BFA0       TCanvas.FontChanged
 0001:0001BD58       TCanvas.GetHandle
 0001:0001BCA0       TCanvas.GetPenPos
 0001:0001BCE4       TCanvas.GetPixel
 0001:0001BAAC       TCanvas.LineTo
 0001:0001BAE4       TCanvas.Lock
 0001:0001BB0C       TCanvas.MoveTo
 0001:0001BFC0       TCanvas.PenChanged
 0001:0001BE2C       TCanvas.RequiredState
 0001:0001BC94       TCanvas.SetBrush
 0001:0001BC78       TCanvas.SetFont
 0001:0001BDD8       TCanvas.SetHandle
 0001:0001BC88       TCanvas.SetPen
 0001:0001BCC4       TCanvas.SetPenPos
 0001:0001BD10       TCanvas.SetPixel
 0001:0001BB38       TCanvas.StretchDraw
 0001:0001BB74       TCanvas.TextExtent
 0001:0001BBD4       TCanvas.TextHeight
 0001:0001BBB8       TCanvas.TextWidth
 0001:0001BBF4       TCanvas.TryLock
 0001:0001BC50       TCanvas.Unlock
 0001:00039D40       TChangeLink.Change
 0001:00039D0C       TChangeLink.Destroy
 0001:000119D4       TClassFinder.Create
 0001:00011B00       TClassFinder.Destroy
 0001:00011B30       TClassFinder.GetClass
 0001:00012D24       TCollection.Add
 0001:00012D44       TCollection.Clear
 0001:00023550       TCommonDialog.Create
 0001:000235F4       TCommonDialog.DefaultHandler
 0001:00023598       TCommonDialog.Destroy
 0001:00023798       TCommonDialog.DoClose
 0001:000237AC       TCommonDialog.DoShow
 0001:0002362C       TCommonDialog.MainWndProc
 0001:000235CC       TCommonDialog.MessageHook
 0001:000236C4       TCommonDialog.TaskModalDialog
 0001:00023680       TCommonDialog.WMDestroy
 0001:00023698       TCommonDialog.WMInitDialog
 0001:000236B0       TCommonDialog.WMNCDestroy
 0001:00023678       TCommonDialog.WndProc
 0001:00017F88       TComponent.BeforeDestruction
 0001:000184A8       TComponent.ChangeName
 0001:00017EC4       TComponent.Create
 0001:0001823C       TComponent.DefineProperties
 0001:00017F10       TComponent.Destroy
 0001:0001810C       TComponent.DestroyComponents
 0001:00018164       TComponent.Destroying
 0001:000185E4       TComponent.ExecuteAction
 0001:000183CC       TComponent.FindComponent
 0001:00017F94       TComponent.FreeNotification
 0001:000182D0       TComponent.GetChildOwner
 0001:000182D4       TComponent.GetChildParent
 0001:000182C8       TComponent.GetChildren
 0001:000184BC       TComponent.GetComponent
 0001:000184E8       TComponent.GetComponentCount
 0001:000182D8       TComponent.GetNamePath
 0001:000182EC       TComponent.GetOwner
 0001:000182F4       TComponent.GetParentComponent
 0001:000182C4       TComponent.HasParent
 0001:00018028       TComponent.Insert
 0001:0001807C       TComponent.InsertComponent
 0001:000186D4       TComponent.IntfGetComponent
 0001:00018314       TComponent.Loaded
 0001:000181E0       TComponent.Notification
 0001:00018320       TComponent.PaletteCreated
 0001:00018654       TComponent.QueryInterface
 0001:00017FE8       TComponent.ReadLeft
 0001:00018324       TComponent.ReadState
 0001:00017FFC       TComponent.ReadTop
 0001:00018054       TComponent.Remove
 0001:000180D4       TComponent.RemoveComponent
 0001:000181C4       TComponent.RemoveFreeNotification
 0001:000181A0       TComponent.RemoveNotification
 0001:00018634       TComponent.SafeCallException
 0001:000182F0       TComponent.SetChildOrder
 0001:000184F8       TComponent.SetComponentIndex
 0001:0001854C       TComponent.SetDesigning
 0001:0001841C       TComponent.SetName
 0001:000182F8       TComponent.SetParentComponent
 0001:0001859C       TComponent.SetReference
 0001:0001860C       TComponent.UpdateAction
 0001:00018308       TComponent.Updated
 0001:0001864C       TComponent.UpdateRegistry
 0001:000182FC       TComponent.Updating
 0001:000183B4       TComponent.ValidateContainer
 0001:000183C8       TComponent.ValidateInsert
 0001:00018334       TComponent.ValidateRename
 0001:00018010       TComponent.WriteLeft
 0001:0001832C       TComponent.WriteState
 0001:0001801C       TComponent.WriteTop
 0001:00018694       TComponent._AddRef
 0001:000186B4       TComponent._Release
 0001:0003790C       TContainedAction.Destroy
 0001:00037A78       TContainedAction.Execute
 0001:00037940       TContainedAction.GetIndex
 0001:0003795C       TContainedAction.GetParentComponent
 0001:0003796C       TContainedAction.HasParent
 0001:00037958       TContainedAction.IsCategoryStored
 0001:0003797C       TContainedAction.ReadState
 0001:00037A24       TContainedAction.SetActionList
 0001:000379F8       TContainedAction.SetCategory
 0001:000379B0       TContainedAction.SetIndex
 0001:00037A4C       TContainedAction.SetParentComponent
 0001:00037AD0       TContainedAction.Update
 0001:0002DD14       TControl.ActionChange
 0001:0002E100       TControl.AdjustSize
 0001:0002DF34       TControl.AssignTo
 0001:0002C4D0       TControl.BeginAutoDrag
 0001:0002C4E8       TControl.BeginDrag
 0001:0002C0AC       TControl.BringToFront
 0001:0002CEC0       TControl.CalcCursorPos
 0001:0002D028       TControl.CalcDockSizes
 0001:0002CDC0       TControl.CanAutoSize
 0001:0002CDC4       TControl.CanResize
 0001:0002BA68       TControl.ChangeScale
 0001:0002D584       TControl.CheckNewSize
 0001:0002D37C       TControl.Click
 0001:0002B974       TControl.ClientToScreen
 0001:0002DAC8       TControl.CMBiDiModeChanged
 0001:0002DA10       TControl.CMColorChanged
 0001:0002DB9C       TControl.CMDesignHitTest
 0001:0002DA00       TControl.CMEnabledChanged
 0001:0002DCB4       TControl.CMFloat
 0001:0002DA08       TControl.CMFontChanged
 0001:0002E14C       TControl.CMHintShow
 0001:0002DB64       TControl.CMHitTest
 0001:0002DB6C       TControl.CMMouseEnter
 0001:0002DB84       TControl.CMMouseLeave
 0001:0002DA6C       TControl.CMMouseWheel
 0001:0002DA48       TControl.CMParentBiDiModeChanged
[...]
 0001:0004A3D8       TApplication.UseRightToLeftReading
 0001:0004A3F0       TApplication.UseRightToLeftAlignment
 0001:0004A408       TApplication.CheckIniChange
 0001:0004A460       TApplication.SettingChange
 0001:0004A4CC       Default
 0001:0004A508       DrawAppIcon
 0001:0004A554       TApplication.WndProc
 0001:0004AC58       TApplication.GetIconHandle
 0001:0004AC74       TApplication.Minimize
 0001:0004AD24       TApplication.Restore
 0001:0004AE24       TApplication.BringToFront
 0001:0004AE60       TApplication.GetTitle
 0001:0004AEAC       TApplication.IsDlgMsg
 0001:0004AED0       TApplication.IsMDIMsg
 0001:0004AF20       TApplication.IsKeyMsg
 0001:0004AFD8       TApplication.IsHintMsg
 0001:0004B00C       TApplication.IsShortCut
 0001:0004B078       TApplication.ProcessMessage
 0001:0004B110       TApplication.HandleMessage
 0001:0004B134       TApplication.HookMainWindow
 0001:0004B190       TApplication.UnhookMainWindow
 0001:0004B20C       TApplication.Initialize
 0001:0004B224       TApplication.CreateForm
 0001:0004B2A4       TApplication.Run
 0001:0004B390       TApplication.Terminate
 0001:0004B3A4       TApplication.HandleException
 0001:0004B434       TApplication.MessageBox
 0001:0004B59C       TApplication.ShowException
 0001:0004B674       TApplication.InvokeHelp
 0001:0004B7DC       TApplication.HelpKeyword
 0001:0004B844       TApplication.HelpContext
 0001:0004B8AC       TApplication.HelpCommand
 0001:0004B8B4       TApplication.SetShowHint
 0001:0004B904       TApplication.DoActionIdle
 0001:0004B968       TApplication.DoMouseIdle
 0001:0004B9E0       TApplication.Idle
 0001:0004BB00       TApplication.NotifyForms
 0001:0004BB3C       TApplication.IconChanged
 0001:0004BBA0       TApplication.SetHint
 0001:0004BC34       SetVisible
 0001:0004BC90       TApplication.UpdateVisible
 0001:0004BD18       TApplication.ValidateHelpSystem
 0001:0004BD40       TApplication.StartHintTimer
 0001:0004BD84       TApplication.StopHintTimer
 0001:0004BDAC       TApplication.HintMouseMessage
 0001:0004BEBC       TApplication.HintTimerExpired
 0001:0004BEF4       TApplication.HideHint
 0001:0004BF38       TApplication.CancelHint
 0001:0004BF60       FindScanline
 0001:0004BF70       GetCursorHeightMargin
 0001:0004C0C4       ValidateHintWindow
 0001:0004C124       MultiLineWidth
 0001:0004C1D0       TApplication.ActivateHint
 0001:0004C564       TApplication.GetCurrentHelpFile
 0001:0004C5A0       TApplication.DispatchAction
 0001:0004C630       TApplication.ExecuteAction
 0001:0004C658       TApplication.UpdateAction
 0001:0004C680       InitProcs
 0001:0004C6CC       TApplication.WakeMainThread
 0001:0004C6DC       TApplication.HookSynchronizeWakeup
 0001:0004C6EC       TApplication.UnhookSynchronizeWakeup
 0001:0004C70C       Finalization
 0001:0004C768       Forms
 0001:0004C93C       Finalization
 0001:0004C96C       DeskHelpApp_Unit1
 0001:0004C974       Finalization
 0001:0004CB7C       DeskHelp
 0002:00000000       ExitCode
 0002:00000004       ErrorAddr
 0002:00000008       FileMode
 0002:0000000C       VarClearProc
 0002:00000010       VarAddRefProc
 0002:00000014       VarCopyProc
 0002:00000018       VarToLStrProc
 0002:0000001C       VarToWStrProc
 0002:00000020       Default8087CW
 0002:00000024       HeapAllocFlags
 0002:00000028       DebugHook
 0002:0000002C       JITEnable
 0002:00000030       NoErrMsg
 0002:00000034       LibModuleList
 0002:00000038       ModuleUnloadList
 0002:0000003C       MemoryManager
 0002:00000048       reMap
 0002:00000064       errCaption
 0002:0000006C       runErrMsg
 0002:0000008C       dig
 0002:0000009C       TlsIndex
 0002:000000A0       PtrToNil
 0002:000000A4       Module
 0002:000000BC       EmptyStr
 0002:000000C0       EmptyWideStr
 0002:000000C4       Win32Platform
 0002:000000C8       Win32MajorVersion
 0002:000000CC       Win32MinorVersion
 0002:000000D0       Win32BuildNumber
 0002:000000D4       Win32CSDVersion
 0002:000000D8       TwoDigitYearCenturyWindow
 0002:000000DC       MonthDays
 0002:0000010C       LeadBytes
 0002:0000012C       HexDisplayPrefix
 0002:00000130       GetDiskFreeSpaceEx
 0002:00000134       ExitProcList
 0002:00000138       cSimpleBoolStrs
 0002:00000140       AccessMode
 0002:0000014C       ShareMode
 0002:00000160       FormatErrorStrs
 0002:00000168       FCon1E18
 0002:00000174       DCon10
 0002:00000178       CWNear
 0002:0000017C       FMSecsPerDay
 0002:00000180       IMSecsPerDay
 0002:00000184       Format
 0002:00000188       DefShortMonthNames
 0002:000001B8       DefLongMonthNames
 0002:000001E8       DefShortDayNames
 0002:00000204       DefLongDayNames
 0002:00000220       ErrorMap
 0002:00000258       ExceptMap
 0002:00000308       WesternGroups
 0002:0000030C       TerminateProcList
 0002:00000310       CResult
 0002:00000318       NullStrictConvert
 0002:0000031C       NullAsStringValue
 0002:00000320       PackVarCreation
 0002:00000324       BooleanToStringRule
 0002:00000328       CInvalidCustomVariantType
 0002:0000032C       CRangeToType
 0002:00000340       CText
 0002:00000394       CRelationshipToBoolean
 0002:000003A8       BooleanIdents
 0002:000003B0       DotSep
 0002:000003B4       AddDataModule
 0002:000003BC       RemoveDataModule
 0002:000003C4       ApplicationHandleException
 0002:000003CC       ApplicationShowException
 0002:000003D4       WakeMainThread
 0002:000003DC       FilerSignature
 0002:000003E0       NilMethod
 0002:000003E8       SyncList
 0002:000003EC       BlockCode
 0002:000003F0       UtilWindowClass
 0002:00000418       DefFontData
 0002:00000444       DDBsOnly
 0002:00000448       Colors
 0002:000005E8       FontCharsets
 0002:00000678       DefPenData
 0002:00000688       PenStyles
 0002:00000698       DefBrushData
 0002:000006A8       PenModes
 0002:000006C8       ClipboardFormats
 0002:000006CC       FileFormats
 0002:000006D0       BitmapCanvasList
 0002:000006D4       DIBPalSizes
 0002:000006D8       PalSize
 0002:000006DC       Pal16
 0002:0000071C       FPrinter
 0002:00000720       CreationControl
 0002:00000724       WndProcPtrAtom
 0002:00000728       Captions
 0002:0000073C       ButtonNames
 0002:00000768       ButtonCaptions
 0002:00000794       ColorToPretyName
 0002:0000090C       BitBtnCaptions
 0002:00000938       Values
 0002:00000940       Values
 0002:00000948       MAPIDLL
 0002:0000094C       MAPIModule
 0002:00000950       RTFConversionFormat
 0002:0000095C       TextConversionFormat
 0002:00000968       ThemeServicesClass
 0002:0000096C       Copyright
 0002:00000970       ThemeDataNames
 0002:000009D0       ButtonStyles
 0002:000009D8       AnimateWindowProc
 0002:000009DC       CreationControl
 0002:000009E0       DefaultDockTreeClass
 0002:000009E4       AnchorAlign
 0002:000009EC       Cursors
 0002:00000A9C       CaptureControl
 0002:00000AA0       ShowFlags
 0002:00000AA4       WindowPos
 0002:00000AA8       InnerStyles
 0002:00000AB8       OuterStyles
 0002:00000AC8       EdgeStyles
 0002:00000AD8       Ctl3DStyles
 0002:00000AE0       AnimationStyle
 0002:00000AEC       OrientArray
 0002:00000AF4       MakeLast
 0002:00000AFC       TreeStreamEndFlag
 0002:00000B00       SizeCursors
 0002:00000B08       IMM32DLL
 0002:00000B0C       ModeMap
 0002:00000B14       DrawingStyles
 0002:00000B24       Images
 0002:00000B2C       Mask
 0002:00000B34       ValidMenuHotkeys
 0002:00000B38       cMenuAutoFlagToItem
 0002:00000B3C       cItemAutoFlagToMenu
 0002:00000B40       cBooleanToItemAutoFlag
 0002:00000B44       cItemAutoFlagToBoolean
 0002:00000B48       MenuKeyCaps
 0002:00000B90       Checks
 0002:00000B98       Enables
 0002:00000BA0       Breaks
 0002:00000BAC       Separators
 0002:00000BB4       IBreaks
 0002:00000BC0       IChecks
 0002:00000BC8       IDefaults
 0002:00000BD0       IEnables
 0002:00000BD8       IRadios
 0002:00000BE0       ISeparators
 0002:00000BE8       IRTL
 0002:00000BF0       IOwnerDraw
 0002:00000BF8       Alignments
 0002:00000C00       EdgeStyle
 0002:00000C08       Alignments
 0002:00000C10       Flags
 0002:00000C1C       Buttons
 0002:00000C20       HintWindowClass
 0002:00000C24       SetLayeredWindowAttributes
 0002:00000C28       FocusMessages
 0002:00000C2C       FocusCount
 0002:00000C30       TaskActiveWindow
 0002:00000C34       TaskFirstWindow
 0002:00000C38       TaskFirstTopMost
 0002:00000C3C       TaskWindowList
 0002:00000C40       SysConsts
 0002:00000C48       SysConsts
 0002:00000C50       Props
 0002:00000C78       Styles
 0002:00000C84       ShowCommands
 0002:00000C90       ShowCommands
 0002:00000C9C       ShowCommands
 0002:00000CA8       cUseAlpha
 0002:00000CB0       cUseColorKey
 0002:00000CB8       CursorMap
 0002:00000D0C       WindowClass
 0002:00000D34       AppVisible
 0002:00000D38       ShowFlags
 0002:00002000       DispCallByIDProc
 0002:00002004       ExceptProc
 0002:00002008       ErrorProc
 0002:0000200C       ExceptClsProc
 0002:00002010       ExceptObjProc
 0002:00002014       RaiseExceptionProc
 0002:00002018       RTLUnwindProc
 0002:0000201C       ExceptionClass
 0002:00002020       AssertErrorProc
 0002:00002024       ExitProcessProc
 0002:00002028       AbstractErrorProc
 0002:0000202C       MainInstance
 0002:00002030       MainThreadID
 0002:00002034       IsLibrary
 0002:00002038       CmdShow
 0002:0000203C       CmdLine
 0002:00002040       InitProc
 0002:00002044       ExitProc
 0002:00002048       IsConsole
 0002:00002049       IsMultiThread
 0002:0000204A       Test8086
 0002:0000204C       Input
 0002:00002218       Output
 0002:000023E4       ErrOutput
 0002:000025B0       AllocMemCount
 0002:000025B4       AllocMemSize
 0002:000025B8       .5
 0002:000025BC       DefaultUserCodePage
 0002:000025C0       initialized
 0002:000025C4       heapErrorCode
 0002:000025C8       heapLock
 0002:000025E0       blockDescBlockList
 0002:000025E4       blockDescFreeList
 0002:000025E8       spaceRoot
 0002:000025F8       decommittedRoot
 0002:00002608       avail
 0002:00002614       rover
 0002:00002618       remBytes
 0002:0000261C       curAlloc
 0002:00002620       smallTab
 0002:00002624       committedRoot
 0002:00002634       InitContext
 0002:00002660       ModuleIsLib
 0002:00002661       ModuleIsCpp
 0002:00002664       HInstance
 0002:00002668       .1
 0002:0000266C       tlsBuffer
 0002:00002670       .1
 0002:00002674       .3
 0002:00002678       .1
 0002:0000267C       .1
 0002:00002680       CurrencyString
 0002:00002684       CurrencyFormat
 0002:00002685       NegCurrFormat
 0002:00002686       ThousandSeparator
 0002:00002687       DecimalSeparator
 0002:00002688       CurrencyDecimals
 0002:00002689       DateSeparator
 0002:0000268C       ShortDateFormat
 0002:00002690       LongDateFormat
 0002:00002694       TimeSeparator
 0002:00002698       TimeAMString
 0002:0000269C       TimePMString
 0002:000026A0       ShortTimeFormat
 0002:000026A4       LongTimeFormat
 0002:000026A8       ShortMonthNames
 0002:000026D8       LongMonthNames
 0002:00002708       ShortDayNames
 0002:00002724       LongDayNames
 0002:00002740       SysLocale
 0002:0000274E       ListSeparator
 0002:00002750       EraNames
 0002:0000276C       EraYearOffsets
 0002:00002788       TrueBoolStrs
 0002:0000278C       FalseBoolStrs
 0002:00002790       .35
 0002:00002794       OutOfMemory
 0002:00002798       InvalidPointer
 0002:0000279C       FLanguages
 0002:000027A0       VariantChangeTypeEx
 0002:000027A4       VarNeg
 0002:000027A8       VarNot
 0002:000027AC       VarAdd
 0002:000027B0       VarSub
 0002:000027B4       VarMul
 0002:000027B8       VarDiv
 0002:000027BC       VarIDiv
 0002:000027C0       VarMod
 0002:000027C4       VarAnd
 0002:000027C8       VarOr
 0002:000027CC       VarXor
 0002:000027D0       VarCmp
 0002:000027D4       VarI4FromStr
 0002:000027D8       VarR4FromStr
 0002:000027DC       VarR8FromStr
 0002:000027E0       VarDateFromStr
 0002:000027E4       VarCyFromStr
 0002:000027E8       VarBoolFromStr
 0002:000027EC       VarBstrFromCy
 0002:000027F0       VarBstrFromDate
 0002:000027F4       VarBstrFromBool
 0002:000027F8       .5
 0002:000027FC       EmptyParam
 0002:0000280C       VarDispProc
 0002:00002810       ClearAnyProc
 0002:00002814       ChangeAnyProc
 0002:00002818       RefAnyProc
 0002:0000281C       .81
 0002:00002820       LVarTypes
 0002:00002824       LVarTypeSync
 0002:0000283C       .1
 0002:00002840       .6
 0002:00002844       .3
 0002:00002848       GlobalNameSpace
 0002:0000284C       IsUniqueGlobalComponentNameProc
 0002:00002850       SyncEvent
 0002:00002854       .45
 0002:00002858       IntConstList
 0002:0000285C       RegGroups
 0002:00002860       FindGlobalComponentProcs
 0002:00002864       GlobalFixupList
 0002:00002868       ThreadLock
 0002:00002880       InstBlockList
 0002:00002884       InstFreeList
 0002:00002888       .1
 0002:0000288C       SystemPalette16
 0002:00002890       .12
 0002:00002894       ScreenLogPixels
 0002:00002898       StockPen
 0002:0000289C       StockBrush
 0002:000028A0       StockFont
 0002:000028A4       StockIcon
 0002:000028A8       BitmapImageLock
 0002:000028C0       CounterLock
 0002:000028D8       FontManager
 0002:000028DC       PenManager
 0002:000028E0       BrushManager
 0002:000028E4       CanvasList
 0002:000028E8       PatternManager
 0002:000028EC       .2
 0002:000028F0       .21
 0002:000028F4       .1
 0002:000028F8       GetSystemMetrics
 0002:000028FC       MonitorFromWindow
 0002:00002900       MonitorFromRect
 0002:00002904       MonitorFromPoint
 0002:00002908       GetMonitorInfo
 0002:0000290C       GetMonitorInfoA
 0002:00002910       GetMonitorInfoW
 0002:00002914       EnumDisplayMonitors
 0002:00002918       .1
 0002:0000291C       User32Dll
 0002:00002920       InitApis
 0002:00002928       MMAvailable
 0002:0000292C       .1
 0002:00002930       .2
 0002:00002934       HelpManager
 0002:00002938       .3
 0002:0000293C       .3
 0002:00002940       FlatSB_EnableScrollBar
 0002:00002944       FlatSB_ShowScrollBar
 0002:00002948       FlatSB_GetScrollRange
 0002:0000294C       FlatSB_GetScrollInfo
 0002:00002950       FlatSB_GetScrollPos
 0002:00002954       FlatSB_SetScrollPos
 0002:00002958       FlatSB_SetScrollInfo
 0002:0000295C       FlatSB_SetScrollRange
 0002:00002960       .1
 0002:00002964       _FlatSB_GetScrollProp
 0002:00002968       _FlatSB_SetScrollProp
 0002:0000296C       _InitializeFlatSB
 0002:00002970       _UninitializeFlatSB
 0002:00002974       .6
 0002:00002978       OpenThemeData
 0002:0000297C       CloseThemeData
 0002:00002980       DrawThemeBackground
 0002:00002984       DrawThemeText
 0002:00002988       GetThemeBackgroundContentRect
 0002:0000298C       GetThemeBackgroundExtent
 0002:00002990       GetThemePartSize
 0002:00002994       GetThemeTextExtent
 0002:00002998       GetThemeTextMetrics
 0002:0000299C       GetThemeBackgroundRegion
 0002:000029A0       HitTestThemeBackground
 0002:000029A4       DrawThemeEdge
 0002:000029A8       DrawThemeIcon
 0002:000029AC       IsThemePartDefined
 0002:000029B0       IsThemeBackgroundPartiallyTransparent
 0002:000029B4       GetThemeColor
 0002:000029B8       GetThemeMetric
 0002:000029BC       GetThemeString
 0002:000029C0       GetThemeBool
 0002:000029C4       GetThemeInt
 0002:000029C8       GetThemeEnumValue
 0002:000029CC       GetThemePosition
 0002:000029D0       GetThemeFont
 0002:000029D4       GetThemeRect
 0002:000029D8       GetThemeMargins
 0002:000029DC       GetThemeIntList
 0002:000029E0       GetThemePropertyOrigin
 0002:000029E4       SetWindowTheme
 0002:000029E8       GetThemeFilename
 0002:000029EC       GetThemeSysColor
 0002:000029F0       GetThemeSysColorBrush
 0002:000029F4       GetThemeSysBool
 0002:000029F8       GetThemeSysSize
 0002:000029FC       GetThemeSysFont
 0002:00002A00       GetThemeSysString
 0002:00002A04       GetThemeSysInt
 0002:00002A08       IsThemeActive
 0002:00002A0C       IsAppThemed
 0002:00002A10       GetWindowTheme
 0002:00002A14       EnableThemeDialogTexture
 0002:00002A18       IsThemeDialogTextureEnabled
 0002:00002A1C       GetThemeAppProperties
 0002:00002A20       SetThemeAppProperties
 0002:00002A24       GetCurrentThemeName
 0002:00002A28       GetThemeDocumentationProperty
 0002:00002A2C       DrawThemeParentBackground
 0002:00002A30       EnableTheming
 0002:00002A34       .1
 0002:00002A38       ThemeLibrary
 0002:00002A3C       ReferenceCount
 0002:00002A40       Lock
 0002:00002A44       .1
 0002:00002A48       .4
 0002:00002A4C       .1
 0002:00002A50       .1
 0002:00002A54       .1
 0002:00002A58       .1
 0002:00002A5C       .1
 0002:00002A60       .1
 0002:00002A64       .1
 0002:00002A68       .11
 0002:00002A6C       HelpMsg
 0002:00002A70       FindMsg
 0002:00002A74       .12
 0002:00002A78       .1
 0002:00002A7C       CF_PICTURE
 0002:00002A7E       CF_COMPONENT
 0002:00002A80       .2
 0002:00002A84       FClipboard
 0002:00002A88       .1
 0002:00002A8C       .4
 0002:00002A90       BitBtnGlyphs
 0002:00002ABC       .3
 0002:00002AC0       .8
 0002:00002AC4       .5
 0002:00002AC8       .1
 0002:00002ACC       .72
 0002:00002AD0       UrlMonHandle
 0002:00002AD4       UrlMonInitialized
 0002:00002AD8       .8
 0002:00002ADC       .36
 0002:00002AE0       ShellModule
 0002:00002AE4       FRichEditModule
 0002:00002AE8       ComCtlVersion
 0002:00002AEC       .2
 0002:00002AF0       InternalServices
 0002:00002AF4       .42
 0002:00002AF8       .73
 0002:00002AFC       WinHelpTester
 0002:00002B00       ViewerName
 0002:00002B04       .1
 0002:00002B08       HelpViewer
 0002:00002B0C       HelpViewerIntf
 0002:00002B10       Mouse
 0002:00002B14       NewStyleControls
 0002:00002B18       .72
 0002:00002B1C       WindowAtom
 0002:00002B1E       ControlAtom
 0002:00002B20       WindowAtomString
 0002:00002B24       ControlAtomString
 0002:00002B28       RM_GetObjectInstance
 0002:00002B2C       DragControl
 0002:00002B30       DragObject
 0002:00002B34       DragInternalObject
 0002:00002B38       DragCapture
 0002:00002B3C       DragStartPos
 0002:00002B44       DragSaveCursor
 0002:00002B48       DragThreshold
 0002:00002B4C       ActiveDrag
 0002:00002B50       DragImageList
 0002:00002B54       DockSiteList
 0002:00002B58       QualifyingSites
 0002:00002B5C       DragSave
 0002:00002B60       CanvasList
 0002:00002B64       _WINNLSEnableIME
 0002:00002B68       _ImmGetContext
 0002:00002B6C       _ImmReleaseContext
 0002:00002B70       _ImmGetConversionStatus
 0002:00002B74       _ImmSetConversionStatus
 0002:00002B78       _ImmSetOpenStatus
 0002:00002B7C       _ImmSetCompositionWindow
 0002:00002B80       _ImmSetCompositionFont
 0002:00002B84       _ImmGetCompositionString
 0002:00002B88       _ImmIsIME
 0002:00002B8C       _ImmNotifyIME
 0002:00002B90       .8
 0002:00002B94       .3
 0002:00002B98       CachedComCtrlVer
 0002:00002B9C       ImageListWriteExProc
 0002:00002BA0       PopupList
 0002:00002BA4       ShortCutItems
 0002:00002BA8       .9
 0002:00002BAC       CommandPool
 0002:00002BB0       Application
 0002:00002BB4       Screen
 0002:00002BB8       .41
 0002:00002BBC       RM_TaskbarCreated
 0002:00002BC0       HintThreadID
 0002:00002BC4       HintDoneEvent
 0002:00002BC8       HintHook
 0002:00002BCC       HintThread
 0002:00002BD0       Form1
 0002:00002BD4       .2


Line numbers for DeskHelpApp_Unit1(DeskHelpApp_Unit1.pas) segment .text

    25 0001:0004C96C    25 0001:0004C973

Line numbers for DeskHelp(E:\Projekte\DataBase\DeskHelp.dpr) segment .text

     9 0001:0004CB7C    10 0001:0004CB8C    11 0001:0004CB98    12 0001:0004CBB0
    13 0001:0004CBBC

Bound resource files

e:\program files (x86)\borland\delphi7\Lib\Buttons.res
e:\program files (x86)\borland\delphi7\Lib\ExtDlgs.res
e:\program files (x86)\borland\delphi7\Lib\Controls.res
DeskHelpApp_Unit1.dfm
DeskHelp.res
DeskHelp.drf


Program entry point at 0001:0004CB7C
