
 Start         Length     Name                   Class
 0001:00000000 000024B8H .text                   CODE
 0002:00000000 000000B0H .data                   DATA
 0002:000000B0 00000661H .bss                    BSS


Detailed map of segments

 0001:00000000 0000228B C=CODE     S=.text    G=(none)   M=System   ACBP=A9
 0001:0000228C 000001CC C=CODE     S=.text    G=(none)   M=SysInit  ACBP=A9
 0001:00002458 0000005D C=CODE     S=.text    G=(none)   M=datares  ACBP=A9
 0002:00000000 00000084 C=DATA     S=.data    G=DGROUP   M=System   ACBP=A9
 0002:00000084 0000002C C=DATA     S=.data    G=DGROUP   M=SysInit  ACBP=A9
 0002:00001000 0000064C C=BSS      S=.bss     G=DGROUP   M=System   ACBP=A9
 0002:0000164C 00000014 C=BSS      S=.bss     G=DGROUP   M=SysInit  ACBP=A9


  Address         Publics by Name

 0002:00001658       .1
 0002:000015A4       .5
 0001:0000152C       @Close
 0001:0000200C       @DispCallByIDError
 0001:00001A14       @DoneExcept
 0001:00001AFC       @ExceptionHandler
 0001:00001754       @FpuInit
 0001:00001690       @FpuMaskInit
 0001:00001458       @FreeMem
 0001:00001438       @GetMem
 0001:0000238C       @GetTls
 0001:00001F5C       @Halt
 0001:00001E84       @Halt0
 0001:0000185C       @HandleAnyException
 0001:00001988       @HandleFinally
 0001:000023D8       @InitLib
 0001:00001660       @isNECWindows
 0001:00001F74       @LStrClr
 0001:00001FF4       @LStrFromArray
 0001:00001FC4       @LStrFromPCharLen
 0001:00001F98       @NewAnsiString
 0001:000019C0       @RaiseAgain
 0001:00001F68       @RunError
 0001:00001CA4       @StartLib
 0001:00001A44       @TryFinallyExit
 0001:00001584       @ValLong
 0001:00000144       AddBlockAfter
 0002:0000159C       AllocMemCount
 0002:000015A0       AllocMemSize
 0001:000022BC       AllocTlsBuffer
 0002:000015F4       avail
 0002:000015CC       blockDescBlockList
 0002:000015D0       blockDescFreeList
 0001:000017D8       CheckJmp
 0002:0000102C       CmdLine
 0002:00001028       CmdShow
 0001:00000424       Commit
 0002:00001610       committedRoot
 0002:00001608       curAlloc
 0001:000024A0       datares
 0002:00000010       DebugHook
 0001:000004B8       Decommit
 0001:00000AD4       DecommitFree
 0002:000015E4       decommittedRoot
 0002:0000000C       Default8087CW
 0002:000015A8       DefaultUserCodePage
 0001:00000174       DeleteBlock
 0001:000000E4       DeleteCriticalSection
 0001:0000091C       DeleteFree
 0002:00000074       dig
 0002:00001000       DispCallByIDProc
 0002:00001654       DllProc
 0001:000000D4       EnterCriticalSection
 0002:0000004C       errCaption
 0001:000014D0       Error
 0002:00000004       ErrorAddr
 0001:00001484       ErrorAt
 0002:00001008       ErrorProc
 0002:000013D0       ErrOutput
 0002:0000100C       ExceptObjProc
 0002:00001004       ExceptProc
 0002:00000000       ExitCode
 0001:00001DC8       ExitDll
 0002:00001030       ExitProc
 0001:00000028       ExitProcess
 0002:00001018       ExitProcessProc
 0001:00002368       ExitProcessTLS
 0001:00002340       ExitThreadTLS
 0002:00000008       FileMode
 0001:00000A04       FillAfterGap
 0001:000009B0       FillBeforeGap
 0001:00000A9C       FillerSizeAfterGap
 0001:00000A2C       FillerSizeBeforeGap
 0001:00002164       Finalization
 0001:00002458       Finalization
 0001:00002420       Finalization
 0001:00001BE4       FinalizeUnits
 0001:00000980       FindCommitted
 0001:000006EC       FreeCommitted
 0001:00000C0C       FreeCurAlloc
 0001:00000038       FreeLibrary
 0001:0000036C       FreeSpace
 0001:000000EC       GetBlockDesc
 0001:00000088       GetCmdShow
 0001:00000040       GetCommandLine
 0001:00000538       GetCommitted
 0001:000005C8       GetCommittedAt
 0001:00000078       GetCurrentThreadId
 0001:00001658       GetKeyboardType
 0001:00000048       GetLocaleInfo
 0001:00000290       GetSpace
 0001:000002F4       GetSpaceAt
 0001:00000050       GetStartupInfo
 0001:00000000       GetStdHandle
 0001:00000058       GetThreadLocale
 0001:000022C8       GetTlsSize
 0001:00000080       GetVersion
 0002:000015B0       heapErrorCode
 0002:000015B4       heapLock
 0002:00001650       HInstance
 0001:00000778       InitAllocator
 0002:00001620       InitContext
 0001:000000CC       InitializeCriticalSection
 0002:000015AC       initialized
 0001:000023CC       InitializeModule
 0001:00002314       InitProcessTLS
 0001:000022D0       InitThreadTLS
 0001:00001C44       InitUnits
 0002:00001038       Input
 0001:00000B84       InsertFree
 0001:000009E0       InternalFreeMem
 0002:00001034       IsConsole
 0002:00001024       IsLibrary
 0002:00001035       IsMultiThread
 0002:00000014       JITEnable
 0001:000020F0       LCIDToCodePage
 0001:000000DC       LeaveCriticalSection
 0002:0000001C       LibModuleList
 0001:000000AC       LocalAlloc
 0001:0000228C       LocalAlloc
 0001:00002294       LocalFree
 0001:000000B4       LocalFree
 0002:0000101C       MainInstance
 0002:00001020       MainThreadID
 0001:0000013C       MakeEmpty
 0001:00001D6C       MakeErrorMessage
 0001:00001A5C       MapToRunError
 0002:00000024       MemoryManager
 0001:0000018C       MergeBlockAfter
 0001:00000C58       MergeCommit
 0001:00000030       MessageBox
 0002:00000088       Module
 0002:0000164C       ModuleIsLib
 0002:00000020       ModuleUnloadList
 0001:000014EC       Move
 0001:00000CE4       NewCommit
 0001:00000D10       NewCommitAt
 0002:00000018       NoErrMsg
 0001:000017C4       NotifyAnyExcept
 0001:000017AC       NotifyExcept
 0001:000017F8       NotifyExceptFinally
 0001:00002014       NotifyModuleUnload
 0001:00001788       NotifyNonDelphiException
 0001:0000176C       NotifyReRaise
 0001:00001820       NotifyTerminate
 0001:0000183C       NotifyUnhandled
 0002:00001204       Output
 0001:00000008       RaiseException
 0002:00001010       RaiseExceptionProc
 0001:00000060       RegCloseKey
 0001:00002070       RegisterModule
 0001:00000068       RegOpenKeyEx
 0001:00000070       RegQueryValueEx
 0002:00000030       reMap
 0002:00001604       remBytes
 0001:000001FC       RemoveBlock
 0001:00001198       ResizeInPlace
 0002:00001600       rover
 0001:00000010       RtlUnwind
 0002:00001014       RTLUnwindProc
 0002:00000054       runErrMsg
 0001:00001478       RunErrorAt
 0001:00000D44       SearchSmallBlocks
 0001:00001B9C       SetExceptionHandler
 0001:000014DC       SetInOutRes
 0002:0000160C       smallTab
 0002:000015D4       spaceRoot
 0001:00000FF4       SysFreeMem
 0001:00000E64       SysGetMem
 0001:00002450       SysInit
 0001:00001374       SysReallocMem
 0001:000021B8       System
 0002:00001036       Test8086
 0001:0000229C       TlsAlloc
 0002:0000165C       tlsBuffer
 0001:000022A4       TlsFree
 0001:000022AC       TlsGetValue
 0002:00000084       TlsIndex
 0002:FBFFC008       TlsLast
 0002:000000A0       TlsProc
 0001:000022B4       TlsSetValue
 0001:00001760       TObject.Free
 0001:00000D70       TryHarder
 0001:00000018       UnhandledExceptionFilter
 0001:0000083C       UninitAllocator
 0001:00002080       UnregisterModule
 0001:00001BBC       UnsetExceptionHandler
 0001:000000BC       VirtualAlloc
 0001:000000C4       VirtualFree
 0001:00001DF8       WriteErrorMessage
 0001:00000020       WriteFile


  Address         Publics by Value

 0002:FBFFC008       TlsLast
 0001:00000000       GetStdHandle
 0001:00000008       RaiseException
 0001:00000010       RtlUnwind
 0001:00000018       UnhandledExceptionFilter
 0001:00000020       WriteFile
 0001:00000028       ExitProcess
 0001:00000030       MessageBox
 0001:00000038       FreeLibrary
 0001:00000040       GetCommandLine
 0001:00000048       GetLocaleInfo
 0001:00000050       GetStartupInfo
 0001:00000058       GetThreadLocale
 0001:00000060       RegCloseKey
 0001:00000068       RegOpenKeyEx
 0001:00000070       RegQueryValueEx
 0001:00000078       GetCurrentThreadId
 0001:00000080       GetVersion
 0001:00000088       GetCmdShow
 0001:000000AC       LocalAlloc
 0001:000000B4       LocalFree
 0001:000000BC       VirtualAlloc
 0001:000000C4       VirtualFree
 0001:000000CC       InitializeCriticalSection
 0001:000000D4       EnterCriticalSection
 0001:000000DC       LeaveCriticalSection
 0001:000000E4       DeleteCriticalSection
 0001:000000EC       GetBlockDesc
 0001:0000013C       MakeEmpty
 0001:00000144       AddBlockAfter
 0001:00000174       DeleteBlock
 0001:0000018C       MergeBlockAfter
 0001:000001FC       RemoveBlock
 0001:00000290       GetSpace
 0001:000002F4       GetSpaceAt
 0001:0000036C       FreeSpace
 0001:00000424       Commit
 0001:000004B8       Decommit
 0001:00000538       GetCommitted
 0001:000005C8       GetCommittedAt
 0001:000006EC       FreeCommitted
 0001:00000778       InitAllocator
 0001:0000083C       UninitAllocator
 0001:0000091C       DeleteFree
 0001:00000980       FindCommitted
 0001:000009B0       FillBeforeGap
 0001:000009E0       InternalFreeMem
 0001:00000A04       FillAfterGap
 0001:00000A2C       FillerSizeBeforeGap
 0001:00000A9C       FillerSizeAfterGap
 0001:00000AD4       DecommitFree
 0001:00000B84       InsertFree
 0001:00000C0C       FreeCurAlloc
 0001:00000C58       MergeCommit
 0001:00000CE4       NewCommit
 0001:00000D10       NewCommitAt
 0001:00000D44       SearchSmallBlocks
 0001:00000D70       TryHarder
 0001:00000E64       SysGetMem
 0001:00000FF4       SysFreeMem
 0001:00001198       ResizeInPlace
 0001:00001374       SysReallocMem
 0001:00001438       @GetMem
 0001:00001458       @FreeMem
 0001:00001478       RunErrorAt
 0001:00001484       ErrorAt
 0001:000014D0       Error
 0001:000014DC       SetInOutRes
 0001:000014EC       Move
 0001:0000152C       @Close
 0001:00001584       @ValLong
 0001:00001658       GetKeyboardType
 0001:00001660       @isNECWindows
 0001:00001690       @FpuMaskInit
 0001:00001754       @FpuInit
 0001:00001760       TObject.Free
 0001:0000176C       NotifyReRaise
 0001:00001788       NotifyNonDelphiException
 0001:000017AC       NotifyExcept
 0001:000017C4       NotifyAnyExcept
 0001:000017D8       CheckJmp
 0001:000017F8       NotifyExceptFinally
 0001:00001820       NotifyTerminate
 0001:0000183C       NotifyUnhandled
 0001:0000185C       @HandleAnyException
 0001:00001988       @HandleFinally
 0001:000019C0       @RaiseAgain
 0001:00001A14       @DoneExcept
 0001:00001A44       @TryFinallyExit
 0001:00001A5C       MapToRunError
 0001:00001AFC       @ExceptionHandler
 0001:00001B9C       SetExceptionHandler
 0001:00001BBC       UnsetExceptionHandler
 0001:00001BE4       FinalizeUnits
 0001:00001C44       InitUnits
 0001:00001CA4       @StartLib
 0001:00001D6C       MakeErrorMessage
 0001:00001DC8       ExitDll
 0001:00001DF8       WriteErrorMessage
 0001:00001E84       @Halt0
 0001:00001F5C       @Halt
 0001:00001F68       @RunError
 0001:00001F74       @LStrClr
 0001:00001F98       @NewAnsiString
 0001:00001FC4       @LStrFromPCharLen
 0001:00001FF4       @LStrFromArray
 0001:0000200C       @DispCallByIDError
 0001:00002014       NotifyModuleUnload
 0001:00002070       RegisterModule
 0001:00002080       UnregisterModule
 0001:000020F0       LCIDToCodePage
 0001:00002164       Finalization
 0001:000021B8       System
 0001:0000228C       LocalAlloc
 0001:00002294       LocalFree
 0001:0000229C       TlsAlloc
 0001:000022A4       TlsFree
 0001:000022AC       TlsGetValue
 0001:000022B4       TlsSetValue
 0001:000022BC       AllocTlsBuffer
 0001:000022C8       GetTlsSize
 0001:000022D0       InitThreadTLS
 0001:00002314       InitProcessTLS
 0001:00002340       ExitThreadTLS
 0001:00002368       ExitProcessTLS
 0001:0000238C       @GetTls
 0001:000023CC       InitializeModule
 0001:000023D8       @InitLib
 0001:00002420       Finalization
 0001:00002450       SysInit
 0001:00002458       Finalization
 0001:000024A0       datares
 0002:00000000       ExitCode
 0002:00000004       ErrorAddr
 0002:00000008       FileMode
 0002:0000000C       Default8087CW
 0002:00000010       DebugHook
 0002:00000014       JITEnable
 0002:00000018       NoErrMsg
 0002:0000001C       LibModuleList
 0002:00000020       ModuleUnloadList
 0002:00000024       MemoryManager
 0002:00000030       reMap
 0002:0000004C       errCaption
 0002:00000054       runErrMsg
 0002:00000074       dig
 0002:00000084       TlsIndex
 0002:00000088       Module
 0002:000000A0       TlsProc
 0002:00001000       DispCallByIDProc
 0002:00001004       ExceptProc
 0002:00001008       ErrorProc
 0002:0000100C       ExceptObjProc
 0002:00001010       RaiseExceptionProc
 0002:00001014       RTLUnwindProc
 0002:00001018       ExitProcessProc
 0002:0000101C       MainInstance
 0002:00001020       MainThreadID
 0002:00001024       IsLibrary
 0002:00001028       CmdShow
 0002:0000102C       CmdLine
 0002:00001030       ExitProc
 0002:00001034       IsConsole
 0002:00001035       IsMultiThread
 0002:00001036       Test8086
 0002:00001038       Input
 0002:00001204       Output
 0002:000013D0       ErrOutput
 0002:0000159C       AllocMemCount
 0002:000015A0       AllocMemSize
 0002:000015A4       .5
 0002:000015A8       DefaultUserCodePage
 0002:000015AC       initialized
 0002:000015B0       heapErrorCode
 0002:000015B4       heapLock
 0002:000015CC       blockDescBlockList
 0002:000015D0       blockDescFreeList
 0002:000015D4       spaceRoot
 0002:000015E4       decommittedRoot
 0002:000015F4       avail
 0002:00001600       rover
 0002:00001604       remBytes
 0002:00001608       curAlloc
 0002:0000160C       smallTab
 0002:00001610       committedRoot
 0002:00001620       InitContext
 0002:0000164C       ModuleIsLib
 0002:00001650       HInstance
 0002:00001654       DllProc
 0002:00001658       .1
 0002:0000165C       tlsBuffer
     5 0001:000024A0     6 0001:000024B0

Bound resource files

datares.res
datares.drf


Program entry point at 0001:000024A0
