
 Start         Length     Name                   Class
 0001:00000000 000D5FC8H .text                   CODE
 0002:00000000 000031CCH .data                   DATA
 0002:000031CC 00000FA5H .bss                    BSS


Detailed map of segments

 0001:00000000 000054EB C=CODE     S=.text    G=(none)   M=System   ACBP=A9
 0001:000054EC 00000140 C=CODE     S=.text    G=(none)   M=SysInit  ACBP=A9
 0001:0000562C 000000BC C=CODE     S=.text    G=(none)   M=Types    ACBP=A9
 0001:000056E8 00000E68 C=CODE     S=.text    G=(none)   M=Windows  ACBP=A9
 0001:00006550 00000038 C=CODE     S=.text    G=(none)   M=Messages ACBP=A9
 0001:00006588 00000388 C=CODE     S=.text    G=(none)   M=SysConst ACBP=A9
 0001:00006910 000073D0 C=CODE     S=.text    G=(none)   M=SysUtils ACBP=A9
 0001:0000DCE0 00000823 C=CODE     S=.text    G=(none)   M=VarUtils ACBP=A9
 0001:0000E504 000084A6 C=CODE     S=.text    G=(none)   M=Variants ACBP=A9
 0001:000169AC 00000180 C=CODE     S=.text    G=(none)   M=RTLConsts ACBP=A9
 0001:00016B2C 0000192C C=CODE     S=.text    G=(none)   M=TypInfo  ACBP=A9
 0001:00018458 000000B0 C=CODE     S=.text    G=(none)   M=ActiveX  ACBP=A9
 0001:00018508 0000D86A C=CODE     S=.text    G=(none)   M=Classes  ACBP=A9
 0001:00025D74 00000320 C=CODE     S=.text    G=(none)   M=Consts   ACBP=A9
 0001:00026094 0000911B C=CODE     S=.text    G=(none)   M=Graphics ACBP=A9
 0001:0002F1B0 00000048 C=CODE     S=.text    G=(none)   M=Math     ACBP=A9
 0001:0002F1F8 000002B8 C=CODE     S=.text    G=(none)   M=Contnrs  ACBP=A9
 0001:0002F4B0 0000041C C=CODE     S=.text    G=(none)   M=CommCtrl ACBP=A9
 0001:0002F8CC 00000787 C=CODE     S=.text    G=(none)   M=MultiMon ACBP=A9
 0001:00030054 00000038 C=CODE     S=.text    G=(none)   M=Imm      ACBP=A9
 0001:0003008C 00000FF8 C=CODE     S=.text    G=(none)   M=HelpIntfs ACBP=A9
 0001:00031084 00000038 C=CODE     S=.text    G=(none)   M=WinSpool ACBP=A9
 0001:000310BC 00000044 C=CODE     S=.text    G=(none)   M=Printers ACBP=A9
 0001:00031100 0000031F C=CODE     S=.text    G=(none)   M=FlatSB   ACBP=A9
 0001:00031420 000001A4 C=CODE     S=.text    G=(none)   M=SyncObjs ACBP=A9
 0001:000315C4 000009BB C=CODE     S=.text    G=(none)   M=UxTheme  ACBP=A9
 0001:00031F80 00000038 C=CODE     S=.text    G=(none)   M=RichEdit ACBP=A9
 0001:00031FB8 00000038 C=CODE     S=.text    G=(none)   M=ToolWin  ACBP=A9
 0001:00031FF0 00000038 C=CODE     S=.text    G=(none)   M=ShellAPI ACBP=A9
 0001:00032028 00000038 C=CODE     S=.text    G=(none)   M=RegStr   ACBP=A9
 0001:00032060 00000038 C=CODE     S=.text    G=(none)   M=WinInet  ACBP=A9
 0001:00032098 00000038 C=CODE     S=.text    G=(none)   M=UrlMon   ACBP=A9
 0001:000320D0 00000038 C=CODE     S=.text    G=(none)   M=ShlObj   ACBP=A9
 0001:00032108 00000038 C=CODE     S=.text    G=(none)   M=CommDlg  ACBP=A9
 0001:00032140 00000038 C=CODE     S=.text    G=(none)   M=Dlgs     ACBP=A9
 0001:00032178 0000132D C=CODE     S=.text    G=(none)   M=Dialogs  ACBP=A9
 0001:000334A8 0000399A C=CODE     S=.text    G=(none)   M=ExtCtrls ACBP=A9
 0001:00036E44 00000088 C=CODE     S=.text    G=(none)   M=ComStrs  ACBP=A9
 0001:00036ECC 0000069C C=CODE     S=.text    G=(none)   M=Clipbrd  ACBP=A9
 0001:00037568 00000038 C=CODE     S=.text    G=(none)   M=StrUtils ACBP=A9
 0001:000375A0 00002731 C=CODE     S=.text    G=(none)   M=Buttons  ACBP=A9
 0001:00039CD4 00000038 C=CODE     S=.text    G=(none)   M=ExtDlgs  ACBP=A9
 0001:00039D0C 00001014 C=CODE     S=.text    G=(none)   M=IniFiles ACBP=A9
 0001:0003AD20 00000068 C=CODE     S=.text    G=(none)   M=Registry ACBP=A9
 0001:0003AD88 0000006C C=CODE     S=.text    G=(none)   M=Mapi     ACBP=A9
 0001:0003ADF4 00000058 C=CODE     S=.text    G=(none)   M=ExtActns ACBP=A9
 0001:0003AE4C 00000038 C=CODE     S=.text    G=(none)   M=ListActns ACBP=A9
 0001:0003AE84 0000BAD0 C=CODE     S=.text    G=(none)   M=ComCtrls ACBP=A9
 0001:00046954 00000DBC C=CODE     S=.text    G=(none)   M=Themes   ACBP=A9
 0001:00047710 0000A8C4 C=CODE     S=.text    G=(none)   M=StdCtrls ACBP=A9
 0001:00051FD4 00000168 C=CODE     S=.text    G=(none)   M=StdActns ACBP=A9
 0001:0005213C 00000D1F C=CODE     S=.text    G=(none)   M=WinHelpViewer ACBP=A9
 0001:00052E5C 00011563 C=CODE     S=.text    G=(none)   M=Controls ACBP=A9
 0001:000643C0 00001292 C=CODE     S=.text    G=(none)   M=ActnList ACBP=A9
 0001:00065654 00001B9C C=CODE     S=.text    G=(none)   M=ImgList  ACBP=A9
 0001:000671F0 00006639 C=CODE     S=.text    G=(none)   M=Menus    ACBP=A9
 0001:0006D82C 0000CF38 C=CODE     S=.text    G=(none)   M=Forms    ACBP=A9
 0001:0007A764 00000A4C C=CODE     S=.text    G=(none)   M=MaskUtils ACBP=A9
 0001:0007B1B0 000001CC C=CODE     S=.text    G=(none)   M=DateUtils ACBP=A9
 0001:0007B37C 00000270 C=CODE     S=.text    G=(none)   M=DBConsts ACBP=A9
 0001:0007B5EC 00000F67 C=CODE     S=.text    G=(none)   M=SqlTimSt ACBP=A9
 0001:0007C554 00004AEF C=CODE     S=.text    G=(none)   M=FMTBcd   ACBP=A9
 0001:00081044 00000058 C=CODE     S=.text    G=(none)   M=ComConst ACBP=A9
 0001:0008109C 00000E65 C=CODE     S=.text    G=(none)   M=ComObj   ACBP=A9
 0001:00081F04 00013E7C C=CODE     S=.text    G=(none)   M=DB       ACBP=A9
 0001:00095D80 00003FC8 C=CODE     S=.text    G=(none)   M=DBCommon ACBP=A9
 0001:00099D48 00003D04 C=CODE     S=.text    G=(none)   M=BDE      ACBP=A9
 0001:0009DA4C 00000068 C=CODE     S=.text    G=(none)   M=SMINTF   ACBP=A9
 0001:0009DAB4 00000110 C=CODE     S=.text    G=(none)   M=bdeconst ACBP=A9
 0001:0009DBC4 0000E768 C=CODE     S=.text    G=(none)   M=DBTables ACBP=A9
 0001:000AC32C 00002108 C=CODE     S=.text    G=(none)   M=Mask     ACBP=A9
 0001:000AE434 000000B8 C=CODE     S=.text    G=(none)   M=VDBConsts ACBP=A9
 0001:000AE4EC 00000728 C=CODE     S=.text    G=(none)   M=DBLogDlg ACBP=A9
 0001:000AEC14 00000531 C=CODE     S=.text    G=(none)   M=DBPWDlg  ACBP=A9
 0001:000AF148 00007528 C=CODE     S=.text    G=(none)   M=DBCtrls  ACBP=A9
 0001:000B6670 0000A9D4 C=CODE     S=.text    G=(none)   M=Grids    ACBP=A9
 0001:000C1044 00008D28 C=CODE     S=.text    G=(none)   M=DBGrids  ACBP=A9
 0001:000C9D6C 00000C3C C=CODE     S=.text    G=(none)   M=IdException ACBP=A9
 0001:000CA9A8 000002B8 C=CODE     S=.text    G=(none)   M=IdResourceStrings ACBP=A9
 0001:000CAC60 00001127 C=CODE     S=.text    G=(none)   M=IdWinSock2 ACBP=A9
 0001:000CBD88 00000038 C=CODE     S=.text    G=(none)   M=IdStackConsts ACBP=A9
 0001:000CBDC0 00000A18 C=CODE     S=.text    G=(none)   M=IdStack  ACBP=A9
 0001:000CC7D8 00001114 C=CODE     S=.text    G=(none)   M=IdStackWindows ACBP=A9
 0001:000CD8EC 00000038 C=CODE     S=.text    G=(none)   M=IdURI    ACBP=A9
 0001:000CD924 000006FC C=CODE     S=.text    G=(none)   M=IdGlobal ACBP=A9
 0001:000CE020 000000FC C=CODE     S=.text    G=(none)   M=IdBaseComponent ACBP=A9
 0001:000CE11C 000002EC C=CODE     S=.text    G=(none)   M=IdAntiFreezeBase ACBP=A9
 0001:000CE408 00000134 C=CODE     S=.text    G=(none)   M=IdAntiFreeze ACBP=A9
 0001:000CE53C 00000645 C=CODE     S=.text    G=(none)   M=IdComponent ACBP=A9
 0001:000CEB84 000008D4 C=CODE     S=.text    G=(none)   M=IdSocketHandle ACBP=A9
 0001:000CF458 000003A4 C=CODE     S=.text    G=(none)   M=IdIntercept ACBP=A9
 0001:000CF7FC 0000015C C=CODE     S=.text    G=(none)   M=IdIOHandler ACBP=A9
 0001:000CF958 000003D8 C=CODE     S=.text    G=(none)   M=IdRFCReply ACBP=A9
 0001:000CFD30 00000038 C=CODE     S=.text    G=(none)   M=IdAssignedNumbers ACBP=A9
 0001:000CFD68 00000B58 C=CODE     S=.text    G=(none)   M=IdSocks  ACBP=A9
 0001:000D08C0 00000038 C=CODE     S=.text    G=(none)   M=IdTCPStream ACBP=A9
 0001:000D08F8 00000038 C=CODE     S=.text    G=(none)   M=IdStream ACBP=A9
 0001:000D0930 00000874 C=CODE     S=.text    G=(none)   M=IdIOHandlerSocket ACBP=A9
 0001:000D11A4 00001C6C C=CODE     S=.text    G=(none)   M=IdTCPConnection ACBP=A9
 0001:000D2E10 000004A0 C=CODE     S=.text    G=(none)   M=IdTCPClient ACBP=A9
 0001:000D32B0 00000038 C=CODE     S=.text    G=(none)   M=OleDlg   ACBP=A9
 0001:000D32E8 00000038 C=CODE     S=.text    G=(none)   M=OleConst ACBP=A9
 0001:000D3320 0000011E C=CODE     S=.text    G=(none)   M=OleCtnrs ACBP=A9
 0001:000D3440 000019F4 C=CODE     S=.text    G=(none)   M=Unit2    ACBP=A9
 0001:000D4E34 00000038 C=CODE     S=.text    G=(none)   M=Cpl      ACBP=A9
 0001:000D4E6C 00000040 C=CODE     S=.text    G=(none)   M=CtlConsts ACBP=A9
 0001:000D4EAC 00000BDF C=CODE     S=.text    G=(none)   M=CtlPanel ACBP=A9
 0001:000D5A8C 00000144 C=CODE     S=.text    G=(none)   M=Unit1    ACBP=A9
 0001:000D5BD0 000003F5 C=CODE     S=.text    G=(none)   M=ExploreDataBase ACBP=A9
 0002:00000000 0000009C C=DATA     S=.data    G=DGROUP   M=System   ACBP=A9
 0002:0000009C 00000020 C=DATA     S=.data    G=DGROUP   M=SysInit  ACBP=A9
 0002:000000BC 00000274 C=DATA     S=.data    G=DGROUP   M=SysUtils ACBP=A9
 0002:00000330 00000110 C=DATA     S=.data    G=DGROUP   M=VarUtils ACBP=A9
 0002:00000440 0000013A C=DATA     S=.data    G=DGROUP   M=Variants ACBP=A9
 0002:0000057C 0000000C C=DATA     S=.data    G=DGROUP   M=TypInfo  ACBP=A9
 0002:00000588 00000010 C=DATA     S=.data    G=DGROUP   M=ActiveX  ACBP=A9
 0002:00000598 000000E4 C=DATA     S=.data    G=DGROUP   M=Classes  ACBP=A9
 0002:0000067C 00000304 C=DATA     S=.data    G=DGROUP   M=Graphics ACBP=A9
 0002:00000980 00000004 C=DATA     S=.data    G=DGROUP   M=Printers ACBP=A9
 0002:00000984 000000B4 C=DATA     S=.data    G=DGROUP   M=Dialogs  ACBP=A9
 0002:00000A38 0000018C C=DATA     S=.data    G=DGROUP   M=ExtCtrls ACBP=A9
 0002:00000BC4 00000046 C=DATA     S=.data    G=DGROUP   M=Buttons  ACBP=A9
 0002:00000C0C 00000008 C=DATA     S=.data    G=DGROUP   M=IniFiles ACBP=A9
 0002:00000C14 00000008 C=DATA     S=.data    G=DGROUP   M=Registry ACBP=A9
 0002:00000C1C 00000008 C=DATA     S=.data    G=DGROUP   M=Mapi     ACBP=A9
 0002:00000C24 000000DC C=DATA     S=.data    G=DGROUP   M=ComCtrls ACBP=A9
 0002:00000D00 00000068 C=DATA     S=.data    G=DGROUP   M=Themes   ACBP=A9
 0002:00000D68 00000110 C=DATA     S=.data    G=DGROUP   M=StdCtrls ACBP=A9
 0002:00000E78 0000013C C=DATA     S=.data    G=DGROUP   M=Controls ACBP=A9
 0002:00000FB4 00000020 C=DATA     S=.data    G=DGROUP   M=ImgList  ACBP=A9
 0002:00000FD4 000000EC C=DATA     S=.data    G=DGROUP   M=Menus    ACBP=A9
 0002:000010C0 00000124 C=DATA     S=.data    G=DGROUP   M=Forms    ACBP=A9
 0002:000011E4 00000009 C=DATA     S=.data    G=DGROUP   M=MaskUtils ACBP=A9
 0002:000011F0 0000000E C=DATA     S=.data    G=DGROUP   M=DateUtils ACBP=A9
 0002:00001200 0000003C C=DATA     S=.data    G=DGROUP   M=SqlTimSt ACBP=A9
 0002:0000123C 00000065 C=DATA     S=.data    G=DGROUP   M=FMTBcd   ACBP=A9
 0002:000012A4 00000030 C=DATA     S=.data    G=DGROUP   M=ComObj   ACBP=A9
 0002:000012D4 00000186 C=DATA     S=.data    G=DGROUP   M=DB       ACBP=A9
 0002:0000145C 0000001C C=DATA     S=.data    G=DGROUP   M=DBCommon ACBP=A9
 0002:00001478 00000C50 C=DATA     S=.data    G=DGROUP   M=BDE      ACBP=A9
 0002:000020C8 00000010 C=DATA     S=.data    G=DGROUP   M=SMINTF   ACBP=A9
 0002:000020D8 00000120 C=DATA     S=.data    G=DGROUP   M=DBTables ACBP=A9
 0002:000021F8 00000004 C=DATA     S=.data    G=DGROUP   M=Mask     ACBP=A9
 0002:000021FC 0000006C C=DATA     S=.data    G=DGROUP   M=DBCtrls  ACBP=A9
 0002:00002268 00000006 C=DATA     S=.data    G=DGROUP   M=Grids    ACBP=A9
 0002:00002270 00000028 C=DATA     S=.data    G=DGROUP   M=DBGrids  ACBP=A9
 0002:00002298 00000544 C=DATA     S=.data    G=DGROUP   M=IdWinSock2 ACBP=A9
 0002:000027DC 00000004 C=DATA     S=.data    G=DGROUP   M=IdStackConsts ACBP=A9
 0002:000027E0 0000000C C=DATA     S=.data    G=DGROUP   M=IdStack  ACBP=A9
 0002:000027EC 00000001 C=DATA     S=.data    G=DGROUP   M=IdStackWindows ACBP=A9
 0002:000027F0 0000009C C=DATA     S=.data    G=DGROUP   M=IdGlobal ACBP=A9
 0002:0000288C 00000004 C=DATA     S=.data    G=DGROUP   M=IdAntiFreezeBase ACBP=A9
 0002:00002890 00000028 C=DATA     S=.data    G=DGROUP   M=IdComponent ACBP=A9
 0002:000028B8 00000004 C=DATA     S=.data    G=DGROUP   M=CtlPanel ACBP=A9
 0002:00004000 00000664 C=BSS      S=.bss     G=DGROUP   M=System   ACBP=A9
 0002:00004664 00000010 C=BSS      S=.bss     G=DGROUP   M=SysInit  ACBP=A9
 0002:00004674 00000004 C=BSS      S=.bss     G=DGROUP   M=Types    ACBP=A9
 0002:00004678 00000004 C=BSS      S=.bss     G=DGROUP   M=Windows  ACBP=A9
 0002:0000467C 00000004 C=BSS      S=.bss     G=DGROUP   M=Messages ACBP=A9
 0002:00004680 00000004 C=BSS      S=.bss     G=DGROUP   M=SysConst ACBP=A9
 0002:00004684 00000120 C=BSS      S=.bss     G=DGROUP   M=SysUtils ACBP=A9
 0002:000047A4 0000005C C=BSS      S=.bss     G=DGROUP   M=VarUtils ACBP=A9
 0002:00004800 00000040 C=BSS      S=.bss     G=DGROUP   M=Variants ACBP=A9
 0002:00004840 00000004 C=BSS      S=.bss     G=DGROUP   M=RTLConsts ACBP=A9
 0002:00004844 00000004 C=BSS      S=.bss     G=DGROUP   M=TypInfo  ACBP=A9
 0002:00004848 00000004 C=BSS      S=.bss     G=DGROUP   M=ActiveX  ACBP=A9
 0002:0000484C 00000044 C=BSS      S=.bss     G=DGROUP   M=Classes  ACBP=A9
 0002:00004890 00000004 C=BSS      S=.bss     G=DGROUP   M=Consts   ACBP=A9
 0002:00004894 00000060 C=BSS      S=.bss     G=DGROUP   M=Graphics ACBP=A9
 0002:000048F4 00000004 C=BSS      S=.bss     G=DGROUP   M=Math     ACBP=A9
 0002:000048F8 00000004 C=BSS      S=.bss     G=DGROUP   M=Contnrs  ACBP=A9
 0002:000048FC 0000000C C=BSS      S=.bss     G=DGROUP   M=CommCtrl ACBP=A9
 0002:00004908 00000031 C=BSS      S=.bss     G=DGROUP   M=MultiMon ACBP=A9
 0002:0000493C 00000004 C=BSS      S=.bss     G=DGROUP   M=Imm      ACBP=A9
 0002:00004940 00000008 C=BSS      S=.bss     G=DGROUP   M=HelpIntfs ACBP=A9
 0002:00004948 00000004 C=BSS      S=.bss     G=DGROUP   M=WinSpool ACBP=A9
 0002:0000494C 00000004 C=BSS      S=.bss     G=DGROUP   M=Printers ACBP=A9
 0002:00004950 00000034 C=BSS      S=.bss     G=DGROUP   M=FlatSB   ACBP=A9
 0002:00004984 00000004 C=BSS      S=.bss     G=DGROUP   M=SyncObjs ACBP=A9
 0002:00004988 000000CC C=BSS      S=.bss     G=DGROUP   M=UxTheme  ACBP=A9
 0002:00004A54 00000004 C=BSS      S=.bss     G=DGROUP   M=RichEdit ACBP=A9
 0002:00004A58 00000004 C=BSS      S=.bss     G=DGROUP   M=ToolWin  ACBP=A9
 0002:00004A5C 00000004 C=BSS      S=.bss     G=DGROUP   M=ShellAPI ACBP=A9
 0002:00004A60 00000004 C=BSS      S=.bss     G=DGROUP   M=RegStr   ACBP=A9
 0002:00004A64 00000004 C=BSS      S=.bss     G=DGROUP   M=WinInet  ACBP=A9
 0002:00004A68 00000004 C=BSS      S=.bss     G=DGROUP   M=UrlMon   ACBP=A9
 0002:00004A6C 00000004 C=BSS      S=.bss     G=DGROUP   M=ShlObj   ACBP=A9
 0002:00004A70 00000004 C=BSS      S=.bss     G=DGROUP   M=CommDlg  ACBP=A9
 0002:00004A74 00000004 C=BSS      S=.bss     G=DGROUP   M=Dlgs     ACBP=A9
 0002:00004A78 00000038 C=BSS      S=.bss     G=DGROUP   M=Dialogs  ACBP=A9
 0002:00004AB0 00000004 C=BSS      S=.bss     G=DGROUP   M=ExtCtrls ACBP=A9
 0002:00004AB4 00000004 C=BSS      S=.bss     G=DGROUP   M=ComStrs  ACBP=A9
 0002:00004AB8 0000000C C=BSS      S=.bss     G=DGROUP   M=Clipbrd  ACBP=A9
 0002:00004AC4 00000004 C=BSS      S=.bss     G=DGROUP   M=StrUtils ACBP=A9
 0002:00004AC8 00000030 C=BSS      S=.bss     G=DGROUP   M=Buttons  ACBP=A9
 0002:00004AF8 00000004 C=BSS      S=.bss     G=DGROUP   M=ExtDlgs  ACBP=A9
 0002:00004AFC 00000004 C=BSS      S=.bss     G=DGROUP   M=IniFiles ACBP=A9
 0002:00004B00 00000004 C=BSS      S=.bss     G=DGROUP   M=Registry ACBP=A9
 0002:00004B04 00000004 C=BSS      S=.bss     G=DGROUP   M=Mapi     ACBP=A9
 0002:00004B08 00000009 C=BSS      S=.bss     G=DGROUP   M=ExtActns ACBP=A9
 0002:00004B14 00000004 C=BSS      S=.bss     G=DGROUP   M=ListActns ACBP=A9
 0002:00004B18 00000010 C=BSS      S=.bss     G=DGROUP   M=ComCtrls ACBP=A9
 0002:00004B28 00000008 C=BSS      S=.bss     G=DGROUP   M=Themes   ACBP=A9
 0002:00004B30 00000004 C=BSS      S=.bss     G=DGROUP   M=StdCtrls ACBP=A9
 0002:00004B34 00000004 C=BSS      S=.bss     G=DGROUP   M=StdActns ACBP=A9
 0002:00004B38 00000014 C=BSS      S=.bss     G=DGROUP   M=WinHelpViewer ACBP=A9
 0002:00004B4C 00000080 C=BSS      S=.bss     G=DGROUP   M=Controls ACBP=A9
 0002:00004BCC 00000004 C=BSS      S=.bss     G=DGROUP   M=ActnList ACBP=A9
 0002:00004BD0 0000000C C=BSS      S=.bss     G=DGROUP   M=ImgList  ACBP=A9
 0002:00004BDC 00000010 C=BSS      S=.bss     G=DGROUP   M=Menus    ACBP=A9
 0002:00004BEC 00000020 C=BSS      S=.bss     G=DGROUP   M=Forms    ACBP=A9
 0002:00004C0C 00000004 C=BSS      S=.bss     G=DGROUP   M=MaskUtils ACBP=A9
 0002:00004C10 00000004 C=BSS      S=.bss     G=DGROUP   M=DateUtils ACBP=A9
 0002:00004C14 00000004 C=BSS      S=.bss     G=DGROUP   M=DBConsts ACBP=A9
 0002:00004C18 00000004 C=BSS      S=.bss     G=DGROUP   M=SqlTimSt ACBP=A9
 0002:00004C1C 00000004 C=BSS      S=.bss     G=DGROUP   M=FMTBcd   ACBP=A9
 0002:00004C20 00000004 C=BSS      S=.bss     G=DGROUP   M=ComConst ACBP=A9
 0002:00004C24 00000011 C=BSS      S=.bss     G=DGROUP   M=ComObj   ACBP=A9
 0002:00004C38 00000020 C=BSS      S=.bss     G=DGROUP   M=DB       ACBP=A9
 0002:00004C58 00000004 C=BSS      S=.bss     G=DGROUP   M=DBCommon ACBP=A9
 0002:00004C5C 0000001C C=BSS      S=.bss     G=DGROUP   M=BDE      ACBP=A9
 0002:00004C78 00000004 C=BSS      S=.bss     G=DGROUP   M=SMINTF   ACBP=A9
 0002:00004C7C 00000004 C=BSS      S=.bss     G=DGROUP   M=bdeconst ACBP=A9
 0002:00004C80 00000061 C=BSS      S=.bss     G=DGROUP   M=DBTables ACBP=A9
 0002:00004CE4 00000004 C=BSS      S=.bss     G=DGROUP   M=Mask     ACBP=A9
 0002:00004CE8 00000004 C=BSS      S=.bss     G=DGROUP   M=VDBConsts ACBP=A9
 0002:00004CEC 00000004 C=BSS      S=.bss     G=DGROUP   M=DBLogDlg ACBP=A9
 0002:00004CF0 00000004 C=BSS      S=.bss     G=DGROUP   M=DBPWDlg  ACBP=A9
 0002:00004CF4 00000004 C=BSS      S=.bss     G=DGROUP   M=DBCtrls  ACBP=A9
 0002:00004CF8 00000004 C=BSS      S=.bss     G=DGROUP   M=Grids    ACBP=A9
 0002:00004CFC 0000000C C=BSS      S=.bss     G=DGROUP   M=DBGrids  ACBP=A9
 0002:00004D08 00000004 C=BSS      S=.bss     G=DGROUP   M=IdException ACBP=A9
 0002:00004D0C 00000004 C=BSS      S=.bss     G=DGROUP   M=IdResourceStrings ACBP=A9
 0002:00004D10 000001C8 C=BSS      S=.bss     G=DGROUP   M=IdWinSock2 ACBP=A9
 0002:00004ED8 00000004 C=BSS      S=.bss     G=DGROUP   M=IdStackConsts ACBP=A9
 0002:00004EDC 00000008 C=BSS      S=.bss     G=DGROUP   M=IdStack  ACBP=A9
 0002:00004EE4 00000004 C=BSS      S=.bss     G=DGROUP   M=IdStackWindows ACBP=A9
 0002:00004EE8 00000004 C=BSS      S=.bss     G=DGROUP   M=IdURI    ACBP=A9
 0002:00004EEC 00000014 C=BSS      S=.bss     G=DGROUP   M=IdGlobal ACBP=A9
 0002:00004F00 00000004 C=BSS      S=.bss     G=DGROUP   M=IdBaseComponent ACBP=A9
 0002:00004F04 00000004 C=BSS      S=.bss     G=DGROUP   M=IdAntiFreezeBase ACBP=A9
 0002:00004F08 00000004 C=BSS      S=.bss     G=DGROUP   M=IdAntiFreeze ACBP=A9
 0002:00004F0C 00000008 C=BSS      S=.bss     G=DGROUP   M=IdComponent ACBP=A9
 0002:00004F14 00000004 C=BSS      S=.bss     G=DGROUP   M=IdSocketHandle ACBP=A9
 0002:00004F18 00000004 C=BSS      S=.bss     G=DGROUP   M=IdIntercept ACBP=A9
 0002:00004F1C 00000004 C=BSS      S=.bss     G=DGROUP   M=IdIOHandler ACBP=A9
 0002:00004F20 00000004 C=BSS      S=.bss     G=DGROUP   M=IdRFCReply ACBP=A9
 0002:00004F24 00000004 C=BSS      S=.bss     G=DGROUP   M=IdAssignedNumbers ACBP=A9
 0002:00004F28 00000004 C=BSS      S=.bss     G=DGROUP   M=IdSocks  ACBP=A9
 0002:00004F2C 00000004 C=BSS      S=.bss     G=DGROUP   M=IdTCPStream ACBP=A9
 0002:00004F30 00000004 C=BSS      S=.bss     G=DGROUP   M=IdStream ACBP=A9
 0002:00004F34 00000004 C=BSS      S=.bss     G=DGROUP   M=IdIOHandlerSocket ACBP=A9
 0002:00004F38 00000004 C=BSS      S=.bss     G=DGROUP   M=IdTCPConnection ACBP=A9
 0002:00004F3C 00000004 C=BSS      S=.bss     G=DGROUP   M=IdTCPClient ACBP=A9
 0002:00004F40 00000004 C=BSS      S=.bss     G=DGROUP   M=OleDlg   ACBP=A9
 0002:00004F44 00000004 C=BSS      S=.bss     G=DGROUP   M=OleConst ACBP=A9
 0002:00004F48 00000040 C=BSS      S=.bss     G=DGROUP   M=OleCtnrs ACBP=A9
 0002:00004F88 00000008 C=BSS      S=.bss     G=DGROUP   M=Unit2    ACBP=A9
 0002:00004F90 00000004 C=BSS      S=.bss     G=DGROUP   M=Cpl      ACBP=A9
 0002:00004F94 00000004 C=BSS      S=.bss     G=DGROUP   M=CtlConsts ACBP=A9
 0002:00004F98 00000004 C=BSS      S=.bss     G=DGROUP   M=CtlPanel ACBP=A9
 0002:00004F9C 00000008 C=BSS      S=.bss     G=DGROUP   M=Unit1    ACBP=A9


  Address         Publics by Name

 0002:00001FEC       ..
 0001:0009D0CC       ..
 0002:00001478       ..
 0002:00004C60       ..
 0001:00099D68       ..
 0002:00004C78       .1
 0002:00004C18       .1
 0002:00004C14       .1
 0002:0000467C       .1
 0002:00004B04       .1
 0002:00004680       .1
 0002:00004C10       .1
 0002:0000466C       .1
 0002:00004C7C       .1
 0002:00004674       .1
 0002:00004AC4       .1
 0002:00004F94       .1
 0002:00004D0C       .1
 0002:00004F90       .1
 0002:00004AB4       .1
 0002:000048FC       .1
 0002:00004928       .1
 0002:0000493C       .1
 0002:00004A74       .1
 0002:00004A70       .1
 0002:00004A6C       .1
 0002:00004ED8       .1
 0002:00004F44       .1
 0002:00004A68       .1
 0002:00004F40       .1
 0002:00004A64       .1
 0002:00004840       .1
 0002:00004970       .1
 0002:00004A60       .1
 0002:00004A5C       .1
 0002:00004A44       .1
 0002:00004A54       .1
 0002:00004F24       .1
 0002:00004890       .1
 0002:00004C20       .1
 0002:00004CE8       .1
 0002:00004B40       .1
 0002:00004C5C       .1
 0002:00004A78       .11
 0002:00004EF4       .11
 0002:00004CF8       .11
 0002:00004AB0       .12
 0002:00004898       .12
 0002:00004B28       .2
 0002:00004ABC       .2
 0002:000048F4       .2
 0002:00004940       .2
 0002:00004F8C       .2
 0002:00004F1C       .2
 0002:00004F00       .2
 0002:00004F2C       .2
 0002:00004F34       .2
 0002:00004F28       .2
 0002:00004CF0       .2
 0002:00004FA0       .2
 0002:00004CEC       .2
 0002:00004F04       .2
 0002:00004F08       .2
 0002:00004F3C       .2
 0002:00004C0C       .2
 0002:000048F8       .21
 0002:00004CF4       .22
 0002:00004C8C       .22
 0002:00004BD0       .3
 0002:00004AF8       .3
 0002:00004C58       .3
 0002:00004C1C       .3
 0002:00004678       .3
 0002:00004ED0       .3
 0002:00004F48       .3
 0002:00004948       .3
 0002:00004EE4       .3
 0002:00004EE8       .3
 0002:0000494C       .3
 0002:00004F0C       .3
 0002:00004848       .3
 0002:00004F20       .3
 0002:00004F30       .3
 0002:00004F38       .31
 0002:00004794       .35
 0002:00004C54       .36
 0002:00004B18       .36
 0002:00004F98       .4
 0002:00004AC8       .4
 0002:00004A58       .4
 0002:00004F18       .4
 0002:00004BF4       .41
 0002:00004C24       .41
 0002:00004B30       .42
 0002:00004858       .45
 0002:000047FC       .5
 0002:00004B00       .5
 0002:000045BC       .5
 0002:00004CE4       .5
 0002:00004EE0       .6
 0002:00004984       .6
 0002:00004844       .6
 0002:00004D08       .64
 0002:00004B54       .72
 0002:00004B08       .72
 0002:00004B34       .73
 0002:00004B14       .8
 0002:00004BCC       .8
 0002:00004AFC       .8
 0002:00004820       .81
 0002:00004CFC       .9
 0002:00004BE4       .9
 0002:00004F14       .9
 0001:00001B68       @AbstractError
 0001:00002798       @AfterConstruction
 0001:0000258C       @AsClass
 0001:00001D0C       @AStrCmp
 0001:000027A8       @BeforeDestruction
 0001:00002314       @BoundErr
 0001:000025D8       @CallDynaInst
 0001:00002740       @ClassCreate
 0001:00002790       @ClassDestroy
 0001:00001BD8       @Close
 0001:00001920       @Copy
 0001:00003ED0       @CopyArray
 0001:00003DB4       @CopyRecord
 0001:0000403C       @DispCallByIDError
 0001:0000F258       @DispInvokeError
 0001:00003FD8       @Dispose
 0001:00002C24       @DoneExcept
 0001:000047AC       @DynArrayAddRef
 0001:00004784       @DynArrayAsg
 0001:00004748       @DynArrayClear
 0001:00004634       @DynArrayCopy
 0001:00004654       @DynArrayCopyRange
 0001:00004474       @DynArrayHigh
 0001:0000446C       @DynArrayLength
 0001:00004628       @DynArraySetLength
 0001:00002D0C       @ExceptionHandler
 0001:00001D7C       @FillChar
 0001:00003D90       @Finalize
 0001:00003CA4       @FinalizeArray
 0001:00003C58       @FinalizeRecord
 0001:000025F0       @FindDynaInst
 0001:00002308       @FpuInit
 0001:00002244       @FpuMaskInit
 0001:000017A8       @FreeMem
 0001:00001788       @GetMem
 0001:00005564       @GetTls
 0001:00003154       @Halt
 0001:0000307C       @Halt0
 0001:000028BC       @HandleAnyException
 0001:00002B70       @HandleFinally
 0001:000029E8       @HandleOnException
 0001:000055B0       @InitExe
 0001:00003C4C       @Initialize
 0001:00003BB8       @InitializeArray
 0001:00003B88       @InitializeRecord
 0001:00002F40       @InitImports
 0001:00002F18       @InitResStringImports
 0001:00002EF4       @InitResStrings
 0001:00004EA8       @IntfAddRef
 0001:00004E78       @IntfCast
 0001:00004E34       @IntfClear
 0001:00004E4C       @IntfCopy
 0001:0000231C       @IntOver
 0001:00002568       @IsClass
 0001:00002214       @isNECWindows
 0001:000036A0       @LStrAddRef
 0001:00003214       @LStrArrayClr
 0001:00003244       @LStrAsg
 0001:000034B8       @LStrCat
 0001:000034FC       @LStrCat3
 0001:00003570       @LStrCatN
 0001:000031F0       @LStrClr
 0001:000035FC       @LStrCmp
 0001:00003710       @LStrCopy
 0001:00003750       @LStrDelete
 0001:00003460       @LStrFromArray
 0001:000033D8       @LStrFromChar
 0001:000033E8       @LStrFromPChar
 0001:000032E0       @LStrFromPCharLen
 0001:00003418       @LStrFromPWChar
 0001:0000334C       @LStrFromPWCharLen
 0001:00003454       @LStrFromString
 0001:00003478       @LStrFromWStr
 0001:00003798       @LStrInsert
 0001:00003288       @LStrLAsg
 0001:000034B0       @LStrLen
 0001:000038A0       @LStrOfChar
 0001:000037F4       @LStrPos
 0001:0000383C       @LStrSetLength
 0001:000036B0       @LStrToPChar
 0001:0000348C       @LStrToString
 0001:00003FC4       @New
 0001:000032B4       @NewAnsiString
 0001:000038D4       @NewWideString
 0001:000139A8       @OleVarFromInt
 0001:00013CAC       @OleVarFromLStr
 0001:00013D68       @OleVarFromVar
 0001:00001F28       @Pow10
 0001:00001C88       @PStrCmp
 0001:00001C60       @PStrCpy
 0001:00001C30       @PStrNCat
 0001:00001C6C       @PStrNCpy
 0001:00002BD0       @RaiseAgain
 0001:00002BA8       @RaiseExcept
 0001:000017C8       @ReallocMem
 0001:00001B38       @ROUND
 0001:00003160       @RunError
 0001:00001F0C       @SetEq
 0001:00001B10       @SetLength
 0001:00002EB4       @StartExe
 0001:00004220       @Str0Int64
 0001:00001DFC       @Str0Long
 0001:00004160       @StrInt64
 0001:00000368       @strlen
 0001:00001D9C       @StrLong
 0001:00001B44       @TRUNC
 0001:00002C54       @TryFinallyExit
 0001:00003708       @UniqueStringA
 0001:0000423C       @ValInt64
 0001:00001E08       @ValLong
 0001:000147F8       @VarAddRef
 0001:00014FA0       @VarArrayGet
 0001:00015090       @VarArrayPut
 0001:0000FDB0       @VarCast
 0001:0000F544       @VarClear
 0001:0000F558       @VarClr
 0001:00003C8C       @VarClr
 0001:00016848       @VarCmpEQ
 0001:00016878       @VarCmpGT
 0001:00016868       @VarCmpLT
 0001:00016858       @VarCmpNE
 0001:0000F86C       @VarCopy
 0001:00003D9C       @VarCopy
 0001:0000FAEC       @VarCopyNoInd
 0001:00013B3C       @VarFromBool
 0001:000139C8       @VarFromByte
 0001:00013B8C       @VarFromCurr
 0001:00013AE4       @VarFromCurrency
 0001:00013B10       @VarFromDate
 0001:00013C80       @VarFromDisp
 0001:00013AB8       @VarFromDouble
 0001:0001394C       @VarFromInt
 0001:00013A68       @VarFromInt64
 0001:00013988       @VarFromInteger
 0001:00013C54       @VarFromIntf
 0001:00013A08       @VarFromLongWord
 0001:00013BA0       @VarFromLStr
 0001:00013BCC       @VarFromPStr
 0001:00013B64       @VarFromReal
 0001:00013A28       @VarFromShortInt
 0001:00013A94       @VarFromSingle
 0001:00013A48       @VarFromSmallInt
 0001:00013B78       @VarFromTDateTime
 0001:000139E8       @VarFromWord
 0001:00013C1C       @VarFromWStr
 0001:0000F2AC       @VarNull
 0001:0000FB00       @VarStringToOleStr
 0001:0001157C       @VarToBool
 0001:00011234       @VarToBoolean
 0001:00010674       @VarToByte
 0001:00012420       @VarToCurrency
 0001:00011EB8       @VarToDate
 0001:000138A0       @VarToDisp
 0001:00011748       @VarToDouble
 0001:00010C38       @VarToInt64
 0001:00010174       @VarToInteger
 0001:000137D4       @VarToIntf
 0001:000108EC       @VarToLongWord
 0001:00012AD4       @VarToLStr
 0001:00011AC4       @VarToReal
 0001:000105C4       @VarToShortInt
 0001:00011AE0       @VarToSingle
 0001:0001071C       @VarToSmallInt
 0001:00010814       @VarToWord
 0001:000131FC       @VarToWStr
 0001:00003914       @WStrArrayClr
 0001:00003938       @WStrAsg
 0001:000038FC       @WStrClr
 0001:00003A74       @WStrCmp
 0001:00003AF8       @WStrCopy
 0001:00003A48       @WStrFromLStr
 0001:0000395C       @WStrFromPCharLen
 0001:00003A0C       @WStrFromPWChar
 0001:000039E8       @WStrFromPWCharLen
 0001:00003A68       @WStrLen
 0001:00003B44       @WStrSetLength
 0001:00003A58       @WStrToPWChar
 0001:00001EE8       @_CLenToPasStr
 0001:00001EDC       @_CToPasStr
 0001:000018F0       @_IOTest
 0001:00004068       @_lldiv
 0001:000040E4       @_llmod
 0001:00004044       @_llmul
 0001:0000B970       Abort
 0001:00056020       AbsMin
 0001:0000BD3C       AbstractErrorHandler
 0002:0000402C       AbstractErrorProc
 0002:00004D14       accept
 0002:00004EC4       AcceptEx
 0002:00000140       AccessMode
 0001:00001858       AcquireExceptionObject
 0001:0001AD28       ActivateClassGroup
 0001:00005D28       ActivateKeyboardLayout
 0002:00004B88       ActiveDrag
 0001:00018500       ActiveX
 0001:00065628       ActnList
 0001:00000494       AddBlockAfter
 0001:0007D694       AddChars
 0001:0008073C       AddCurrency
 0001:0007FF0C       AddCurrencySymbol
 0002:00000598       AddDataModule
 0001:0007F818       AddDigit
 0001:000075D8       AddExitProc
 0001:00088ECC       AddFieldDefs
 0001:000C4608       AddFields
 0001:00089128       AddFields
 0001:0001ECF4       AddFinished
 0001:00068E24       AddIn
 0001:00080A2C       AddLiterals
 0001:000A0AAC       AddMessage
 0001:00004CD8       AddModuleUnloadProc
 0001:00004CC8       AddModuleUnloadProc
 0001:0007FFEC       AddNegCurrencySymbol
 0001:0007ED80       AddNormalizedFractions
 0001:0001ED2C       AddNotFinished
 0001:0007F7FC       AddOneChar
 0001:0007D750       AddStrings
 0001:0001F750       AddSubComponentsToLoaded
 0001:00023D4C       AddThread
 0002:00001234       AdjustAmt
 0002:00001224       AdjustAmt
 0002:0000122C       AdjustAmt
 0002:0000121C       AdjustAmt
 0001:00029C84       AdjustColor
 0001:00035C10       AdjustColors
 0001:0007E1AC       AdjustDecimalPosition
 0001:00093F34       AdjustFirstRecord
 0001:000707B4       Adjustment
 0001:0007F0D8       AdjustNibbles
 0001:00005D30       AdjustWindowRectEx
 0001:0000D10C       AL1
 0002:00000310       AL1s
 0001:0000D11C       AL2
 0002:00000320       AL2s
 0002:00002274       AlignFlags
 0002:00000D70       Alignments
 0002:00000A40       Alignments
 0002:00001098       Alignments
 0002:000010A8       Alignments
 0002:00000E14       Alignments
 0002:000021FC       AlignStyle
 0002:00000C54       AlignStyles
 0001:000777A4       AlignWork
 0001:0005B7E8       AlignWork
 0001:00025B54       AllocateHWnd
 0001:0000758C       AllocMem
 0002:000045B4       AllocMemCount
 0002:000045B8       AllocMemSize
 0001:0002EFA8       AllocPatternBitmap
 0001:0000550C       AllocTlsBuffer
 0001:0000D14C       ALR
 0001:0000D134       ALV
 0001:000224B0       AncestorIsValid
 0002:00000E84       AnchorAlign
 0002:00000E78       AnimateWindowProc
 0002:00000F80       AnimationStyle
 0001:000077B8       AnsiCompareStr
 0001:000077F0       AnsiCompareText
 0001:000078D0       AnsiExtractQuotedStr
 0001:0000807C       AnsiLastChar
 0001:00005D38       AnsiLower
 0001:00007784       AnsiLowerCase
 0001:0000C6F0       AnsiLowerCaseFileName
 0001:0000C6B8       AnsiPos
 0001:0006D638       AnsiSameCaption
 0001:00007828       AnsiSameText
 0001:00007840       AnsiStrIComp
 0001:00007860       AnsiStrLIComp
 0001:0000C808       AnsiStrPos
 0001:0000C8A8       AnsiStrRScan
 0001:0000C8D0       AnsiStrScan
 0001:000A06A4       AnsiToNative
 0001:000A0730       AnsiToNativeBuf
 0001:000052A8       AnsiToUtf8
 0001:00007750       AnsiUpperCase
 0001:0000C77C       AnsiUpperCaseFileName
 0001:0001375C       AnyToIntf
 0001:00009BC4       AppendChars
 0001:00009F88       AppendFormat
 0001:00009C28       AppendNumber
 0001:00009C08       AppendString
 0002:000028B8       Application
 0002:00004BEC       Application
 0001:0009FED0       ApplicationHandleException
 0002:000005A8       ApplicationHandleException
 0002:000005B0       ApplicationShowException
 0002:000011DC       AppVisible
 0002:000021F8       ArrowKey
 0001:0000BD20       AssertErrorHandler
 0002:00004024       AssertErrorProc
 0001:000AB860       AssignFields
 0001:00017B20       AssignLongStr
 0001:0001819C       AssignVariant
 0002:00004EFC       ATempPath
 0001:000899E0       AttributeSetStored
 0002:00000CE8       AutoExpandStyles
 0002:0000460C       avail
 0001:00008280       BackfillGetDiskFreeSpaceEx
 0001:00058BB4       BackgroundClipped
 0001:0000DF78       BackupVarBoolFromStr
 0001:0000E0D8       BackupVarBStrFromBool
 0001:0000DFF8       BackupVarBStrFromCy
 0001:0000E068       BackupVarBStrFromDate
 0001:0000DF0C       BackupVarCyFromStr
 0001:0000DEA0       BackupVarDateFromStr
 0001:0000DD5C       BackupVarI4FromStr
 0001:0000DD08       BackupVariantChangeTypeEx
 0001:0000DDC8       BackupVarR4FromStr
 0001:0000DE34       BackupVarR8FromStr
 0002:00001434       BaseFieldTypes
 0002:00000458       BaseTypeMap
 0001:0007F6AC       BcdAdd
 0001:0007F288       BcdCompare
 0001:0008037C       BcdCurrencyFormat
 0001:0007F640       BcdDivide
 0001:0007F4F0       BcdDivide
 0001:0007C874       BcdError
 0001:0007C804       BcdErrorFmt
 0001:0007FD2C       BcdFixedOrNumberFormat
 0001:0007FCC8       BcdGeneralFormat
 0001:0007F38C       BcdMultiply
 0001:0007F484       BcdMultiply
 0001:0007FB20       BcdScale
 0001:0007FCE0       BcdScientificFormat
 0001:0007F350       BcdSubtract
 0001:0007FC1C       BCDToCurr
 0001:0007D268       BcdToDouble
 0001:0007F9DC       BcdToStr
 0001:00080468       BcdToStrF
 0001:0009DA44       BDE
 0001:000A04B0       BdeCallBack
 0001:0009DBBC       bdeconst
 0002:00004CD8       BDEInitProcs
 0001:0000C314       Beep
 0001:0001B0FC       BeginGlobalLoading
 0001:00005D40       BeginPaint
 0001:000031A4       BeginThread
 0001:00029C90       BetterSize
 0001:00035500       BevelLine
 0001:00035410       BevelRect
 0001:00069C98       BiDiDraw
 0002:00004D18       bind
 0001:00023C38       BinToHex
 0001:00005AD8       BitBlt
 0002:00000BC4       BitBtnCaptions
 0002:00004ACC       BitBtnGlyphs
 0002:00000934       BitmapCanvasList
 0002:000048B0       BitmapImageLock
 0001:0000DD44       BiUnimplemented
 0001:0007E048       BlankArgument
 0001:000BF460       BlankStr
 0002:00002168       BlobTypeMap
 0002:00000650       BlockCode
 0002:000045E4       blockDescBlockList
 0002:000045E8       blockDescFreeList
 0002:0000057C       BooleanIdents
 0002:00000454       BooleanToStringRule
 0002:00001464       BoolFalse
 0001:00007DB8       BoolToStr
 0001:0001285C       BoolToWStrViaOS
 0002:00001124       BorderStyles
 0002:00000CA0       BorderStyles
 0002:00000D68       BorderStyles
 0002:00000A38       BorderStyles
 0001:00005668       Bounds
 0001:0001A024       Bounds
 0002:00001040       Breaks
 0002:000048E8       BrushManager
 0002:0000223C       BtnHintId
 0002:00002214       BtnTypeName
 0001:00087B8C       BuffersEqual
 0001:00093600       BufferToByteArray
 0001:000B7FEC       Build
 0001:0006C44C       BuildImage
 0002:000009E0       ButtonCaptions
 0002:00000BF4       ButtonCount
 0002:000009B4       ButtonNames
 0002:000010BC       Buttons
 0001:00039CAC       Buttons
 0002:00000E0C       ButtonStyles
 0002:00000CB8       ButtonStyles
 0002:00004A84       ButtonWidths
 0001:000936B4       ByteArrayToBuffer
 0001:000CC610       ByteIsOk
 0001:00029470       BytesPerScanline
 0001:000297C8       ByteSwapColors
 0001:0000C3F8       ByteToCharIndex
 0001:0000C3D0       ByteToCharLen
 0001:0000C394       ByteType
 0001:0000C31C       ByteTypeTest
 0002:00004BD4       CachedComCtrlVer
 0002:00000C98       cAddMode
 0001:000BA478       CalcAxis
 0001:000BB1A0       CalcAxis
 0001:000BA6BC       CalcAxisState
 0001:000BA504       CalcFixedAxis
 0001:00025A90       CalcJmpOffset
 0001:000BA618       CalcMaxCell
 0001:000BC64C       CalcPageExtents
 0001:0008062C       CalcPrecisionAndDigits
 0001:000BBF48       CalcScroll
 0001:000BB5B0       CalcScrollBar
 0001:000BC2AC       CalcSizeInfo
 0001:00063590       CalcSplitterPos
 0001:0008F83C       CalcTotalSize
 0001:00089A20       CalculatedStored
 0001:00005D48       CallNextHookEx
 0001:0000D0D0       CallTerminateProcs
 0001:00005D50       CallWindowProc
 0001:000A657C       CanBlockRead
 0001:00057058       CancelDrag
 0001:00094DA8       CancelNestedDataSets
 0001:0007DFD8       CanUseShort
 0002:00004B9C       CanvasList
 0002:000048EC       CanvasList
 0002:0000098C       Captions
 0002:00000F3C       CaptureControl
 0001:000B85FC       CaretPos
 0002:00000FE0       cBooleanToItemAutoFlag
 0002:00000488       CBooleanToRelationship
 0002:000021AC       CBRetCode
 0002:000011F0       CDayMap
 0001:00005684       CenterPoint
 0002:00004F58       CFEmbeddedObject
 0002:00004F5C       CFLinkSource
 0002:00004F54       CFObjectDescriptor
 0002:00004ABA       CF_COMPONENT
 0002:00004AB8       CF_PICTURE
 0002:00004818       ChangeAnyProc
 0001:00055584       ChangeBiDiModeAlignment
 0001:000080FC       ChangeFileExt
 0002:00000D90       CharCases
 0002:00000DC0       CharCases
 0001:00003310       CharFromWChar
 0001:0000C5CC       CharLength
 0001:00005D58       CharLowerBuff
 0001:000002D8       CharNext
 0001:00005D60       CharNext
 0001:00027B5C       CharsetToIdent
 0001:0000C4E0       CharToByteIndex
 0001:0000C544       CharToByteLen
 0001:00005D68       CharToOem
 0001:00005D70       CharToOemA
 0001:00005D78       CharToOemBuff
 0001:00005D80       CharUpperBuff
 0001:000A0A48       Check
 0001:0002A258       CheckBool
 0001:000D4900       CheckBox
 0001:000C7388       CheckForPassthroughs
 0001:000A8404       CheckIfParentScrolled
 0001:0009FC0C       CheckIndexOpen
 0001:00002838       CheckJmp
 0001:00005D88       CheckMenuItem
 0001:00093B20       CheckNestedBrowseMode
 0002:00001030       Checks
 0001:0007C3F0       CheckSqlTimeStamp
 0001:0001F78C       CheckSubComponents
 0001:00023D64       CheckSynchronize
 0001:000701B4       CheckTaskWindow
 0001:00013EB8       CheckType
 0001:00056D0C       CheckUndock
 0001:0000C208       CheckWin32Version
 0002:00000470       CInvalidCustomVariantType
 0002:00000FE4       cItemAutoFlagToBoolean
 0002:00000FDC       cItemAutoFlagToMenu
 0001:00025CE0       Classes
 0001:0001AAEC       ClassNotFound
 0002:000020C8       Class_SMClient
 0002:00004814       ClearAnyProc
 0001:000273EC       ClearColor
 0001:00081BE4       ClearExcepInfo
 0001:000BF208       ClearItem
 0001:000C69D4       ClearSelection
 0001:00015AC8       ClearVariantTypeList
 0001:00005D90       ClientToScreen
 0001:00060B34       ClientToWindow
 0001:00037424       Clipboard
 0002:0000092C       ClipboardFormats
 0001:00037510       Clipbrd
 0001:00005D98       CloseClipboard
 0001:000057F0       CloseHandle
 0002:00004D1C       closesocket
 0002:0000498C       CloseThemeData
 0002:00004040       CmdLine
 0002:0000403C       CmdShow
 0002:00000FD8       cMenuAutoFlagToItem
 0002:00000494       CmpTypeMap
 0001:0000DD50       CmpUnimplemented
 0002:000012AC       CoAddRefServerProcess
 0001:0001849C       CoCreateInstance
 0002:000012A4       CoCreateInstanceEx
 0002:000012BC       CoInitFlags
 0001:0001848C       CoInitialize
 0002:000012A8       CoInitializeEx
 0001:0001B3B8       CollectionsEqual
 0002:000006AC       Colors
 0001:00027954       ColorToIdent
 0002:00000A4C       ColorToPretyName
 0001:00027944       ColorToRGB
 0002:00000DAC       ComboBoxStyles
 0002:00004C2C       ComClassManagerVar
 0001:00081094       ComConst
 0002:00004900       ComCtl32DLL
 0002:00004B24       ComCtlVersion
 0001:0004694C       ComCtrls
 0002:00004BE8       CommandPool
 0001:0002F8C4       CommCtrl
 0001:00032138       CommDlg
 0001:00000774       Commit
 0002:00004628       committedRoot
 0001:00081EAC       ComObj
 0001:0007F058       CompactBcd
 0001:0007D434       CompareDigits
 0001:000B8358       CompareExtents
 0001:00068408       CompareFront
 0001:000076B8       CompareMem
 0001:0007EE38       CompareNormalizedFractions
 0001:00007688       CompareStr
 0001:000057F8       CompareString
 0001:000076D8       CompareText
 0001:00007CE0       CompareWith
 0001:0001F86C       ComponentCreated
 0001:0002A028       ComputeAldusChecksum
 0001:00036EC4       ComStrs
 0001:000A9EB0       ConcatField
 0002:00004D20       connect
 0001:000D0B00       ConnectTimeout
 0001:0002608C       Consts
 0001:0002F4A8       Contnrs
 0002:00004B5A       ControlAtom
 0002:00004B60       ControlAtomString
 0001:00075074       ControlHasHelp
 0001:00064330       Controls
 0002:000005CC       Convert
 0002:000005DC       Convert
 0001:0000B710       ConvertAddr
 0001:00009D18       ConvertEraString
 0001:00007550       ConvertError
 0001:00007568       ConvertErrorFmt
 0001:00009E80       ConvertYearString
 0001:0000447C       CopyArray
 0001:0002C538       CopyBitmap
 0001:0002CC00       CopyBitmapAsMask
 0001:0007FCB4       CopyByte
 0001:00005AE0       CopyEnhMetaFile
 0001:00039AAC       CopyImage
 0001:0002CB9C       CopyPalette
 0002:00000D04       Copyright
 0001:0006B4F8       CopyToBest
 0002:000012B0       CoReleaseServerProcess
 0002:000012B4       CoResumeClassObjects
 0002:000012B8       CoSuspendClassObjects
 0001:00018494       CoUninitialize
 0001:0000C450       CountChars
 0002:000048C8       CounterLock
 0001:000BEFE8       CountItem
 0001:000D4E64       Cpl
 0002:00000474       CRangeToType
 0001:0000BC64       CreateAssertException
 0001:0000BDEC       CreateAVObject
 0001:00005AE8       CreateBitmap
 0001:00005AF0       CreateBrushIndirect
 0001:00005AF8       CreateCompatibleBitmap
 0001:00005B00       CreateCompatibleDC
 0001:0001F8EC       CreateComponent
 0001:00005B10       CreateDIBitmap
 0001:00005B08       CreateDIBSection
 0001:00005800       CreateEvent
 0001:00005808       CreateFile
 0001:00005B18       CreateFontIndirect
 0001:00005B20       CreateHalftonePalette
 0001:00005DA0       CreateIcon
 0001:0000BB90       CreateInOutError
 0001:00005DA8       CreateMenu
 0001:00032BF8       CreateMessageDialog
 0001:00005818       CreateMutexA
 0001:00005B28       CreatePalette
 0001:00005B30       CreatePenIndirect
 0001:00005DB0       CreatePopupMenu
 0001:00005B38       CreateSolidBrush
 0001:00029820       CreateSystemPalette
 0001:000002E0       CreateThread
 0001:00005838       CreateThread
 0001:000063C8       CreateWindow
 0001:00006370       CreateWindowEx
 0002:00000984       CreationControl
 0002:00000E7C       CreationControl
 0002:00000568       CRelationshipToBoolean
 0002:00000438       CResult
 0002:00004CC0       CSAnsiToNative
 0002:00000E68       CSHREDRAW
 0002:00000138       cSimpleBoolStrs
 0002:00004CA8       CSNativeToAnsi
 0002:00000510       CText
 0002:00000E04       Ctl3DStyles
 0002:00000F78       Ctl3DStyles
 0001:000D4EA4       CtlConsts
 0001:000D5A7C       CtlPanel
 0001:000B85C8       Ctrl
 0002:00004620       curAlloc
 0001:0001414C       CurrCompare
 0002:0000468C       CurrencyDecimals
 0002:00004688       CurrencyFormat
 0002:00004684       CurrencyString
 0001:00009BB0       CurrentYear
 0001:0007FB90       CurrToBCD
 0001:0000943C       CurrToStr
 0001:000094A4       CurrToStrF
 0001:000127EC       CurrToWStrViaOS
 0002:00001160       CursorMap
 0002:00000E8C       Cursors
 0001:000558A4       CursorToIdent
 0002:00001150       cUseAlpha
 0002:00001158       cUseColorKey
 0002:00000330       CVarTypeToElementInfo
 0001:00007A34       CvtInt
 0001:00007AA0       CvtInt64
 0002:00000178       CWNear
 0002:00001298       CWNear
 0002:00000E70       Data
 0001:000879F8       DatabaseError
 0001:00087AA4       DatabaseErrorFmt
 0002:00004F9C       DataBaseExplorer
 0002:00004F60       DataFormats
 0002:0000214C       DataTypeMap
 0001:00014124       DateCompare
 0002:0000468D       DateSeparator
 0001:000935B8       DateTimeToNative
 0001:0007C320       DateTimeToSQLTimeStamp
 0001:0000A7C8       DateTimeToStr
 0001:0000A73C       DateTimeToString
 0001:00009694       DateTimeToTimeStamp
 0001:0000A798       DateToStr
 0001:00012824       DateToWStrViaOS
 0001:0007B374       DateUtils
 0001:0007B20C       DayOfTheWeek
 0001:00009B38       DayOfWeek
 0001:0007B1B0       DaysInAMonth
 0001:00095CF4       DB
 0002:00004C50       DBApplication
 0001:00099D40       DBCommon
 0001:0007B5E4       DBConsts
 0001:000B6600       DBCtrls
 0001:000C9D64       DBGrids
 0001:0009C45A       DbiAcqPersistTableLock
 0001:0009C46C       DbiAcqTableLock
 0001:0009BD6A       DbiActivateFilter
 0001:0009B6C2       DbiAddAlias
 0001:0009B62C       DbiAddDriver
 0001:0009BD76       DbiAddFilter
 0001:0009C292       DbiAddIndex
 0001:0009C41E       DbiAddPassword
 0001:0009B944       DbiAnsiToNative
 0001:0009C238       DbiAppendRecord
 0001:0009B770       DbiApplyDelayedUpdates
 0001:0009BD58       DbiBatchMove
 0001:0009B914       DbiBcdFromFloat
 0001:0009B91A       DbiBcdToFloat
 0001:0009B5C0       DbiBeginConstraintLayer
 0001:0009B77C       DbiBeginDelayedUpdates
 0001:0009C4A8       DbiBeginLinkMode
 0001:0009BD46       DbiBeginTran
 0001:0009C13C       DbiCfgAddRecord
 0001:0009C154       DbiCfgBuildPath
 0001:0009C130       DbiCfgDropRecord
 0001:0009C124       DbiCfgGetHelp
 0001:0009C148       DbiCfgGetNextNode
 0001:0009C142       DbiCfgGetRecord
 0001:0009C11E       DbiCfgMerge
 0001:0009C136       DbiCfgModifyRecord
 0001:0009C14E       DbiCfgPosition
 0001:0009C15A       DbiCfgSave
 0001:0009C12A       DbiCfgTranslate
 0001:0009C1CC       DbiCheckRefresh
 0001:0009B5A8       DbiCheckSQLExpression
 0001:0009C2C2       DbiCloneCursor
 0001:0009B962       DbiCloseConfigFile
 0001:0009C56E       DbiCloseCursor
 0001:0009C586       DbiCloseDatabase
 0001:0009B8C6       DbiCloseFieldXlt
 0001:0009C2EC       DbiCloseIndex
 0001:0009C424       DbiCloseSession
 0001:0009C2C8       DbiCompareBookMarks
 0001:0009C232       DbiCompareKeys
 0001:0009C2A4       DbiCopyTable
 0001:0009C4BA       DbiCreateInMemTable
 0001:0009C2AA       DbiCreateTable
 0001:0009C208       DbiCreateTempTable
 0001:0009B590       DbiDatabaseFlush
 0001:0009C2F8       DbiDateDecode
 0001:0009C2FE       DbiDateEncode
 0001:0009BD64       DbiDeactivateFilter
 0001:0009C0F4       DbiDebugLayerOptions
 0001:0009B6AA       DbiDeleteAlias
 0001:0009B626       DbiDeleteDriver
 0001:0009C28C       DbiDeleteIndex
 0001:0009C52C       DbiDeleteRecord
 0001:0009C298       DbiDeleteTable
 0001:0009D9AD       DbiDLLExit
 0001:0009C274       DbiDoRestructure
 0001:0009B650       DbiDRAdd
 0001:0009B746       DbiDRAddAttr
 0001:0009B75E       DbiDRClose
 0001:0009B6E0       DbiDRCreate
 0001:0009B6A4       DbiDRCreateEnumAttrDomain
 0001:0009B74C       DbiDRCreateObjectType
 0001:0009B73A       DbiDRCreateRelationType
 0001:0009B6DA       DbiDRDelete
 0001:0009B698       DbiDRDeleteEnumAttrDomain
 0001:0009B72E       DbiDRDeleteObjectType
 0001:0009B734       DbiDRDeleteRelationType
 0001:0009B64A       DbiDRDrop
 0001:0009B740       DbiDRDropAttr
 0001:0009B752       DbiDRExportToFile
 0001:0009B710       DbiDRGetAttrDescs
 0001:0009B76A       DbiDRGetDesc
 0001:0009B692       DbiDRGetEnumAttrDomain
 0001:0009B6F8       DbiDRGetObjID
 0001:0009B716       DbiDRGetObjTypeInfo
 0001:0009B656       DbiDRGetRelatedObject
 0001:0009B70A       DbiDRGetRelTypeInfo
 0001:0009B758       DbiDRImportFromFile
 0001:0009B6E6       DbiDRLoadDBObject
 0001:0009B69E       DbiDRModifyEnumAttrDomain
 0001:0009B764       DbiDROpen
 0001:0009B722       DbiDROpenAttrTypeList
 0001:0009B728       DbiDROpenObjectTypeList
 0001:0009B704       DbiDROpenObjSet
 0001:0009B6FE       DbiDROpenRelSet
 0001:0009B71C       DbiDROpenRelTypeList
 0001:0009BD70       DbiDropFilter
 0001:0009C418       DbiDropPassword
 0001:0009B6F2       DbiDRSetToObjID
 0001:0009B6EC       DbiDRSetToObjName
 0001:0009C250       DbiEmptyTable
 0001:0009B5AE       DbiEndConstraintLayer
 0001:0009B776       DbiEndDelayedUpdates
 0001:0009C4A2       DbiEndLinkMode
 0001:0009BD40       DbiEndTran
 0001:000A0A30       DbiError
 0001:0009D92D       DbiExit
 0001:0009C2DA       DbiExtractKey
 0001:0009C43C       DbiForceRecordReread
 0001:0009C448       DbiForceReread
 0001:0009C1FC       DbiFormFullName
 0001:0009C388       DbiFreeBlob
 0001:0009B818       DbiFreeSQLRequest
 0001:0009C39A       DbiGetBlob
 0001:0009C382       DbiGetBlobHeading
 0001:0009C3A0       DbiGetBlobSize
 0001:0009C2D4       DbiGetBookMark
 0001:0009C1C6       DbiGetCallBack
 0001:0009BD9A       DbiGetClientInfo
 0001:0009C42A       DbiGetCurrSession
 0001:0009C442       DbiGetCursorForTable
 0001:0009C57A       DbiGetCursorProps
 0001:0009C3E8       DbiGetDatabaseDesc
 0001:0009C118       DbiGetDateFormat
 0001:0009B66E       DbiGetDefaultRepository
 0001:0009C50E       DbiGetDirectory
 0001:0009C3F4       DbiGetDriverDesc
 0001:0009C1F0       DbiGetErrorContext
 0001:0009C1EA       DbiGetErrorEntry
 0001:0009C220       DbiGetErrorInfo
 0001:0009C1F6       DbiGetErrorString
 0001:0009BCF2       DbiGetExactRecordCount
 0001:0009C30A       DbiGetField
 0001:0009C574       DbiGetFieldDescs
 0001:0009C3D0       DbiGetFieldTypeDesc
 0001:0009B8D8       DbiGetFilterInfo
 0001:0009C2E0       DbiGetIndexDesc
 0001:0009B956       DbiGetIndexDescs
 0001:0009C286       DbiGetIndexForField
 0001:0009C280       DbiGetIndexSeqNo
 0001:0009C3C4       DbiGetIndexTypeDesc
 0001:0009BD82       DbiGetLdName
 0001:0009BD22       DbiGetLdNameFromDb
 0001:0009C214       DbiGetLdObj
 0001:0009C490       DbiGetLinkStatus
 0001:0009C358       DbiGetNetUserName
 0001:0009C556       DbiGetNextRecord
 0001:0009C100       DbiGetNumberFormat
 0001:0009B932       DbiGetObjFromName
 0001:0009B8E4       DbiGetObjFromObj
 0001:0009C550       DbiGetPriorRecord
 0001:0009B93E       DbiGetProp
 0001:0009C54A       DbiGetRecord
 0001:0009C53E       DbiGetRecordCount
 0001:0009C22C       DbiGetRecordForKey
 0001:0009C544       DbiGetRelativeRecord
 0001:0009B89C       DbiGetRintDesc
 0001:0009C526       DbiGetSeqNo
 0001:0009C35E       DbiGetSesInfo
 0001:0009B81E       DbiGetSQLRequest
 0001:0009C370       DbiGetSysConfig
 0001:0009C36A       DbiGetSysInfo
 0001:0009C376       DbiGetSysVersion
 0001:0009C3AC       DbiGetTableOpenCount
 0001:0009C3DC       DbiGetTableTypeDesc
 0001:0009C10C       DbiGetTimeFormat
 0001:0009BD3A       DbiGetTranInfo
 0001:0009B8A2       DbiGetVchkDesc
 0001:0009B620       DbiImportODBC
 0001:00099D50       DbiInit
 0001:0009D832       DbiInitFn
 0001:0009C2BC       DbiInitRecord
 0001:0009C538       DbiInsertRecord
 0001:0009C48A       DbiIsRecordLocked
 0001:0009C484       DbiIsTableLocked
 0001:0009C47E       DbiIsTableShared
 0001:0009C49C       DbiLinkDetail
 0001:0009C478       DbiLinkDetailToExp
 0001:0009C3B2       DbiLoadDriver
 0001:0009B950       DbiMakePermanent
 0001:0009C532       DbiModifyRecord
 0001:0009B94A       DbiNativeToAnsi
 0001:0009C3A6       DbiOpenBlob
 0001:0009B96E       DbiOpenCfgInfoList
 0001:0009B968       DbiOpenConfigFile
 0001:0009C58C       DbiOpenDatabase
 0001:0009C3EE       DbiOpenDatabaseList
 0001:0009C3FA       DbiOpenDriverList
 0001:0009C4D8       DbiOpenFamilyList
 0001:0009C4F0       DbiOpenFieldList
 0001:0009C3D6       DbiOpenFieldTypesList
 0001:0009B8B4       DbiOpenFieldXlt
 0001:0009C4FC       DbiOpenFileList
 0001:0009B6CE       DbiOpenFunctionArgList
 0001:0009B6D4       DbiOpenFunctionList
 0001:0009C2F2       DbiOpenIndex
 0001:0009C4F6       DbiOpenIndexList
 0001:0009C3CA       DbiOpenIndexTypesList
 0001:0009C4EA       DbiOpenLdList
 0001:0009C40C       DbiOpenLockList
 0001:0009B5A2       DbiOpenNestedTable
 0001:0009B596       DbiOpenRef
 0001:0009B67A       DbiOpenRepositoryList
 0001:0009C4DE       DbiOpenRintList
 0001:0009C4C0       DbiOpenSecurityList
 0001:0009B65C       DbiOpenSessionRepository
 0001:0009B842       DbiOpenSPList
 0001:0009B83C       DbiOpenSPParamList
 0001:0009C580       DbiOpenTable
 0001:0009C502       DbiOpenTableList
 0001:0009C3E2       DbiOpenTableTypesList
 0001:0009C412       DbiOpenUserList
 0001:0009C4E4       DbiOpenVchkList
 0001:0009C256       DbiPackTable
 0001:0009C394       DbiPutBlob
 0001:0009C304       DbiPutField
 0001:0009C31C       DbiQAlloc
 0001:0009C334       DbiQExec
 0001:0009C340       DbiQExecDirect
 0001:0009B82A       DbiQExecProcDirect
 0001:0009C322       DbiQFree
 0001:0009C316       DbiQGetBaseDescs
 0001:0009C328       DbiQInstantiateAnswer
 0001:0009C33A       DbiQPrepare
 0001:0009B824       DbiQPrepareExt
 0001:0009B836       DbiQPrepareProc
 0001:0009C32E       DbiQSetParams
 0001:0009B830       DbiQSetProcParams
 0001:0009C4B4       DbiReadBlock
 0001:0009C24A       DbiRegenIndex
 0001:0009C244       DbiRegenIndexes
 0001:0009C310       DbiRegisterCallBack
 0001:0009C454       DbiRelPersistTableLock
 0001:0009C460       DbiRelRecordLock
 0001:0009C466       DbiRelTableLock
 0001:0009C29E       DbiRenameTable
 0001:0009C51A       DbiResetRange
 0001:0009C44E       DbiSaveChanges
 0001:0009B644       DbiSchemaCacheFlush
 0001:0009C430       DbiSetCurrSession
 0001:0009C112       DbiSetDateFormat
 0001:0009B674       DbiSetDefaultRepository
 0001:0009C508       DbiSetDirectory
 0001:0009C226       DbiSetFieldMap
 0001:0009C400       DbiSetLockRetry
 0001:0009C0FA       DbiSetNumberFormat
 0001:0009C406       DbiSetPrivateDir
 0001:0009B938       DbiSetProp
 0001:0009C520       DbiSetRange
 0001:0009C106       DbiSetTimeFormat
 0001:0009C568       DbiSetToBegin
 0001:0009C2CE       DbiSetToBookMark
 0001:0009C55C       DbiSetToCursor
 0001:0009C562       DbiSetToEnd
 0001:0009C514       DbiSetToKey
 0001:0009C27A       DbiSetToRecordNo
 0001:0009C2B6       DbiSetToSeqNo
 0001:0009BD34       DbiSortTable
 0001:0009B5CC       DbiSQLTextToCanEx
 0001:0009C436       DbiStartSession
 0001:0009C2E6       DbiSwitchToIndex
 0001:0009C268       DbiTimeDecode
 0001:0009C26E       DbiTimeEncode
 0001:0009C25C       DbiTimeStampDecode
 0001:0009C262       DbiTimeStampEncode
 0001:0009B8CC       DbiTranslateField
 0001:0009B8D2       DbiTranslateRecordStructure
 0001:0009C38E       DbiTruncateBlob
 0001:0009BD8E       DbiUndeleteRecord
 0001:0009C496       DbiUnlinkDetail
 0001:0009C20E       DbiUseIdleTime
 0001:0009B8BA       DbiValidateProp
 0001:0009C2B0       DbiVerifyField
 0001:0009C4AE       DbiWriteBlock
 0001:000AEBC0       DBLogDlg
 0001:000AF130       DBPWDlg
 0002:00004C4C       DBScreen
 0001:000AC2A8       DBTables
 0001:000B1BE8       DBUseRightToLeftAlignment
 0002:00000174       DCon10
 0002:000006A8       DDBsOnly
 0001:00025C08       DeallocateHWnd
 0002:00000028       DebugHook
 0002:0000468B       DecimalSeparator
 0001:00015338       DecIndices
 0001:00009B18       DecodeDate
 0001:000099CC       DecodeDateFully
 0001:0007B238       DecodeDateWeek
 0001:0000983C       DecodeTime
 0001:00000808       Decommit
 0001:00000E24       DecommitFree
 0002:000045FC       decommittedRoot
 0001:00072CFC       Default
 0001:000783CC       Default
 0002:00000020       Default8087CW
 0002:000011E4       DefaultBlank
 0002:00000E80       DefaultDockTreeClass
 0002:000012D4       DefaultFieldClasses
 0001:0009FC04       DefaultSession
 0001:00041C6C       DefaultTreeViewSort
 0002:000045C0       DefaultUserCodePage
 0002:000008FC       DefBrushData
 0002:0000067C       DefFontData
 0001:00005DB8       DefFrameProc
 0002:00000204       DefLongDayNames
 0002:000001B8       DefLongMonthNames
 0001:00005DC0       DefMDIChildProc
 0002:000008DC       DefPenData
 0002:000001E8       DefShortDayNames
 0002:00000188       DefShortMonthNames
 0001:00005DC8       DefWindowProc
 0001:000047E8       DelayLoadResourceModule
 0001:000004C4       DeleteBlock
 0001:00005840       DeleteCriticalSection
 0001:00000434       DeleteCriticalSection
 0001:00005B40       DeleteDC
 0001:00005B48       DeleteEnhMetaFile
 0001:00000C6C       DeleteFree
 0001:00005DD0       DeleteMenu
 0001:00005B50       DeleteObject
 0001:000C6DC8       DeletePrompt
 0001:0004EF28       DeleteSelectedText
 0001:0002C0F4       DeselectBitmap
 0001:00005DD8       DestroyCursor
 0001:00005DE0       DestroyIcon
 0001:00039BDC       DestroyLocals
 0001:00005DE8       DestroyMenu
 0001:00005DF0       DestroyWindow
 0001:000BEBA4       Detector
 0001:00052B10       DialogEnumerationTester
 0001:00033468       Dialogs
 0002:00000938       DIBPalSizes
 0002:0000008C       dig
 0002:00002270       Direction
 0001:00070008       DisableTaskWindows
 0001:000815F8       DispatchInvoke
 0001:00081BD8       DispatchInvokeError
 0001:00005DF8       DispatchMessage
 0001:00076354       DispatchShortCut
 0001:00081BF4       DispCall
 0001:00081CD8       DispCallByID
 0002:00004000       DispCallByIDProc
 0001:00081B04       DispCallError
 0001:00087B78       DisposeMem
 0001:000BE73C       DisposeStrItem
 0001:00007534       DivMod
 0001:00032170       Dlgs
 0001:000A04D0       DLLDetachCallBack
 0001:00077658       DoAlign
 0001:0005B678       DoAlign
 0001:00092C64       DoBindFields
 0001:000BA310       DoCalc
 0001:0005F7F4       DoCalcConstraints
 0001:000BA378       DoCalcRightToLeft
 0001:000BAB00       DoChange
 0002:00004B90       DockSiteList
 0001:0006C118       DoClick
 0001:000B947C       DoColWidths
 0001:0005CDBC       DoControlMsg
 0001:0006FFB8       DoDisableWindow
 0001:00056638       DoDragOver
 0001:000075AC       DoExitProc
 0001:00061864       DoFindControlZone
 0001:000700F4       DoFindWindow
 0001:00061DF0       DoFindZone
 0001:000618E8       DoForEach
 0001:000631F4       DoGetNextLimit
 0001:0006FF80       DoneApplication
 0001:000D5674       DoneApplication
 0001:00064058       DoneControls
 0001:0000C118       DoneExceptions
 0001:000746D0       DoNestedActivation
 0001:00023D00       DoneThreadSynchronization
 0001:0005B238       DoPosition
 0001:000774A8       DoPosition
 0001:0006281C       DoPrune
 0001:00034C74       DoRect
 0001:000B94C0       DoRowHeights
 0001:00062CF4       DoSaveZone
 0001:000C6A08       DoSelection
 0001:00062EF8       DoSetNewBounds
 0001:000B8F24       DoSizeAdjust
 0002:0000129C       Dot
 0002:00000584       DotSep
 0001:000BC218       DoUpdate
 0002:00000BF8       DownStyles
 0001:0001CB90       DoWrite
 0001:0002B210       DoWrite
 0001:0002A4B0       DoWrite
 0001:00066A68       DoWrite
 0001:0005C3A4       DoWriteDesignSize
 0001:00025814       DoWriteHeight
 0001:000257AC       DoWriteHorizontalOffset
 0001:00059CFC       DoWriteIsControl
 0001:000257E0       DoWriteVerticalOffset
 0001:00025784       DoWriteWidth
 0002:00004B74       DragCapture
 0002:00004B68       DragControl
 0001:00056D80       DragDone
 0001:000565E8       DragFindTarget
 0001:000565BC       DragFindWindow
 0002:00004B8C       DragImageList
 0001:000569D8       DragInit
 0001:00056B48       DragInitControl
 0002:00004B70       DragInternalObject
 0001:00056504       DragMessage
 0002:00004B6C       DragObject
 0002:00004B98       DragSave
 0002:00004B80       DragSaveCursor
 0002:00004B78       DragStartPos
 0002:00000CD0       DragStyles
 0002:00004B84       DragThreshold
 0001:00056708       DragTo
 0001:00078408       DrawAppIcon
 0001:000B9868       DrawAxisLines
 0002:00004D00       DrawBitmap
 0001:000B9AE0       DrawCells
 0001:00062388       DrawCloseButton
 0001:00005E00       DrawEdge
 0001:00005E08       DrawFocusRect
 0001:00005E10       DrawFrameControl
 0001:000623E0       DrawGrabberLine
 0001:00005E18       DrawIcon
 0001:00005E20       DrawIconEx
 0002:00000FB4       DrawingStyles
 0001:000B9A50       DrawLines
 0001:00005E28       DrawMenuBar
 0001:0006D458       DrawMenuItem
 0001:00005E30       DrawText
 0002:00004990       DrawThemeBackground
 0002:000049B4       DrawThemeEdge
 0002:000049B8       DrawThemeIcon
 0002:00004A3C       DrawThemeParentBackground
 0002:00004994       DrawThemeText
 0001:000C5CBC       DrawTitleCell
 0001:0009B5BA       DsProviderGetDataPacket
 0001:0009B5B4       DsResolver
 0001:000292F0       DupBits
 0001:000152E4       DynArrayBounds
 0001:00004494       DynArrayClear
 0001:0001525C       DynArrayDim
 0001:00015240       DynArrayElTypeInfo
 0001:00015794       DynArrayFromVariant
 0001:00015200       DynArrayIndex
 0001:0000449C       DynArraySetLength
 0001:00015274       DynArraySize
 0001:00015444       DynArrayToVariant
 0001:000153A4       DynArrayVariantBounds
 0001:000153FC       DynArrayVarType
 0001:000A0B48       EDBEngineError.Create
 0001:000A0E64       EDBEngineError.Destroy
 0001:000A0EB8       EDBEngineError.GetError
 0002:000010A0       EdgeStyle
 0002:00000F68       EdgeStyles
 0002:00000DF4       EdgeStyles
 0002:00000CC0       EditStyles
 0001:0000BB64       EHeapException.FreeInstance
 0001:000CA8E0       EIdProtocolReplyError.CreateError
 0001:000CA928       EIdSocketError.CreateError
 0001:000CACD8       EIdWS2StubError.Build
 0001:00005E38       EmptyClipboard
 0001:00013FB0       EmptyCompare
 0002:00004800       EmptyParam
 0002:000000BC       EmptyStr
 0002:000000C0       EmptyWideStr
 0001:00005E40       EnableMenuItem
 0002:00001038       Enables
 0001:00005E48       EnableScrollBar
 0001:000700BC       EnableTaskWindows
 0002:00004A24       EnableThemeDialogTexture
 0002:00004A40       EnableTheming
 0001:00005E50       EnableWindow
 0001:0000999C       EncodeDate
 0001:000097FC       EncodeTime
 0001:0001B184       EndGlobalLoading
 0001:00098104       EndOfLiteral
 0001:00005E58       EndPaint
 0001:000031E8       EndThread
 0002:000021CC       EndType
 0001:00005848       EnterCriticalSection
 0001:00000424       EnterCriticalSection
 0001:00005850       EnumCalendarInfoA
 0001:00005E60       EnumClipboardFormats
 0002:00004924       EnumDisplayMonitors
 0001:0000B384       EnumEraNames
 0001:0000B3C0       EnumEraYearOffsets
 0001:000732C0       EnumMonitorsProc
 0001:00004C94       EnumResourceModules
 0001:00004C9C       EnumResourceModules
 0001:00007E24       EnumStringModules
 0001:00005E68       EnumThreadWindows
 0001:0001F09C       EnumValue
 0001:00005E70       EnumWindows
 0001:00081328       EOleException.Create
 0001:00081258       EOleSysError.Create
 0001:00005E78       EqualRect
 0002:00004754       EraNames
 0001:0000AA40       EraToYear
 0002:00004770       EraYearOffsets
 0002:00000064       errCaption
 0001:00099D48       ErrCat
 0001:0001E880       Error
 0001:0001A690       Error
 0001:000018E4       Error
 0001:00068158       Error
 0002:00000004       ErrorAddr
 0001:00001898       ErrorAt
 0001:0000BC10       ErrorHandler
 0002:00000220       ErrorMap
 0002:00004008       ErrorProc
 0002:000043E8       ErrOutput
 0001:00087924       EUpdateError.Create
 0001:000879C8       EUpdateError.Destroy
 0002:0000142C       Events
 0001:00001838       ExceptAddr
 0002:0000400C       ExceptClsProc
 0001:0000C084       ExceptHandler
 0001:0000B990       Exception.Create
 0001:0000B9CC       Exception.CreateFmt
 0001:0000BB1C       Exception.CreateHelp
 0001:0000BA4C       Exception.CreateRes
 0001:0000BA88       Exception.CreateResFmt
 0002:0000401C       ExceptionClass
 0001:0000B71C       ExceptionErrorMessage
 0002:00000258       ExceptMap
 0001:00001818       ExceptObject
 0002:00004010       ExceptObjProc
 0002:00004004       ExceptProc
 0001:00005B58       ExcludeClipRect
 0002:00000000       ExitCode
 0001:00002FC0       ExitDll
 0002:00004048       ExitProc
 0001:000002F0       ExitProcess
 0002:00004028       ExitProcessProc
 0002:00000134       ExitProcList
 0001:000002E8       ExitThread
 0001:000BE90C       ExpandDir
 0001:00008244       ExpandFileName
 0001:000D5F68       ExploreDataBase
 0001:0003AE44       ExtActns
 0001:00005B60       ExtCreatePen
 0001:00036E14       ExtCtrls
 0001:00039D04       ExtDlgs
 0002:00000E48       ExtendSelects
 0001:00087BA0       ExtractFieldName
 0001:000081FC       ExtractFileExt
 0001:000081C4       ExtractFileName
 0001:00008190       ExtractFilePath
 0001:000808D0       ExtractLiterals
 0001:00080524       ExtractMoneySymbol
 0002:000021E4       Exts
 0001:00005B68       ExtTextOut
 0002:00004790       FalseBoolStrs
 0001:00005858       FatalAppExitA
 0002:00004AC0       FClipboard
 0002:00000168       FCon1E18
 0002:00001294       FConst10
 0002:00004C90       FCSect
 0001:000CDCE4       Fetch
 0001:000CDBFC       FetchCaseInsensitive
 0002:00004EF8       FIdPorts
 0001:000C7334       FieldIsMapped
 0002:0000136C       FieldTypeNames
 0001:00008004       FileAge
 0001:00007FFC       FileClose
 0001:00007F64       FileCreate
 0001:00007F40       FileCreate
 0001:0000806C       FileExists
 0002:00000930       FileFormats
 0002:00000008       FileMode
 0001:00007EE8       FileOpen
 0001:00007F6C       FileRead
 0002:000005C0       FilerSignature
 0001:00007FC4       FileSeek
 0001:00005860       FileTimeToDosDateTime
 0001:00005868       FileTimeToLocalFileTime
 0001:00007F98       FileWrite
 0001:00000D54       FillAfterGap
 0001:00000D00       FillBeforeGap
 0001:000B9814       FillDWord
 0001:00000DEC       FillerSizeAfterGap
 0001:00000D7C       FillerSizeBeforeGap
 0001:00005E80       FillRect
 0002:00000C00       FillStyles
 0001:000B65BC       Finalization
 0001:000D32E8       Finalization
 0001:00052104       Finalization
 0001:000D32B0       Finalization
 0001:000AF0F4       Finalization
 0001:0000DAE0       Finalization
 0001:000D3278       Finalization
 0001:000AEB90       Finalization
 0001:000D2DD8       Finalization
 0001:00031F10       Finalization
 0001:000D116C       Finalization
 0001:00031F80       Finalization
 0001:00031FB8       Finalization
 0001:000053C4       Finalization
 0001:000D08F8       Finalization
 0001:00031FF0       Finalization
 0001:000AE4B4       Finalization
 0001:00032028       Finalization
 0001:000D08C0       Finalization
 0001:00032060       Finalization
 0001:000D0888       Finalization
 0001:000AE3FC       Finalization
 0001:000AC21C       Finalization
 0001:00032098       Finalization
 0001:000320D0       Finalization
 0001:000CFD30       Finalization
 0001:00032108       Finalization
 0001:000CFCF8       Finalization
 0001:00016888       Finalization
 0001:00032140       Finalization
 0001:000CF920       Finalization
 0001:00016AF4       Finalization
 0001:000055F4       Finalization
 0001:000CF7C4       Finalization
 0001:00099D10       Finalization
 0001:000056B0       Finalization
 0001:000CDE44       Finalization
 0001:000CA970       Finalization
 0001:000CE0E4       Finalization
 0001:000476C4       Finalization
 0001:0003340C       Finalization
 0001:0003AE4C       Finalization
 0001:00095C98       Finalization
 0001:00052D88       Finalization
 0001:0000E4C4       Finalization
 0001:0007B178       Finalization
 0001:000068D8       Finalization
 0001:000CE3D0       Finalization
 0001:00037568       Finalization
 0001:000374D4       Finalization
 0001:000CF420       Finalization
 0001:000CE504       Finalization
 0001:00036E94       Finalization
 0001:000184D0       Finalization
 0001:00036DCC       Finalization
 0001:0007B344       Finalization
 0001:000C9D34       Finalization
 0001:00006550       Finalization
 0001:0007B5B4       Finalization
 0001:00006518       Finalization
 0001:000CEB14       Finalization
 0001:000468D4       Finalization
 0001:0007C4FC       Finalization
 0001:00018400       Finalization
 0001:000671B8       Finalization
 0001:000CAC28       Finalization
 0001:000D33F0       Finalization
 0001:0003158C       Finalization
 0001:0002605C       Finalization
 0001:00025C30       Finalization
 0001:000D4DFC       Finalization
 0001:000D4E34       Finalization
 0001:00080FEC       Finalization
 0001:000CD8EC       Finalization
 0001:000D4E74       Finalization
 0001:000CBD40       Finalization
 0001:000313E0       Finalization
 0001:0006D734       Finalization
 0001:000CD87C       Finalization
 0001:0003ADF4       Finalization
 0001:000310BC       Finalization
 0001:0003AD9C       Finalization
 0001:00081064       Finalization
 0001:000CBD88       Finalization
 0001:00031084       Finalization
 0001:0003103C       Finalization
 0001:00051F9C       Finalization
 0001:000655F8       Finalization
 0001:0009DA14       Finalization
 0001:0009DA7C       Finalization
 0001:0009DB8C       Finalization
 0001:0003AD38       Finalization
 0001:000642C8       Finalization
 0001:00039C74       Finalization
 0001:0007A6C4       Finalization
 0001:0002EFE0       Finalization
 0001:00030054       Finalization
 0001:0002F1C0       Finalization
 0001:00030014       Finalization
 0001:00039CD4       Finalization
 0001:0002F478       Finalization
 0001:0002F894       Finalization
 0001:000CC7A0       Finalization
 0001:000C100C       Finalization
 0001:00081E2C       Finalization
 0001:000D5A44       Finalization
 0001:000D5B98       Finalization
 0001:000D5BD0       Finalization
 0001:0003ACD0       Finalization
 0001:0000448C       FinalizeArray
 0001:00002DF4       FinalizeUnits
 0001:0006BED8       Find
 0001:00021BD0       FindAncestor
 0001:00004858       FindBS
 0001:0001ABAC       FindClass
 0001:000047E0       FindClassHInstance
 0001:00005870       FindClose
 0001:00000300       FindClose
 0001:00000CD0       FindCommitted
 0001:00055684       FindControl
 0001:0006201C       FindControlAtPos
 0001:00016698       FindCustomVariantType
 0001:00016750       FindCustomVariantType
 0001:000570A4       FindDragTarget
 0001:0001FA9C       FindExistingComponent
 0001:00005878       FindFirstFile
 0001:00000308       FindFirstFile
 0001:00005880       FindFirstFileA
 0001:00070200       FindGlobalComponent
 0001:0001B014       FindGlobalComponent
 0002:00004864       FindGlobalComponentProcs
 0001:000047B8       FindHInstance
 0001:0001AEBC       FindIdentToInt
 0001:0001AE40       FindIntToIdent
 0002:00004A80       FindMsg
 0001:0001EC2C       FindNestedComponent
 0001:00068120       FindPopupControl
 0001:0000E18C       FindProc
 0001:00005888       FindResource
 0001:00004830       FindResourceHInstance
 0001:00079F18       FindScanline
 0001:00051B50       FindString
 0001:00007E60       FindStringResource
 0001:00070158       FindTopMostWindow
 0001:00020980       FindUniqueName
 0001:00014AF0       FindVarData
 0001:00057070       FindVCLWindow
 0001:00005E88       FindWindow
 0001:00052B68       FindWinHelp
 0001:0002C4EC       FixupBitFields
 0002:000010B0       Flags
 0002:000047A0       FLanguages
 0001:00031410       FlatSB
 0002:00004950       FlatSB_EnableScrollBar
 0002:0000495C       FlatSB_GetScrollInfo
 0002:00004960       FlatSB_GetScrollPos
 0002:00004958       FlatSB_GetScrollRange
 0002:00004968       FlatSB_SetScrollInfo
 0002:00004964       FlatSB_SetScrollPos
 0001:00031100       FlatSB_SetScrollProp
 0002:0000496C       FlatSB_SetScrollRange
 0002:00004954       FlatSB_ShowScrollBar
 0002:00002100       FldSubTypeMap
 0002:000020D8       FldTypeMap
 0001:000090CC       FloatToDecimal
 0001:0000940C       FloatToStr
 0001:0000946C       FloatToStrF
 0001:00008B04       FloatToText
 0001:00008DD8       FloatToTextFmt
 0001:00001BCC       Flush
 0002:0000017C       FMSecsPerDay
 0001:00081028       FMTBcd
 0002:00001260       FMTBcdVariantType
 0001:00008A00       FmtStr
 0002:000010CC       FocusCount
 0002:000010C8       FocusMessages
 0002:0000084C       FontCharsets
 0002:000048E0       FontManager
 0001:000701D4       ForegroundTask
 0002:00004F88       Form2
 0001:000089EC       Format
 0002:00000184       Format
 0001:00080F24       FormatBcd
 0001:000085F4       FormatBuf
 0001:000085E8       FormatClearStr
 0001:00009534       FormatCurr
 0001:0000856C       FormatError
 0002:00000160       FormatErrorStrs
 0001:000094DC       FormatFloat
 0001:0007B144       FormatMaskText
 0001:00005890       FormatMessage
 0001:00080B6C       FormatOneBcd
 0001:000085C4       FormatVarToStr
 0001:0007A720       Forms
 0001:000B85AC       ForwardMovement
 0001:00001F20       FPower10
 0002:00000980       FPrinter
 0001:0007F894       FractionToStr
 0001:00034D38       Frame3D
 0001:00005E90       FrameRect
 0001:0000D6C0       FreeAndNil
 0001:000A65E4       FreeBuffer
 0001:00000A3C       FreeCommitted
 0001:00000F5C       FreeCurAlloc
 0001:00057164       FreeDeviceContext
 0001:00057220       FreeDeviceContexts
 0001:000253DC       FreeIntConstList
 0001:000BF6D4       FreeItem
 0001:00005898       FreeLibrary
 0001:00000310       FreeLibrary
 0001:0002C048       FreeMemoryContexts
 0001:00025B30       FreeObjectInstance
 0001:00070294       FreeObjectInstance
 0001:000058B8       FreeResource
 0001:000006BC       FreeSpace
 0001:000A0178       FreeStatementLocale
 0001:0000D0EC       FreeTerminateProcs
 0001:000315C4       FreeThemeLibrary
 0001:000A0440       FreeTimer
 0002:00004B20       FRichEditModule
 0002:0000288C       GAntiFreeze
 0001:0000D1BC       GDAL
 0001:000292E0       GDICheck
 0001:00029238       GDIError
 0001:00001B30       Get8087CW
 0002:00004EC8       GetAcceptExSockaddrs
 0001:000058C0       GetACP
 0001:00005E98       GetActiveWindow
 0001:00077B34       GetAnimation
 0001:00032554       GetAveCharSize
 0001:00005B70       GetBitmapBits
 0001:0000043C       GetBlockDesc
 0001:00005B78       GetBrushOrgEx
 0001:00005EA0       GetCapture
 0001:000559A0       GetCaptureControl
 0001:00005EA8       GetCaretPos
 0001:0001AB58       GetClass
 0001:00005EB0       GetClassInfo
 0001:00005EB8       GetClassName
 0001:00005EC0       GetClientRect
 0001:00005EC8       GetClipboardData
 0001:0002ACB4       GetClipboardFormats
 0001:00005B80       GetClipBox
 0001:000003D8       GetCmdShow
 0001:00065850       GetColor
 0001:0003E5FC       GetComCtlVersion
 0001:00000318       GetCommandLine
 0001:00000888       GetCommitted
 0001:00000918       GetCommittedAt
 0001:00022F60       GetComponentValue
 0001:0005C970       GetControlAtPos
 0001:00009C74       GetCount
 0001:000058C8       GetCPInfo
 0001:000058D0       GetCurrentDirectoryA
 0001:00005B88       GetCurrentPositionEx
 0001:000058D8       GetCurrentProcessId
 0002:00004A34       GetCurrentThemeName
 0001:000058E0       GetCurrentThreadId
 0001:000003C8       GetCurrentThreadId
 0001:000062D4       GetCurrentTime
 0001:00005ED0       GetCursor
 0001:00079F28       GetCursorHeightMargin
 0001:00005ED8       GetCursorPos
 0001:00009CA0       GetDate
 0001:000058E8       GetDateFormat
 0001:0000A958       GetDateOrder
 0001:00005EE0       GetDC
 0001:00005EE8       GetDCEx
 0001:00005B90       GetDCOrgEx
 0001:000A7D14       GetDefaultExpression
 0001:0002EBF0       GetDefFontCharSet
 0001:0001C190       GetDesigner
 0001:00005EF0       GetDesktopWindow
 0001:00005BA8       GetDeviceCaps
 0001:0002A240       GetDIB
 0001:00005B98       GetDIBColorTable
 0001:00005BA0       GetDIBits
 0001:0002A188       GetDIBSizes
 0001:00029450       GetDInColors
 0001:000058F0       GetDiskFreeSpaceA
 0002:00000130       GetDiskFreeSpaceEx
 0001:000632D4       GetDockAlign
 0001:00056348       GetDockSiteAtPos
 0001:00005EF8       GetDoubleClickTime
 0001:00056674       GetDropCtl
 0001:000025A8       GetDynaMethod
 0001:00005BB0       GetEnhMetaFileBits
 0001:00005BB8       GetEnhMetaFileHeader
 0001:00005BC0       GetEnhMetaFilePaletteEntries
 0001:000173E0       GetEnumName
 0001:000174B8       GetEnumNameValue
 0001:00017764       GetEnumProp
 0001:00017504       GetEnumValue
 0001:0000B438       GetEraNamesAndYearOffsets
 0001:0000A9EC       GetEraYearOffset
 0001:000184BC       GetErrorInfo
 0001:000A0AD8       GetErrorString
 0001:0000BDD4       GetExceptionClass
 0001:0000BFB8       GetExceptionObject
 0001:000058F8       GetExitCodeThread
 0001:000CCDCC       GetFDSet
 0001:0001AAE0       GetFieldClassTable
 0001:000A7B74       GetFieldConstraint
 0001:000968E0       GetFieldInfo
 0001:00087B00       GetFieldProperty
 0001:0009FD90       GetFieldSource
 0001:0002AC94       GetFileFormats
 0001:00005900       GetFileSize
 0001:0000C228       GetFileVersion
 0001:00005AC0       GetFileVersionInfo
 0001:00005AC8       GetFileVersionInfoSize
 0001:00017E8C       GetFloatProp
 0001:00005F00       GetFocus
 0001:00027B7C       GetFontData
 0001:00005F08       GetForegroundWindow
 0001:00080E60       GetFormat
 0001:0000CB70       GetFormatSettings
 0001:00005908       GetFullPathName
 0001:000270E8       GetHashCode
 0001:000A3664       GetHashCode
 0001:000750AC       GetHelpInfo
 0001:000304D4       GetHelpSystem
 0001:00077918       GetHint
 0001:00077950       GetHintControl
 0002:00004D70       gethostbyaddr
 0002:00004D74       gethostbyname
 0002:00004D78       gethostname
 0001:0006D5D4       GetHotkey
 0001:00005F10       GetIconInfo
 0001:00081970       GetIDsOfNames
 0001:000AB600       GetIdx
 0001:000182A8       GetInt64Prop
 0001:0001830C       GetInterfaceProp
 0001:000A086C       GetIntProp
 0001:00005F28       GetKeyboardLayout
 0001:00005F30       GetKeyboardLayoutList
 0001:00005F38       GetKeyboardState
 0001:0000220C       GetKeyboardType
 0001:00005F18       GetKeyNameText
 0001:00005F20       GetKeyState
 0001:00005F40       GetLastActivePopup
 0001:0006159C       GetLastChildZone
 0001:00005910       GetLastError
 0001:0000B1FC       GetLocaleChar
 0001:00000320       GetLocaleInfo
 0001:00005920       GetLocaleInfo
 0001:0000B1B0       GetLocaleStr
 0001:00005918       GetLocalTime
 0001:00055908       GetLongHint
 0001:00017B34       GetLongStrProp
 0001:00005F48       GetMenu
 0001:00075034       GetMenuHelpContext
 0001:00005F50       GetMenuItemCount
 0001:00005F58       GetMenuItemID
 0001:00005F60       GetMenuItemInfo
 0001:0006A724       GetMenuSize
 0001:00005F68       GetMenuState
 0001:00005F70       GetMenuString
 0001:00005F78       GetMessageTime
 0001:00018230       GetMethodProp
 0001:00000328       GetModuleFileName
 0001:00005928       GetModuleFileName
 0001:00000330       GetModuleHandle
 0001:00005930       GetModuleHandle
 0001:000054EC       GetModuleHandle
 0001:00005938       GetModuleHandleA
 0002:00004918       GetMonitorInfo
 0002:0000491C       GetMonitorInfoA
 0002:00004920       GetMonitorInfoW
 0001:0000B260       GetMonthDayNames
 0001:00005BC8       GetNearestColor
 0001:00005F80       GetNextWindow
 0001:00005BD0       GetObject
 0002:00004C88       GetObjectContextProc
 0001:00017694       GetOrdProp
 0001:00005BD8       GetPaletteEntries
 0001:0009FF90       GetParamData
 0001:0009FEF0       GetParamDataSize
 0001:000019C4       GetParamStr
 0001:00005F88       GetParent
 0001:00070408       GetParentForm
 0001:0009FC20       GetPChar
 0001:000A7B5C       GetPChar
 0001:00096770       GetPChar
 0002:00004D28       getpeername
 0001:00005BE0       GetPixel
 0001:00005940       GetPrivateProfileString
 0001:00005948       GetProcAddress
 0001:00000338       GetProcAddress
 0001:00005F90       GetProp
 0001:000175D8       GetPropInfo
 0001:00017568       GetPropInfo
 0001:00016D80       GetPropInfo
 0001:00016D60       GetPropInfo
 0001:00017610       GetPropInfos
 0001:00016DA0       GetPropValue
 0002:00004D88       getprotobyname
 0002:00004D84       getprotobynumber
 0001:000708C8       GetRealScrollPosition
 0001:00065830       GetRGBColor
 0001:00005F98       GetScrollInfo
 0001:00005FA0       GetScrollPos
 0001:00005FA8       GetScrollRange
 0002:00004D80       getservbyname
 0002:00004D7C       getservbyport
[...]
 0002:000045EC       spaceRoot
 0002:000045FC       decommittedRoot
 0002:0000460C       avail
 0002:00004618       rover
 0002:0000461C       remBytes
 0002:00004620       curAlloc
 0002:00004624       smallTab
 0002:00004628       committedRoot
 0002:00004638       InitContext
 0002:00004664       ModuleIsLib
 0002:00004665       ModuleIsCpp
 0002:00004668       HInstance
 0002:0000466C       .1
 0002:00004670       tlsBuffer
 0002:00004674       .1
 0002:00004678       .3
 0002:0000467C       .1
 0002:00004680       .1
 0002:00004684       CurrencyString
 0002:00004688       CurrencyFormat
 0002:00004689       NegCurrFormat
 0002:0000468A       ThousandSeparator
 0002:0000468B       DecimalSeparator
 0002:0000468C       CurrencyDecimals
 0002:0000468D       DateSeparator
 0002:00004690       ShortDateFormat
 0002:00004694       LongDateFormat
 0002:00004698       TimeSeparator
 0002:0000469C       TimeAMString
 0002:000046A0       TimePMString
 0002:000046A4       ShortTimeFormat
 0002:000046A8       LongTimeFormat
 0002:000046AC       ShortMonthNames
 0002:000046DC       LongMonthNames
 0002:0000470C       ShortDayNames
 0002:00004728       LongDayNames
 0002:00004744       SysLocale
 0002:00004752       ListSeparator
 0002:00004754       EraNames
 0002:00004770       EraYearOffsets
 0002:0000478C       TrueBoolStrs
 0002:00004790       FalseBoolStrs
 0002:00004794       .35
 0002:00004798       OutOfMemory
 0002:0000479C       InvalidPointer
 0002:000047A0       FLanguages
 0002:000047A4       VariantChangeTypeEx
 0002:000047A8       VarNeg
 0002:000047AC       VarNot
 0002:000047B0       VarAdd
 0002:000047B4       VarSub
 0002:000047B8       VarMul
 0002:000047BC       VarDiv
 0002:000047C0       VarIDiv
 0002:000047C4       VarMod
 0002:000047C8       VarAnd
 0002:000047CC       VarOr
 0002:000047D0       VarXor
 0002:000047D4       VarCmp
 0002:000047D8       VarI4FromStr
 0002:000047DC       VarR4FromStr
 0002:000047E0       VarR8FromStr
 0002:000047E4       VarDateFromStr
 0002:000047E8       VarCyFromStr
 0002:000047EC       VarBoolFromStr
 0002:000047F0       VarBstrFromCy
 0002:000047F4       VarBstrFromDate
 0002:000047F8       VarBstrFromBool
 0002:000047FC       .5
 0002:00004800       EmptyParam
 0002:00004810       VarDispProc
 0002:00004814       ClearAnyProc
 0002:00004818       ChangeAnyProc
 0002:0000481C       RefAnyProc
 0002:00004820       .81
 0002:00004824       LVarTypes
 0002:00004828       LVarTypeSync
 0002:00004840       .1
 0002:00004844       .6
 0002:00004848       .3
 0002:0000484C       GlobalNameSpace
 0002:00004850       IsUniqueGlobalComponentNameProc
 0002:00004854       SyncEvent
 0002:00004858       .45
 0002:0000485C       IntConstList
 0002:00004860       RegGroups
 0002:00004864       FindGlobalComponentProcs
 0002:00004868       GlobalFixupList
 0002:0000486C       ThreadLock
 0002:00004884       ThreadCount
 0002:00004888       InstBlockList
 0002:0000488C       InstFreeList
 0002:00004890       .1
 0002:00004894       SystemPalette16
 0002:00004898       .12
 0002:0000489C       ScreenLogPixels
 0002:000048A0       StockPen
 0002:000048A4       StockBrush
 0002:000048A8       StockFont
 0002:000048AC       StockIcon
 0002:000048B0       BitmapImageLock
 0002:000048C8       CounterLock
 0002:000048E0       FontManager
 0002:000048E4       PenManager
 0002:000048E8       BrushManager
 0002:000048EC       CanvasList
 0002:000048F0       PatternManager
 0002:000048F4       .2
 0002:000048F8       .21
 0002:000048FC       .1
 0002:00004900       ComCtl32DLL
 0002:00004904       _InitCommonControlsEx
 0002:00004908       GetSystemMetrics
 0002:0000490C       MonitorFromWindow
 0002:00004910       MonitorFromRect
 0002:00004914       MonitorFromPoint
 0002:00004918       GetMonitorInfo
 0002:0000491C       GetMonitorInfoA
 0002:00004920       GetMonitorInfoW
 0002:00004924       EnumDisplayMonitors
 0002:00004928       .1
 0002:0000492C       User32Dll
 0002:00004930       InitApis
 0002:00004938       MMAvailable
 0002:0000493C       .1
 0002:00004940       .2
 0002:00004944       HelpManager
 0002:00004948       .3
 0002:0000494C       .3
 0002:00004950       FlatSB_EnableScrollBar
 0002:00004954       FlatSB_ShowScrollBar
 0002:00004958       FlatSB_GetScrollRange
 0002:0000495C       FlatSB_GetScrollInfo
 0002:00004960       FlatSB_GetScrollPos
 0002:00004964       FlatSB_SetScrollPos
 0002:00004968       FlatSB_SetScrollInfo
 0002:0000496C       FlatSB_SetScrollRange
 0002:00004970       .1
 0002:00004974       _FlatSB_GetScrollProp
 0002:00004978       _FlatSB_SetScrollProp
 0002:0000497C       _InitializeFlatSB
 0002:00004980       _UninitializeFlatSB
 0002:00004984       .6
 0002:00004988       OpenThemeData
 0002:0000498C       CloseThemeData
 0002:00004990       DrawThemeBackground
 0002:00004994       DrawThemeText
 0002:00004998       GetThemeBackgroundContentRect
 0002:0000499C       GetThemeBackgroundExtent
 0002:000049A0       GetThemePartSize
 0002:000049A4       GetThemeTextExtent
 0002:000049A8       GetThemeTextMetrics
 0002:000049AC       GetThemeBackgroundRegion
 0002:000049B0       HitTestThemeBackground
 0002:000049B4       DrawThemeEdge
 0002:000049B8       DrawThemeIcon
 0002:000049BC       IsThemePartDefined
 0002:000049C0       IsThemeBackgroundPartiallyTransparent
 0002:000049C4       GetThemeColor
 0002:000049C8       GetThemeMetric
 0002:000049CC       GetThemeString
 0002:000049D0       GetThemeBool
 0002:000049D4       GetThemeInt
 0002:000049D8       GetThemeEnumValue
 0002:000049DC       GetThemePosition
 0002:000049E0       GetThemeFont
 0002:000049E4       GetThemeRect
 0002:000049E8       GetThemeMargins
 0002:000049EC       GetThemeIntList
 0002:000049F0       GetThemePropertyOrigin
 0002:000049F4       SetWindowTheme
 0002:000049F8       GetThemeFilename
 0002:000049FC       GetThemeSysColor
 0002:00004A00       GetThemeSysColorBrush
 0002:00004A04       GetThemeSysBool
 0002:00004A08       GetThemeSysSize
 0002:00004A0C       GetThemeSysFont
 0002:00004A10       GetThemeSysString
 0002:00004A14       GetThemeSysInt
 0002:00004A18       IsThemeActive
 0002:00004A1C       IsAppThemed
 0002:00004A20       GetWindowTheme
 0002:00004A24       EnableThemeDialogTexture
 0002:00004A28       IsThemeDialogTextureEnabled
 0002:00004A2C       GetThemeAppProperties
 0002:00004A30       SetThemeAppProperties
 0002:00004A34       GetCurrentThemeName
 0002:00004A38       GetThemeDocumentationProperty
 0002:00004A3C       DrawThemeParentBackground
 0002:00004A40       EnableTheming
 0002:00004A44       .1
 0002:00004A48       ThemeLibrary
 0002:00004A4C       ReferenceCount
 0002:00004A50       Lock
 0002:00004A54       .1
 0002:00004A58       .4
 0002:00004A5C       .1
 0002:00004A60       .1
 0002:00004A64       .1
 0002:00004A68       .1
 0002:00004A6C       .1
 0002:00004A70       .1
 0002:00004A74       .1
 0002:00004A78       .11
 0002:00004A7C       HelpMsg
 0002:00004A80       FindMsg
 0002:00004A84       ButtonWidths
 0002:00004AB0       .12
 0002:00004AB4       .1
 0002:00004AB8       CF_PICTURE
 0002:00004ABA       CF_COMPONENT
 0002:00004ABC       .2
 0002:00004AC0       FClipboard
 0002:00004AC4       .1
 0002:00004AC8       .4
 0002:00004ACC       BitBtnGlyphs
 0002:00004AF8       .3
 0002:00004AFC       .8
 0002:00004B00       .5
 0002:00004B04       .1
 0002:00004B08       .72
 0002:00004B0C       UrlMonHandle
 0002:00004B10       UrlMonInitialized
 0002:00004B14       .8
 0002:00004B18       .36
 0002:00004B1C       ShellModule
 0002:00004B20       FRichEditModule
 0002:00004B24       ComCtlVersion
 0002:00004B28       .2
 0002:00004B2C       InternalServices
 0002:00004B30       .42
 0002:00004B34       .73
 0002:00004B38       WinHelpTester
 0002:00004B3C       ViewerName
 0002:00004B40       .1
 0002:00004B44       HelpViewer
 0002:00004B48       HelpViewerIntf
 0002:00004B4C       Mouse
 0002:00004B50       NewStyleControls
 0002:00004B54       .72
 0002:00004B58       WindowAtom
 0002:00004B5A       ControlAtom
 0002:00004B5C       WindowAtomString
 0002:00004B60       ControlAtomString
 0002:00004B64       RM_GetObjectInstance
 0002:00004B68       DragControl
 0002:00004B6C       DragObject
 0002:00004B70       DragInternalObject
 0002:00004B74       DragCapture
 0002:00004B78       DragStartPos
 0002:00004B80       DragSaveCursor
 0002:00004B84       DragThreshold
 0002:00004B88       ActiveDrag
 0002:00004B8C       DragImageList
 0002:00004B90       DockSiteList
 0002:00004B94       QualifyingSites
 0002:00004B98       DragSave
 0002:00004B9C       CanvasList
 0002:00004BA0       _WINNLSEnableIME
 0002:00004BA4       _ImmGetContext
 0002:00004BA8       _ImmReleaseContext
 0002:00004BAC       _ImmGetConversionStatus
 0002:00004BB0       _ImmSetConversionStatus
 0002:00004BB4       _ImmSetOpenStatus
 0002:00004BB8       _ImmSetCompositionWindow
 0002:00004BBC       _ImmSetCompositionFont
 0002:00004BC0       _ImmGetCompositionString
 0002:00004BC4       _ImmIsIME
 0002:00004BC8       _ImmNotifyIME
 0002:00004BCC       .8
 0002:00004BD0       .3
 0002:00004BD4       CachedComCtrlVer
 0002:00004BD8       ImageListWriteExProc
 0002:00004BDC       PopupList
 0002:00004BE0       ShortCutItems
 0002:00004BE4       .9
 0002:00004BE8       CommandPool
 0002:00004BEC       Application
 0002:00004BF0       Screen
 0002:00004BF4       .41
 0002:00004BF8       RM_TaskbarCreated
 0002:00004BFC       HintThreadID
 0002:00004C00       HintDoneEvent
 0002:00004C04       HintHook
 0002:00004C08       HintThread
 0002:00004C0C       .2
 0002:00004C10       .1
 0002:00004C14       .1
 0002:00004C18       .1
 0002:00004C1C       .3
 0002:00004C20       .1
 0002:00004C24       .41
 0002:00004C28       OleUninitializing
 0002:00004C2C       ComClassManagerVar
 0002:00004C30       SaveInitProc
 0002:00004C34       NeedToUninitialize
 0002:00004C38       LoginDialogProc
 0002:00004C3C       LoginDialogExProc
 0002:00004C40       RemoteLoginDialogProc
 0002:00004C44       ScreenCursorProc
 0002:00004C48       PasswordDialog
 0002:00004C4C       DBScreen
 0002:00004C50       DBApplication
 0002:00004C54       .36
 0002:00004C58       .3
 0002:00004C5C       .1
 0002:00004C60       ..
 0002:00004C78       .1
 0002:00004C7C       .1
 0002:00004C80       Session
 0002:00004C84       Sessions
 0002:00004C88       GetObjectContextProc
 0002:00004C8C       .22
 0002:00004C90       FCSect
 0002:00004CA8       CSNativeToAnsi
 0002:00004CC0       CSAnsiToNative
 0002:00004CD8       BDEInitProcs
 0002:00004CDC       SaveInitProc
 0002:00004CE0       NeedToUninitialize
 0002:00004CE4       .5
 0002:00004CE8       .1
 0002:00004CEC       .2
 0002:00004CF0       .2
 0002:00004CF4       .22
 0002:00004CF8       .11
 0002:00004CFC       .9
 0002:00004D00       DrawBitmap
 0002:00004D04       UserCount
 0002:00004D08       .64
 0002:00004D0C       .1
 0002:00004D10       WSACleanup
 0002:00004D14       accept
 0002:00004D18       bind
 0002:00004D1C       closesocket
 0002:00004D20       connect
 0002:00004D24       ioctlsocket
 0002:00004D28       getpeername
 0002:00004D2C       getsockname
 0002:00004D30       getsockopt
 0002:00004D34       htonl
 0002:00004D38       htons
 0002:00004D3C       inet_addr
 0002:00004D40       inet_ntoa
 0002:00004D44       listen
 0002:00004D48       ntohl
 0002:00004D4C       ntohs
 0002:00004D50       recv
 0002:00004D54       recvfrom
 0002:00004D58       select
 0002:00004D5C       send
 0002:00004D60       sendto
 0002:00004D64       setsockopt
 0002:00004D68       shutdown
 0002:00004D6C       socket
 0002:00004D70       gethostbyaddr
 0002:00004D74       gethostbyname
 0002:00004D78       gethostname
 0002:00004D7C       getservbyport
 0002:00004D80       getservbyname
 0002:00004D84       getprotobynumber
 0002:00004D88       getprotobyname
 0002:00004D8C       WSASetLastError
 0002:00004D90       WSAGetLastError
 0002:00004D94       WSAIsBlocking
 0002:00004D98       WSAUnhookBlockingHook
 0002:00004D9C       WSASetBlockingHook
 0002:00004DA0       WSACancelBlockingCall
 0002:00004DA4       WSAAsyncGetServByName
 0002:00004DA8       WSAAsyncGetServByPort
 0002:00004DAC       WSAAsyncGetProtoByName
 0002:00004DB0       WSAAsyncGetProtoByNumber
 0002:00004DB4       WSAAsyncGetHostByName
 0002:00004DB8       WSAAsyncGetHostByAddr
 0002:00004DBC       WSACancelAsyncRequest
 0002:00004DC0       WSAAsyncSelect
 0002:00004DC4       __WSAFDIsSet
 0002:00004DC8       WSAAccept
 0002:00004DCC       WSACloseEvent
 0002:00004DD0       WSAConnect
 0002:00004DD4       WSACreateEvent
 0002:00004DD8       WSADuplicateSocketA
 0002:00004DDC       WSADuplicateSocketW
 0002:00004DE0       WSADuplicateSocket
 0002:00004DE4       WSAEnumNetworkEvents
 0002:00004DE8       WSAEnumProtocolsA
 0002:00004DEC       WSAEnumProtocolsW
 0002:00004DF0       WSAEnumProtocols
 0002:00004DF4       WSAEventSelect
 0002:00004DF8       WSAGetOverlappedResult
 0002:00004DFC       WSAGetQosByName
 0002:00004E00       WSAHtonl
 0002:00004E04       WSAHtons
 0002:00004E08       WSAIoctl
 0002:00004E0C       WSAJoinLeaf
 0002:00004E10       WSANtohl
 0002:00004E14       WSANtohs
 0002:00004E18       WSARecv
 0002:00004E1C       WSARecvDisconnect
 0002:00004E20       WSARecvFrom
 0002:00004E24       WSAResetEvent
 0002:00004E28       WSASend
 0002:00004E2C       WSASendDisconnect
 0002:00004E30       WSASendTo
 0002:00004E34       WSASetEvent
 0002:00004E38       WSASocketA
 0002:00004E3C       WSASocketW
 0002:00004E40       WSASocket
 0002:00004E44       WSAWaitForMultipleEvents
 0002:00004E48       WSAAddressToStringA
 0002:00004E4C       WSAAddressToStringW
 0002:00004E50       WSAAddressToString
 0002:00004E54       WSAStringToAddressA
 0002:00004E58       WSAStringToAddressW
 0002:00004E5C       WSAStringToAddress
 0002:00004E60       WSALookupServiceBeginA
 0002:00004E64       WSALookupServiceBeginW
 0002:00004E68       WSALookupServiceBegin
 0002:00004E6C       WSALookupServiceNextA
 0002:00004E70       WSALookupServiceNextW
 0002:00004E74       WSALookupServiceNext
 0002:00004E78       WSALookupServiceEnd
 0002:00004E7C       WSAInstallServiceClassA
 0002:00004E80       WSAInstallServiceClassW
 0002:00004E84       WSAInstallServiceClass
 0002:00004E88       WSARemoveServiceClass
 0002:00004E8C       WSAGetServiceClassInfoA
 0002:00004E90       WSAGetServiceClassInfoW
 0002:00004E94       WSAGetServiceClassInfo
 0002:00004E98       WSAEnumNameSpaceProvidersA
 0002:00004E9C       WSAEnumNameSpaceProvidersW
 0002:00004EA0       WSAEnumNameSpaceProviders
 0002:00004EA4       WSAGetServiceClassNameByClassIdA
 0002:00004EA8       WSAGetServiceClassNameByClassIdW
 0002:00004EAC       WSAGetServiceClassNameByClassId
 0002:00004EB0       WSASetServiceA
 0002:00004EB4       WSASetServiceW
 0002:00004EB8       WSASetService
 0002:00004EBC       WSAProviderConfigChange
 0002:00004EC0       TransmitFile
 0002:00004EC4       AcceptEx
 0002:00004EC8       GetAcceptExSockaddrs
 0002:00004ECC       WSARecvEx
 0002:00004ED0       .3
 0002:00004ED4       WS2_WSAStartup
 0002:00004ED8       .1
 0002:00004EDC       GSocketListClass
 0002:00004EE0       .6
 0002:00004EE4       .3
 0002:00004EE8       .3
 0002:00004EEC       IndyFalseBoolStrs
 0002:00004EF0       IndyTrueBoolStrs
 0002:00004EF4       .11
 0002:00004EF8       FIdPorts
 0002:00004EFC       ATempPath
 0002:00004F00       .2
 0002:00004F04       .2
 0002:00004F08       .2
 0002:00004F0C       .3
 0002:00004F10       GStackCriticalSection
 0002:00004F14       .9
 0002:00004F18       .4
 0002:00004F1C       .2
 0002:00004F20       .3
 0002:00004F24       .1
 0002:00004F28       .2
 0002:00004F2C       .2
 0002:00004F30       .3
 0002:00004F34       .2
 0002:00004F38       .31
 0002:00004F3C       .2
 0002:00004F40       .1
 0002:00004F44       .1
 0002:00004F48       .3
 0002:00004F4C       PixPerInch
 0002:00004F54       CFObjectDescriptor
 0002:00004F58       CFEmbeddedObject
 0002:00004F5C       CFLinkSource
 0002:00004F60       DataFormats
 0002:00004F88       Form2
 0002:00004F8C       .2
 0002:00004F90       .1
 0002:00004F94       .1
 0002:00004F98       .4
 0002:00004F9C       DataBaseExplorer
 0002:00004FA0       .2


Line numbers for Unit2(Unit2.pas) segment .text

   200 0001:000D4110   201 0001:000D412F   202 0001:000D4149   203 0001:000D4156
   205 0001:000D4162   207 0001:000D416C   209 0001:000D4171   210 0001:000D417F
   211 0001:000D418D   212 0001:000D41A5   213 0001:000D41BC   214 0001:000D41C5
   215 0001:000D41E1   216 0001:000D41FA   218 0001:000D421D   220 0001:000D4252
   216 0001:000D4253   222 0001:000D4265   223 0001:000D426F   226 0001:000D4290
   228 0001:000D4298   229 0001:000D42AD   231 0001:000D42C5   232 0001:000D42DF
   233 0001:000D42F9   234 0001:000D4313   235 0001:000D432D   237 0001:000D4347
   239 0001:000D4374   241 0001:000D4389   242 0001:000D43A3   243 0001:000D43BD
   245 0001:000D43D7   246 0001:000D43EC   247 0001:000D4403   248 0001:000D441D
   249 0001:000D4437   250 0001:000D4451   251 0001:000D446B   252 0001:000D4485
   253 0001:000D449F   254 0001:000D44B9   255 0001:000D44D3   256 0001:000D44ED
   257 0001:000D4507   258 0001:000D4521   259 0001:000D453B   261 0001:000D4555
   262 0001:000D456F   263 0001:000D4589   264 0001:000D45A3   265 0001:000D45BD
   266 0001:000D45D7   267 0001:000D45F1   269 0001:000D460B   270 0001:000D464A
   274 0001:000D48E4   275 0001:000D48EE   282 0001:000D4900   283 0001:000D4925
   284 0001:000D493F   285 0001:000D4946   286 0001:000D496C   287 0001:000D4980
   288 0001:000D49B3   289 0001:000D49BA   290 0001:000D49BF   292 0001:000D49D3
   293 0001:000D4A01   294 0001:000D4A1C   296 0001:000D4A35   297 0001:000D4A3B
   299 0001:000D4A54   300 0001:000D4A68   301 0001:000D4A75   304 0001:000D4ABA
   289 0001:000D4ABB   305 0001:000D4AC4   288 0001:000D4AC7   306 0001:000D4AF3
   311 0001:000D4B08   312 0001:000D4B20   313 0001:000D4B2C   315 0001:000D4B38
   316 0001:000D4B5A   317 0001:000D4B70   318 0001:000D4BA1   322 0001:000D4BC0
   323 0001:000D4BCB   328 0001:000D4BCC   329 0001:000D4BD1   330 0001:000D4BD6
   332 0001:000D4BDB   334 0001:000D4BEF   330 0001:000D4BF0   335 0001:000D4BF5
   329 0001:000D4BF6   336 0001:000D4BFB   337 0001:000D4C09   342 0001:000D4C1C
   343 0001:000D4C21   344 0001:000D4C26   346 0001:000D4C2B   348 0001:000D4C3F
   344 0001:000D4C40   349 0001:000D4C45   343 0001:000D4C46   350 0001:000D4C4B
   351 0001:000D4C59   356 0001:000D4C6C   359 0001:000D4C75   361 0001:000D4C87
   362 0001:000D4C8C   364 0001:000D4C91   366 0001:000D4CA5   362 0001:000D4CA6
   367 0001:000D4CAB   361 0001:000D4CAC   371 0001:000D4CB1   374 0001:000D4CDF
   376 0001:000D4D0A   378 0001:000D4D1E   372 0001:000D4D1F   379 0001:000D4D22
   369 0001:000D4D23   380 0001:000D4D28   382 0001:000D4D36   387 0001:000D4D58
   390 0001:000D4D61   393 0001:000D4D8F   395 0001:000D4DBA   397 0001:000D4DCE
   391 0001:000D4DCF   398 0001:000D4DD2   388 0001:000D4DD3   399 0001:000D4DD8
   400 0001:000D4DE6   402 0001:000D4E2C   402 0001:000D4E33

Line numbers for Unit1(Unit1.pas) segment .text

    31 0001:000D5B70    32 0001:000D5B86    33 0001:000D5B95    35 0001:000D5BC8
    35 0001:000D5BCF

Line numbers for ExploreDataBase(E:\Projekte\DataBase\ExploreDataBase.dpr) segment .text

    10 0001:000D5F68    11 0001:000D5F78    12 0001:000D5F84    13 0001:000D5F9C
    14 0001:000D5FB4    15 0001:000D5FC0

Bound resource files

e:\program files (x86)\borland\delphi7\Lib\Buttons.res
e:\program files (x86)\borland\delphi7\Lib\ExtDlgs.res
e:\program files (x86)\borland\delphi7\Lib\Controls.res
e:\program files (x86)\borland\delphi7\Lib\DBLogDlg.dfm
e:\program files (x86)\borland\delphi7\Lib\DBPWDlg.dfm
e:\program files (x86)\borland\delphi7\Lib\DBCtrls.res
e:\program files (x86)\borland\delphi7\Lib\DBGrids.res
Unit2.dfm
Unit1.DFM
ExploreDataBase.res
ExploreDataBase.drf


Program entry point at 0001:000D5F68
